Component: ARM Compiler 5.06 update 6 (build 750) Tool: armlink [4d35ed]

==============================================================================

Section Cross References

    system_stm32f4xx.o(i.SystemCoreClockUpdate) refers to system_stm32f4xx.o(.data) for SystemCoreClock
    system_stm32f4xx.o(i.SystemInit) refers to system_stm32f4xx.o(i.SetSysClock) for SetSysClock
    stm32f4xx_it.o(i.CAN1_RX0_IRQHandler) refers to stm32f4xx_can.o(i.CAN_GetITStatus) for CAN_GetITStatus
    stm32f4xx_it.o(i.CAN1_RX0_IRQHandler) refers to stm32f4xx_can.o(i.CAN_ClearITPendingBit) for CAN_ClearITPendingBit
    stm32f4xx_it.o(i.CAN1_RX0_IRQHandler) refers to stm32f4xx_can.o(i.CAN_ClearFlag) for CAN_ClearFlag
    stm32f4xx_it.o(i.CAN1_RX0_IRQHandler) refers to stm32f4xx_can.o(i.CAN_Receive) for CAN_Receive
    stm32f4xx_it.o(i.CAN1_TX_IRQHandler) refers to stm32f4xx_can.o(i.CAN_GetITStatus) for CAN_GetITStatus
    stm32f4xx_it.o(i.CAN1_TX_IRQHandler) refers to stm32f4xx_can.o(i.CAN_ClearITPendingBit) for CAN_ClearITPendingBit
    stm32f4xx_it.o(i.SysTick_Handler) refers to drv_systick.o(.data) for E_COUNTER
    stm32f4xx_it.o(i.TIM2_IRQHandler) refers to stm32f4xx_tim.o(i.TIM_GetITStatus) for TIM_GetITStatus
    stm32f4xx_it.o(i.TIM2_IRQHandler) refers to stm32f4xx_tim.o(i.TIM_ClearITPendingBit) for TIM_ClearITPendingBit
    stm32f4xx_it.o(i.TIM2_IRQHandler) refers to bsp_led.o(i.LED_Task) for LED_Task
    stm32f4xx_it.o(i.TIM3_IRQHandler) refers to stm32f4xx_tim.o(i.TIM_GetITStatus) for TIM_GetITStatus
    stm32f4xx_it.o(i.TIM3_IRQHandler) refers to stm32f4xx_tim.o(i.TIM_ClearITPendingBit) for TIM_ClearITPendingBit
    stm32f4xx_it.o(i.TIM3_IRQHandler) refers to bsp_ad7190.o(i.AD7190_Task) for AD7190_Task
    stm32f4xx_it.o(i.USART1_IRQHandler) refers to stm32f4xx_usart.o(i.USART_GetFlagStatus) for USART_GetFlagStatus
    stm32f4xx_it.o(i.USART1_IRQHandler) refers to stm32f4xx_usart.o(i.USART_ClearITPendingBit) for USART_ClearITPendingBit
    stm32f4xx_it.o(i.USART2_IRQHandler) refers to bsp_joystick.o(i.RemoteAnalyzeTask) for RemoteAnalyzeTask
    stm32f4xx_it.o(i.USART3_IRQHandler) refers to stm32f4xx_usart.o(i.USART_GetFlagStatus) for USART_GetFlagStatus
    stm32f4xx_it.o(i.USART3_IRQHandler) refers to stm32f4xx_usart.o(i.USART_ClearITPendingBit) for USART_ClearITPendingBit
    stm32f4xx_it.o(i.USART6_IRQHandler) refers to stm32f4xx_usart.o(i.USART_GetFlagStatus) for USART_GetFlagStatus
    stm32f4xx_it.o(i.USART6_IRQHandler) refers to stm32f4xx_usart.o(i.USART_ClearITPendingBit) for USART_ClearITPendingBit
    stm32f4xx_it.o(i.USART6_IRQHandler) refers to stm32f4xx_usart.o(i.USART_ReceiveData) for USART_ReceiveData
    stm32f4xx_it.o(i.USART6_IRQHandler) refers to gyro.o(i.Get_Gyro_Info) for Get_Gyro_Info
    main.o(i.main) refers to init.o(i.System_Init) for System_Init
    init.o(i.System_Init) refers to system_stm32f4xx.o(i.SystemInit) for SystemInit
    init.o(i.System_Init) refers to misc.o(i.NVIC_PriorityGroupConfig) for NVIC_PriorityGroupConfig
    init.o(i.System_Init) refers to drv_systick.o(i.SysTick_Init) for SysTick_Init
    init.o(i.System_Init) refers to drv_uart.o(i.USART1_Init) for USART1_Init
    init.o(i.System_Init) refers to drv_uart.o(i.USART2_Init) for USART2_Init
    init.o(i.System_Init) refers to drv_uart.o(i.USART6_Init) for USART6_Init
    init.o(i.System_Init) refers to bsp_ad7190.o(i.AD7190_Init) for AD7190_Init
    init.o(i.System_Init) refers to drv_uart.o(i.Serial_Send) for Serial_Send
    init.o(i.System_Init) refers to drv_systick.o(i.delay_ms) for delay_ms
    init.o(i.System_Init) refers to bsp_ad7190.o(i.AD7190_Unipolar_Multichannel_Conf) for AD7190_Unipolar_Multichannel_Conf
    init.o(i.System_Init) refers to bsp_ad7190.o(i.Set_ADC_flag) for Set_ADC_flag
    init.o(i.System_Init) refers to bsp_ad7190.o(i.Set_bias_data) for Set_bias_data
    init.o(i.System_Init) refers to drv_timer.o(i.TIM2_Init) for TIM2_Init
    init.o(i.System_Init) refers to drv_timer.o(i.TIM3_Init) for TIM3_Init
    init.o(i.System_Init) refers to bsp_led.o(i.LED_Init) for LED_Init
    init.o(i.System_Init) refers to bsp_key.o(i.Key_Init) for Key_Init
    drv_spi.o(i.drv_spi_init) refers to drv_gpio.o(i.GPIO_Format_Init) for GPIO_Format_Init
    drv_spi.o(i.drv_spi_init) refers to stm32f4xx_gpio.o(i.GPIO_PinAFConfig) for GPIO_PinAFConfig
    drv_spi.o(i.drv_spi_init) refers to stm32f4xx_gpio.o(i.GPIO_SetBits) for GPIO_SetBits
    drv_spi.o(i.drv_spi_init) refers to stm32f4xx_spi.o(i.SPI_I2S_DeInit) for SPI_I2S_DeInit
    drv_spi.o(i.drv_spi_init) refers to stm32f4xx_rcc.o(i.RCC_APB2PeriphClockCmd) for RCC_APB2PeriphClockCmd
    drv_spi.o(i.drv_spi_init) refers to stm32f4xx_spi.o(i.SPI_Cmd) for SPI_Cmd
    drv_spi.o(i.drv_spi_init) refers to stm32f4xx_spi.o(i.SPI_Init) for SPI_Init
    drv_spi.o(i.drv_spi_read_write_byte) refers to stm32f4xx_spi.o(i.SPI_I2S_GetFlagStatus) for SPI_I2S_GetFlagStatus
[...]
    .ARM.Collect$$libinit$$0000001B          0x08000222   Section        0  libinit2.o(.ARM.Collect$$libinit$$0000001B)
    .ARM.Collect$$libinit$$0000001D          0x08000222   Section        0  libinit2.o(.ARM.Collect$$libinit$$0000001D)
    .ARM.Collect$$libinit$$0000001F          0x08000222   Section        0  libinit2.o(.ARM.Collect$$libinit$$0000001F)
    .ARM.Collect$$libinit$$00000021          0x08000222   Section        0  libinit2.o(.ARM.Collect$$libinit$$00000021)
    .ARM.Collect$$libinit$$00000023          0x08000222   Section        0  libinit2.o(.ARM.Collect$$libinit$$00000023)
    .ARM.Collect$$libinit$$00000025          0x08000222   Section        0  libinit2.o(.ARM.Collect$$libinit$$00000025)
    .ARM.Collect$$libinit$$0000002C          0x08000222   Section        0  libinit2.o(.ARM.Collect$$libinit$$0000002C)
    .ARM.Collect$$libinit$$0000002E          0x08000222   Section        0  libinit2.o(.ARM.Collect$$libinit$$0000002E)
    .ARM.Collect$$libinit$$00000030          0x08000222   Section        0  libinit2.o(.ARM.Collect$$libinit$$00000030)
    .ARM.Collect$$libinit$$00000032          0x08000222   Section        0  libinit2.o(.ARM.Collect$$libinit$$00000032)
    .ARM.Collect$$libinit$$00000033          0x08000222   Section        2  libinit2.o(.ARM.Collect$$libinit$$00000033)
    .ARM.Collect$$libshutdown$$00000000      0x08000224   Section        2  libshutdown.o(.ARM.Collect$$libshutdown$$00000000)
    .ARM.Collect$$libshutdown$$00000002      0x08000226   Section        0  libshutdown2.o(.ARM.Collect$$libshutdown$$00000002)
    .ARM.Collect$$libshutdown$$00000004      0x08000226   Section        0  libshutdown2.o(.ARM.Collect$$libshutdown$$00000004)
    .ARM.Collect$$libshutdown$$00000007      0x08000226   Section        0  libshutdown2.o(.ARM.Collect$$libshutdown$$00000007)
    .ARM.Collect$$libshutdown$$0000000A      0x08000226   Section        0  libshutdown2.o(.ARM.Collect$$libshutdown$$0000000A)
    .ARM.Collect$$libshutdown$$0000000C      0x08000226   Section        0  libshutdown2.o(.ARM.Collect$$libshutdown$$0000000C)
    .ARM.Collect$$libshutdown$$0000000F      0x08000226   Section        0  libshutdown2.o(.ARM.Collect$$libshutdown$$0000000F)
    .ARM.Collect$$libshutdown$$00000010      0x08000226   Section        2  libshutdown2.o(.ARM.Collect$$libshutdown$$00000010)
    .ARM.Collect$$rtentry$$00000000          0x08000228   Section        0  __rtentry.o(.ARM.Collect$$rtentry$$00000000)
    .ARM.Collect$$rtentry$$00000002          0x08000228   Section        0  __rtentry2.o(.ARM.Collect$$rtentry$$00000002)
    .ARM.Collect$$rtentry$$00000004          0x08000228   Section        6  __rtentry4.o(.ARM.Collect$$rtentry$$00000004)
    .ARM.Collect$$rtentry$$00000009          0x0800022e   Section        0  __rtentry2.o(.ARM.Collect$$rtentry$$00000009)
    .ARM.Collect$$rtentry$$0000000A          0x0800022e   Section        4  __rtentry2.o(.ARM.Collect$$rtentry$$0000000A)
    .ARM.Collect$$rtentry$$0000000C          0x08000232   Section        0  __rtentry2.o(.ARM.Collect$$rtentry$$0000000C)
    .ARM.Collect$$rtentry$$0000000D          0x08000232   Section        8  __rtentry2.o(.ARM.Collect$$rtentry$$0000000D)
    .ARM.Collect$$rtexit$$00000000           0x0800023a   Section        2  rtexit.o(.ARM.Collect$$rtexit$$00000000)
    .ARM.Collect$$rtexit$$00000002           0x0800023c   Section        0  rtexit2.o(.ARM.Collect$$rtexit$$00000002)
    .ARM.Collect$$rtexit$$00000003           0x0800023c   Section        4  rtexit2.o(.ARM.Collect$$rtexit$$00000003)
    .ARM.Collect$$rtexit$$00000004           0x08000240   Section        6  rtexit2.o(.ARM.Collect$$rtexit$$00000004)
    .text                                    0x08000248   Section       64  startup_stm32f40_41xxx.o(.text)
    $v0                                      0x08000248   Number         0  startup_stm32f40_41xxx.o(.text)
    .text                                    0x08000288   Section        0  noretval__2sprintf.o(.text)
    .text                                    0x080002b0   Section        0  __printf.o(.text)
    .text                                    0x08000318   Section        0  _printf_hex_int.o(.text)
    .text                                    0x08000370   Section        0  heapauxi.o(.text)
    .text                                    0x08000376   Section        0  _printf_intcommon.o(.text)
    .text                                    0x08000428   Section        0  _printf_fp_dec.o(.text)
    _fp_digits                               0x0800042b   Thumb Code   432  _printf_fp_dec.o(.text)
    .text                                    0x08000848   Section        0  _printf_char_common.o(.text)
    _printf_input_char                       0x08000849   Thumb Code    10  _printf_char_common.o(.text)
    .text                                    0x08000878   Section        0  _sputc.o(.text)
    .text                                    0x08000884   Section        8  rt_locale_intlibspace.o(.text)
    .text                                    0x0800088c   Section      138  lludiv10.o(.text)
    .text                                    0x08000918   Section        0  _printf_fp_infnan.o(.text)
    .text                                    0x08000998   Section        0  bigflt0.o(.text)
    .text                                    0x08000a7c   Section        8  libspace.o(.text)
    .text                                    0x08000a84   Section       74  sys_stackheap_outer.o(.text)
    .text                                    0x08000ace   Section        0  exit.o(.text)
    .text                                    0x08000ae0   Section      128  strcmpv7m.o(.text)
    .text                                    0x08000b60   Section        0  sys_exit.o(.text)
    .text                                    0x08000b6c   Section        2  use_no_semi.o(.text)
    .text                                    0x08000b6e   Section        0  indicate_semi.o(.text)
    CL$$btod_d2e                             0x08000b6e   Section       62  btod.o(CL$$btod_d2e)
    CL$$btod_d2e_denorm_low                  0x08000bac   Section       70  btod.o(CL$$btod_d2e_denorm_low)
    CL$$btod_d2e_norm_op1                    0x08000bf2   Section       96  btod.o(CL$$btod_d2e_norm_op1)
    CL$$btod_div_common                      0x08000c52   Section      824  btod.o(CL$$btod_div_common)
    CL$$btod_e2e                             0x08000f8a   Section      220  btod.o(CL$$btod_e2e)
    CL$$btod_ediv                            0x08001066   Section       42  btod.o(CL$$btod_ediv)
    CL$$btod_emul                            0x08001090   Section       42  btod.o(CL$$btod_emul)
    CL$$btod_mult_common                     0x080010ba   Section      580  btod.o(CL$$btod_mult_common)
    i.AD7190_Calibrate                       0x080012fe   Section        0  bsp_ad7190.o(i.AD7190_Calibrate)
    i.AD7190_ChannelSelect                   0x08001338   Section        0  bsp_ad7190.o(i.AD7190_ChannelSelect)
    i.AD7190_ChopSetting                     0x08001364   Section        0  bsp_ad7190.o(i.AD7190_ChopSetting)
    i.AD7190_Continuous_ReadData             0x08001390   Section        0  bsp_ad7190.o(i.AD7190_Continuous_ReadData)
    i.AD7190_GetRegisterValue                0x080013b6   Section        0  bsp_ad7190.o(i.AD7190_GetRegisterValue)
    i.AD7190_Init                            0x08001404   Section        0  bsp_ad7190.o(i.AD7190_Init)
    i.AD7190_MultiChannelSelect              0x08001450   Section        0  bsp_ad7190.o(i.AD7190_MultiChannelSelect)
    i.AD7190_RangeSetup                      0x08001478   Section        0  bsp_ad7190.o(i.AD7190_RangeSetup)
    i.AD7190_Reset                           0x080014ae   Section        0  bsp_ad7190.o(i.AD7190_Reset)
    i.AD7190_SetRegisterValue                0x080014e2   Section        0  bsp_ad7190.o(i.AD7190_SetRegisterValue)
    i.AD7190_Task                            0x08001524   Section        0  bsp_ad7190.o(i.AD7190_Task)
    i.AD7190_Unipolar_Multichannel_Conf      0x080017c8   Section        0  bsp_ad7190.o(i.AD7190_Unipolar_Multichannel_Conf)
    i.AD7190_WaitRdyGoLow                    0x08001838   Section        0  bsp_ad7190.o(i.AD7190_WaitRdyGoLow)
    i.BusFault_Handler                       0x08001858   Section        0  stm32f4xx_it.o(i.BusFault_Handler)
    i.CAN1_RX0_IRQHandler                    0x0800185c   Section        0  stm32f4xx_it.o(i.CAN1_RX0_IRQHandler)
    i.CAN1_TX_IRQHandler                     0x0800188c   Section        0  stm32f4xx_it.o(i.CAN1_TX_IRQHandler)
    i.CAN_ClearFlag                          0x080018a8   Section        0  stm32f4xx_can.o(i.CAN_ClearFlag)
    i.CAN_ClearITPendingBit                  0x080018e0   Section        0  stm32f4xx_can.o(i.CAN_ClearITPendingBit)
    i.CAN_GetITStatus                        0x08001988   Section        0  stm32f4xx_can.o(i.CAN_GetITStatus)
    i.CAN_Receive                            0x08001aa8   Section        0  stm32f4xx_can.o(i.CAN_Receive)
    i.CheckITStatus                          0x08001b98   Section        0  stm32f4xx_can.o(i.CheckITStatus)
    CheckITStatus                            0x08001b99   Thumb Code    18  stm32f4xx_can.o(i.CheckITStatus)
    i.DataPro                                0x08001bac   Section        0  adcdistance.o(i.DataPro)
    i.DebugMon_Handler                       0x08001d00   Section        0  stm32f4xx_it.o(i.DebugMon_Handler)
    i.GPIO_Format_Init                       0x08001d04   Section        0  drv_gpio.o(i.GPIO_Format_Init)
    i.GPIO_Init                              0x08001f24   Section        0  stm32f4xx_gpio.o(i.GPIO_Init)
    i.GPIO_PinAFConfig                       0x08001fb4   Section        0  stm32f4xx_gpio.o(i.GPIO_PinAFConfig)
    i.GPIO_ResetBits                         0x08001ffa   Section        0  stm32f4xx_gpio.o(i.GPIO_ResetBits)
    i.GPIO_SetBits                           0x08001ffe   Section        0  stm32f4xx_gpio.o(i.GPIO_SetBits)
    i.Get_ADC_flag                           0x08002004   Section        0  bsp_ad7190.o(i.Get_ADC_flag)
    i.Get_Gyro_Info                          0x08002010   Section        0  gyro.o(i.Get_Gyro_Info)
    i.Get_ad7190_data                        0x08002254   Section        0  bsp_ad7190.o(i.Get_ad7190_data)
    i.Get_bias_data                          0x0800225c   Section        0  bsp_ad7190.o(i.Get_bias_data)
    i.Get_number                             0x08002264   Section        0  bsp_ad7190.o(i.Get_number)
    i.Get_voltage_data                       0x08002270   Section        0  bsp_ad7190.o(i.Get_voltage_data)
    i.HardFault_Handler                      0x08002278   Section        0  stm32f4xx_it.o(i.HardFault_Handler)
    i.Key_Init                               0x0800227c   Section        0  bsp_key.o(i.Key_Init)
    i.LED_Init                               0x08002298   Section        0  bsp_led.o(i.LED_Init)
    i.LED_Task                               0x080022bc   Section        0  bsp_led.o(i.LED_Task)
    i.MemManage_Handler                      0x0800233c   Section        0  stm32f4xx_it.o(i.MemManage_Handler)
    i.NMI_Handler                            0x08002340   Section        0  stm32f4xx_it.o(i.NMI_Handler)
    i.NVIC_Init                              0x08002344   Section        0  misc.o(i.NVIC_Init)
    i.NVIC_PriorityGroupConfig               0x080023bc   Section        0  misc.o(i.NVIC_PriorityGroupConfig)
    i.PendSV_Handler                         0x080023d0   Section        0  stm32f4xx_it.o(i.PendSV_Handler)
    i.RCC_AHB1PeriphClockCmd                 0x080023d4   Section        0  stm32f4xx_rcc.o(i.RCC_AHB1PeriphClockCmd)
    i.RCC_APB1PeriphClockCmd                 0x080023f4   Section        0  stm32f4xx_rcc.o(i.RCC_APB1PeriphClockCmd)
    i.RCC_APB1PeriphResetCmd                 0x08002414   Section        0  stm32f4xx_rcc.o(i.RCC_APB1PeriphResetCmd)
    i.RCC_APB2PeriphClockCmd                 0x08002434   Section        0  stm32f4xx_rcc.o(i.RCC_APB2PeriphClockCmd)
    i.RCC_APB2PeriphResetCmd                 0x08002454   Section        0  stm32f4xx_rcc.o(i.RCC_APB2PeriphResetCmd)
    i.RCC_GetClocksFreq                      0x08002474   Section        0  stm32f4xx_rcc.o(i.RCC_GetClocksFreq)
    i.RemoteAnalyzeTask                      0x0800255c   Section        0  bsp_joystick.o(i.RemoteAnalyzeTask)
    i.SPI_Cmd                                0x08002690   Section        0  stm32f4xx_spi.o(i.SPI_Cmd)
    i.SPI_I2S_DeInit                         0x080026a8   Section        0  stm32f4xx_spi.o(i.SPI_I2S_DeInit)
    i.SPI_I2S_GetFlagStatus                  0x08002758   Section        0  stm32f4xx_spi.o(i.SPI_I2S_GetFlagStatus)
    i.SPI_Init                               0x0800276a   Section        0  stm32f4xx_spi.o(i.SPI_Init)
    i.SVC_Handler                            0x080027a6   Section        0  stm32f4xx_it.o(i.SVC_Handler)
    i.Serial_Send                            0x080027a8   Section        0  drv_uart.o(i.Serial_Send)
    i.Serial_SendByte                        0x08002950   Section        0  drv_uart.o(i.Serial_SendByte)
    i.SetSysClock                            0x08002970   Section        0  system_stm32f4xx.o(i.SetSysClock)
    SetSysClock                              0x08002971   Thumb Code   220  system_stm32f4xx.o(i.SetSysClock)
    i.Set_ADC_flag                           0x08002a5c   Section        0  bsp_ad7190.o(i.Set_ADC_flag)
    i.Set_ad7190_data                        0x08002a68   Section        0  bsp_ad7190.o(i.Set_ad7190_data)
    i.Set_bias_data                          0x08002a88   Section        0  bsp_ad7190.o(i.Set_bias_data)
    i.Set_number                             0x08002aa8   Section        0  bsp_ad7190.o(i.Set_number)
    i.Set_voltage_data                       0x08002ab4   Section        0  bsp_ad7190.o(i.Set_voltage_data)
    i.SysTick_Handler                        0x08002adc   Section        0  stm32f4xx_it.o(i.SysTick_Handler)
    i.SysTick_Init                           0x08002af4   Section        0  drv_systick.o(i.SysTick_Init)
    i.SystemInit                             0x08002b24   Section        0  system_stm32f4xx.o(i.SystemInit)
    i.System_Init                            0x08002b8c   Section        0  init.o(i.System_Init)
    i.TIM2_IRQHandler                        0x08002c9c   Section        0  stm32f4xx_it.o(i.TIM2_IRQHandler)
    i.TIM2_Init                              0x08002cbc   Section        0  drv_timer.o(i.TIM2_Init)
    i.TIM3_IRQHandler                        0x08002d14   Section        0  stm32f4xx_it.o(i.TIM3_IRQHandler)
    i.TIM3_Init                              0x08002d34   Section        0  drv_timer.o(i.TIM3_Init)
    i.TIM_ClearITPendingBit                  0x08002d90   Section        0  stm32f4xx_tim.o(i.TIM_ClearITPendingBit)
    i.TIM_Cmd                                0x08002d96   Section        0  stm32f4xx_tim.o(i.TIM_Cmd)
    i.TIM_GetITStatus                        0x08002dae   Section        0  stm32f4xx_tim.o(i.TIM_GetITStatus)
    i.TIM_ITConfig                           0x08002dd0   Section        0  stm32f4xx_tim.o(i.TIM_ITConfig)
    i.TIM_TimeBaseInit                       0x08002de4   Section        0  stm32f4xx_tim.o(i.TIM_TimeBaseInit)
    i.USART1_IRQHandler                      0x08002e68   Section        0  stm32f4xx_it.o(i.USART1_IRQHandler)
    i.USART1_Init                            0x08002e88   Section        0  drv_uart.o(i.USART1_Init)
    i.USART2_IRQHandler                      0x08002f3c   Section        0  stm32f4xx_it.o(i.USART2_IRQHandler)
    i.USART2_Init                            0x08002f44   Section        0  drv_uart.o(i.USART2_Init)
    i.USART3_IRQHandler                      0x08002ff4   Section        0  stm32f4xx_it.o(i.USART3_IRQHandler)
    i.USART6_IRQHandler                      0x08003010   Section        0  stm32f4xx_it.o(i.USART6_IRQHandler)
    i.USART6_Init                            0x0800303c   Section        0  drv_uart.o(i.USART6_Init)
    i.USART_ClearITPendingBit                0x080030ec   Section        0  stm32f4xx_usart.o(i.USART_ClearITPendingBit)
    i.USART_Cmd                              0x0800310a   Section        0  stm32f4xx_usart.o(i.USART_Cmd)
    i.USART_GetFlagStatus                    0x08003122   Section        0  stm32f4xx_usart.o(i.USART_GetFlagStatus)
    i.USART_ITConfig                         0x0800313c   Section        0  stm32f4xx_usart.o(i.USART_ITConfig)
    i.USART_Init                             0x08003188   Section        0  stm32f4xx_usart.o(i.USART_Init)
    i.USART_ReceiveData                      0x0800325c   Section        0  stm32f4xx_usart.o(i.USART_ReceiveData)
    i.USART_SendData                         0x08003266   Section        0  stm32f4xx_usart.o(i.USART_SendData)
    i.UnPack                                 0x08003270   Section        0  bsp_joystick.o(i.UnPack)
    i.UpdateRemoteInfo                       0x0800334c   Section        0  bsp_joystick.o(i.UpdateRemoteInfo)
    i.UsageFault_Handler                     0x080033f0   Section        0  stm32f4xx_it.o(i.UsageFault_Handler)
    i.XOR_Check                              0x080033f4   Section        0  gyro.o(i.XOR_Check)
    i.__ARM_fpclassify                       0x08003426   Section        0  fpclassify.o(i.__ARM_fpclassify)
    i.delay_ms                               0x08003458   Section        0  drv_systick.o(i.delay_ms)
    i.delay_us                               0x0800349c   Section        0  drv_systick.o(i.delay_us)
    i.drv_spi_init                           0x080034d8   Section        0  drv_spi.o(i.drv_spi_init)
    i.drv_spi_read_write_byte                0x0800359c   Section        0  drv_spi.o(i.drv_spi_read_write_byte)
    i.drv_spi_read_write_string              0x080035f0   Section        0  drv_spi.o(i.drv_spi_read_write_string)
    i.itoa                                   0x08003628   Section        0  drv_uart.o(i.itoa)
    i.main                                   0x08003690   Section        0  main.o(i.main)
    locale$$code                             0x08003698   Section       44  lc_numeric_c.o(locale$$code)
    x$fpl$dadd                               0x080036c4   Section      336  daddsub_clz.o(x$fpl$dadd)
    $v0                                      0x080036c4   Number         0  daddsub_clz.o(x$fpl$dadd)
    _dadd1                                   0x080036d5   Thumb Code     0  daddsub_clz.o(x$fpl$dadd)
    x$fpl$ddiv                               0x08003814   Section      688  ddiv.o(x$fpl$ddiv)
    $v0                                      0x08003814   Number         0  ddiv.o(x$fpl$ddiv)
    ddiv_entry                               0x0800381b   Thumb Code     0  ddiv.o(x$fpl$ddiv)
    x$fpl$dflt                               0x08003ac4   Section       46  dflt_clz.o(x$fpl$dflt)
    $v0                                      0x08003ac4   Number         0  dflt_clz.o(x$fpl$dflt)
    x$fpl$dmul                               0x08003af4   Section      340  dmul.o(x$fpl$dmul)
    $v0                                      0x08003af4   Number         0  dmul.o(x$fpl$dmul)
    x$fpl$dnaninf                            0x08003c48   Section      156  dnaninf.o(x$fpl$dnaninf)
    $v0                                      0x08003c48   Number         0  dnaninf.o(x$fpl$dnaninf)
    x$fpl$dretinf                            0x08003ce4   Section       12  dretinf.o(x$fpl$dretinf)
    $v0                                      0x08003ce4   Number         0  dretinf.o(x$fpl$dretinf)
    x$fpl$dsub                               0x08003cf0   Section      468  daddsub_clz.o(x$fpl$dsub)
    $v0                                      0x08003cf0   Number         0  daddsub_clz.o(x$fpl$dsub)
    _dsub1                                   0x08003d01   Thumb Code     0  daddsub_clz.o(x$fpl$dsub)
    x$fpl$f2d                                0x08003ec4   Section       86  f2d.o(x$fpl$f2d)
    $v0                                      0x08003ec4   Number         0  f2d.o(x$fpl$f2d)
    x$fpl$fnaninf                            0x08003f1a   Section      140  fnaninf.o(x$fpl$fnaninf)
    $v0                                      0x08003f1a   Number         0  fnaninf.o(x$fpl$fnaninf)
    x$fpl$fpinit                             0x08003fa6   Section       10  fpinit.o(x$fpl$fpinit)
    $v0                                      0x08003fa6   Number         0  fpinit.o(x$fpl$fpinit)
    x$fpl$printf1                            0x08003fb0   Section        4  printf1.o(x$fpl$printf1)
    $v0                                      0x08003fb0   Number         0  printf1.o(x$fpl$printf1)
    .constdata                               0x08003fb4   Section       40  _printf_hex_int.o(.constdata)
    x$fpl$usenofp                            0x08003fb4   Section        0  usenofp.o(x$fpl$usenofp)
    uc_hextab                                0x08003fb4   Data          20  _printf_hex_int.o(.constdata)
    lc_hextab                                0x08003fc8   Data          20  _printf_hex_int.o(.constdata)
    .constdata                               0x08003fdc   Section      148  bigflt0.o(.constdata)
    tenpwrs_x                                0x08003fdc   Data          60  bigflt0.o(.constdata)
    tenpwrs_i                                0x08004018   Data          64  bigflt0.o(.constdata)
    locale$$data                             0x08004090   Section       28  lc_numeric_c.o(locale$$data)
    __lcnum_c_name                           0x08004094   Data           2  lc_numeric_c.o(locale$$data)
    __lcnum_c_start                          0x0800409c   Data           0  lc_numeric_c.o(locale$$data)
    __lcnum_c_point                          0x080040a8   Data           0  lc_numeric_c.o(locale$$data)
    __lcnum_c_thousands                      0x080040aa   Data           0  lc_numeric_c.o(locale$$data)
    __lcnum_c_grouping                       0x080040ab   Data           0  lc_numeric_c.o(locale$$data)
    __lcnum_c_end                            0x080040ac   Data           0  lc_numeric_c.o(locale$$data)
    .data                                    0x20000000   Section       20  system_stm32f4xx.o(.data)
    .data                                    0x20000014   Section        4  drv_systick.o(.data)
    .data                                    0x20000018   Section       16  bsp_led.o(.data)
    val                                      0x20000018   Data           8  bsp_led.o(.data)
    Flag                                     0x20000020   Data           8  bsp_led.o(.data)
    .data                                    0x20000028   Section        7  bsp_ad7190.o(.data)
    sample                                   0x2000002a   Data           4  bsp_ad7190.o(.data)
    temp                                     0x2000002e   Data           1  bsp_ad7190.o(.data)
    .data                                    0x2000002f   Section        7  bsp_joystick.o(.data)
    RxData                                   0x20000032   Data           1  bsp_joystick.o(.data)
    Counter                                  0x20000033   Data           1  bsp_joystick.o(.data)
    i                                        0x20000034   Data           1  bsp_joystick.o(.data)
    i                                        0x20000035   Data           1  bsp_joystick.o(.data)
    .data                                    0x20000036   Section       16  stm32f4xx_rcc.o(.data)
    APBAHBPrescTable                         0x20000036   Data          16  stm32f4xx_rcc.o(.data)
    .data                                    0x20000046   Section        7  gyro.o(.data)
    flag                                     0x20000046   Data           1  gyro.o(.data)
    counter                                  0x20000047   Data           1  gyro.o(.data)
    Temp                                     0x20000048   Data           5  gyro.o(.data)
    .data                                    0x2000004d   Section        2  adcdistance.o(.data)
    .bss                                     0x20000050   Section      144  bsp_ad7190.o(.bss)
    Ad7190_Data                              0x200000b0   Data          16  bsp_ad7190.o(.bss)
    Voltage_Data                             0x200000c0   Data          32  bsp_ad7190.o(.bss)
    .bss                                     0x200000e0   Section       76  bsp_joystick.o(.bss)
    .bss                                     0x20000130   Section       16  gyro.o(.bss)
    .bss                                     0x20000140   Section      672  adcdistance.o(.bss)
    .bss                                     0x200003e0   Section       96  libspace.o(.bss)
    HEAP                                     0x20000440   Section      512  startup_stm32f40_41xxx.o(HEAP)
    Heap_Mem                                 0x20000440   Data         512  startup_stm32f40_41xxx.o(HEAP)
    STACK                                    0x20000640   Section     1024  startup_stm32f40_41xxx.o(STACK)
    Stack_Mem                                0x20000640   Data        1024  startup_stm32f40_41xxx.o(STACK)
    __initial_sp                             0x20000a40   Data           0  startup_stm32f40_41xxx.o(STACK)

    Global Symbols

    Symbol Name                              Value     Ov Type        Size  Object(Section)

    BuildAttributes$$THM_ISAv4$E$P$D$K$B$S$7EM$VFPi3$EXTD16$VFPS$VFMA$PE$A:L22UL41UL21$X:L11$S22US41US21$IEEE1$IW$USESV6$~STKCKD$USESV7$~SHL$OTIME$ROPI$IEEEX$EBA8$UX$STANDARDLIB$REQ8$PRES8$EABIv2 0x00000000   Number         0  anon$$obj.o ABSOLUTE
    __ARM_use_no_argv                        0x00000000   Number         0  main.o ABSOLUTE
    __ARM_exceptions_init                     - Undefined Weak Reference
    __alloca_initialize                       - Undefined Weak Reference
    __arm_preinit_                            - Undefined Weak Reference
    __cpp_initialize__aeabi_                  - Undefined Weak Reference
    __cxa_finalize                            - Undefined Weak Reference
    __sigvec_lookup                           - Undefined Weak Reference
    _atexit_init                              - Undefined Weak Reference
    _call_atexit_fns                          - Undefined Weak Reference
    _clock_init                               - Undefined Weak Reference
    _fp_trap_init                             - Undefined Weak Reference
    _fp_trap_shutdown                         - Undefined Weak Reference
    _get_lc_collate                           - Undefined Weak Reference
    _get_lc_ctype                             - Undefined Weak Reference
    _get_lc_monetary                          - Undefined Weak Reference
    _get_lc_time                              - Undefined Weak Reference
    _getenv_init                              - Undefined Weak Reference
    _handle_redirection                       - Undefined Weak Reference
    _init_alloc                               - Undefined Weak Reference
    _init_user_alloc                          - Undefined Weak Reference
    _initio                                   - Undefined Weak Reference
    _printf_post_padding                      - Undefined Weak Reference
    _printf_pre_padding                       - Undefined Weak Reference
    _printf_truncate_signed                   - Undefined Weak Reference
    _printf_truncate_unsigned                 - Undefined Weak Reference
    _rand_init                                - Undefined Weak Reference
    _signal_finish                            - Undefined Weak Reference
    _signal_init                              - Undefined Weak Reference
    _terminate_alloc                          - Undefined Weak Reference
    _terminate_user_alloc                     - Undefined Weak Reference
    _terminateio                              - Undefined Weak Reference
    __Vectors_Size                           0x00000188   Number         0  startup_stm32f40_41xxx.o ABSOLUTE
    __Vectors                                0x08000000   Data           4  startup_stm32f40_41xxx.o(RESET)
    __Vectors_End                            0x08000188   Data           0  startup_stm32f40_41xxx.o(RESET)
    __main                                   0x08000189   Thumb Code     8  __main.o(!!!main)
    __scatterload                            0x08000191   Thumb Code     0  __scatter.o(!!!scatter)
    __scatterload_rt2                        0x08000191   Thumb Code    44  __scatter.o(!!!scatter)
    __scatterload_rt2_thumb_only             0x08000191   Thumb Code     0  __scatter.o(!!!scatter)
    __scatterload_null                       0x0800019f   Thumb Code     0  __scatter.o(!!!scatter)
    __scatterload_copy                       0x080001c5   Thumb Code    26  __scatter_copy.o(!!handler_copy)
    __scatterload_zeroinit                   0x080001e1   Thumb Code    28  __scatter_zi.o(!!handler_zi)
    _printf_f                                0x080001fd   Thumb Code     0  _printf_f.o(.ARM.Collect$$_printf_percent$$00000003)
    _printf_percent                          0x080001fd   Thumb Code     0  _printf_percent.o(.ARM.Collect$$_printf_percent$$00000000)
    _printf_x                                0x08000203   Thumb Code     0  _printf_x.o(.ARM.Collect$$_printf_percent$$0000000C)
    _printf_percent_end                      0x08000209   Thumb Code     0  _printf_percent_end.o(.ARM.Collect$$_printf_percent$$00000017)
    __rt_lib_init                            0x0800020d   Thumb Code     0  libinit.o(.ARM.Collect$$libinit$$00000000)
    __rt_lib_init_fp_1                       0x0800020f   Thumb Code     0  libinit2.o(.ARM.Collect$$libinit$$00000001)
    __rt_lib_init_heap_1                     0x08000213   Thumb Code     0  libinit2.o(.ARM.Collect$$libinit$$0000000A)
    __rt_lib_init_lc_common                  0x08000213   Thumb Code     0  libinit2.o(.ARM.Collect$$libinit$$0000000F)
    __rt_lib_init_preinit_1                  0x08000213   Thumb Code     0  libinit2.o(.ARM.Collect$$libinit$$00000004)
    __rt_lib_init_rand_1                     0x08000213   Thumb Code     0  libinit2.o(.ARM.Collect$$libinit$$0000000E)
    __rt_lib_init_user_alloc_1               0x08000213   Thumb Code     0  libinit2.o(.ARM.Collect$$libinit$$0000000C)
    __rt_lib_init_lc_collate_1               0x08000219   Thumb Code     0  libinit2.o(.ARM.Collect$$libinit$$00000011)
    __rt_lib_init_lc_ctype_1                 0x08000219   Thumb Code     0  libinit2.o(.ARM.Collect$$libinit$$00000013)
    __rt_lib_init_lc_monetary_1              0x08000219   Thumb Code     0  libinit2.o(.ARM.Collect$$libinit$$00000015)
    __rt_lib_init_lc_numeric_2               0x08000219   Thumb Code     0  libinit2.o(.ARM.Collect$$libinit$$00000016)
    __rt_lib_init_alloca_1                   0x08000223   Thumb Code     0  libinit2.o(.ARM.Collect$$libinit$$0000002E)
    __rt_lib_init_argv_1                     0x08000223   Thumb Code     0  libinit2.o(.ARM.Collect$$libinit$$0000002C)
    __rt_lib_init_atexit_1                   0x08000223   Thumb Code     0  libinit2.o(.ARM.Collect$$libinit$$0000001B)
    __rt_lib_init_clock_1                    0x08000223   Thumb Code     0  libinit2.o(.ARM.Collect$$libinit$$00000021)
    __rt_lib_init_cpp_1                      0x08000223   Thumb Code     0  libinit2.o(.ARM.Collect$$libinit$$00000032)
    __rt_lib_init_exceptions_1               0x08000223   Thumb Code     0  libinit2.o(.ARM.Collect$$libinit$$00000030)
    __rt_lib_init_fp_trap_1                  0x08000223   Thumb Code     0  libinit2.o(.ARM.Collect$$libinit$$0000001F)
    __rt_lib_init_getenv_1                   0x08000223   Thumb Code     0  libinit2.o(.ARM.Collect$$libinit$$00000023)
    __rt_lib_init_lc_numeric_1               0x08000223   Thumb Code     0  libinit2.o(.ARM.Collect$$libinit$$00000017)
    __rt_lib_init_lc_time_1                  0x08000223   Thumb Code     0  libinit2.o(.ARM.Collect$$libinit$$00000019)
    __rt_lib_init_return                     0x08000223   Thumb Code     0  libinit2.o(.ARM.Collect$$libinit$$00000033)
    __rt_lib_init_signal_1                   0x08000223   Thumb Code     0  libinit2.o(.ARM.Collect$$libinit$$0000001D)
    __rt_lib_init_stdio_1                    0x08000223   Thumb Code     0  libinit2.o(.ARM.Collect$$libinit$$00000025)
    __rt_lib_shutdown                        0x08000225   Thumb Code     0  libshutdown.o(.ARM.Collect$$libshutdown$$00000000)
    __rt_lib_shutdown_cpp_1                  0x08000227   Thumb Code     0  libshutdown2.o(.ARM.Collect$$libshutdown$$00000002)
    __rt_lib_shutdown_fp_trap_1              0x08000227   Thumb Code     0  libshutdown2.o(.ARM.Collect$$libshutdown$$00000007)
    __rt_lib_shutdown_heap_1                 0x08000227   Thumb Code     0  libshutdown2.o(.ARM.Collect$$libshutdown$$0000000F)
    __rt_lib_shutdown_return                 0x08000227   Thumb Code     0  libshutdown2.o(.ARM.Collect$$libshutdown$$00000010)
    __rt_lib_shutdown_signal_1               0x08000227   Thumb Code     0  libshutdown2.o(.ARM.Collect$$libshutdown$$0000000A)
    __rt_lib_shutdown_stdio_1                0x08000227   Thumb Code     0  libshutdown2.o(.ARM.Collect$$libshutdown$$00000004)
    __rt_lib_shutdown_user_alloc_1           0x08000227   Thumb Code     0  libshutdown2.o(.ARM.Collect$$libshutdown$$0000000C)
    __rt_entry                               0x08000229   Thumb Code     0  __rtentry.o(.ARM.Collect$$rtentry$$00000000)
    __rt_entry_presh_1                       0x08000229   Thumb Code     0  __rtentry2.o(.ARM.Collect$$rtentry$$00000002)
    __rt_entry_sh                            0x08000229   Thumb Code     0  __rtentry4.o(.ARM.Collect$$rtentry$$00000004)
    __rt_entry_li                            0x0800022f   Thumb Code     0  __rtentry2.o(.ARM.Collect$$rtentry$$0000000A)
    __rt_entry_postsh_1                      0x0800022f   Thumb Code     0  __rtentry2.o(.ARM.Collect$$rtentry$$00000009)
    __rt_entry_main                          0x08000233   Thumb Code     0  __rtentry2.o(.ARM.Collect$$rtentry$$0000000D)
    __rt_entry_postli_1                      0x08000233   Thumb Code     0  __rtentry2.o(.ARM.Collect$$rtentry$$0000000C)
    __rt_exit                                0x0800023b   Thumb Code     0  rtexit.o(.ARM.Collect$$rtexit$$00000000)
    __rt_exit_ls                             0x0800023d   Thumb Code     0  rtexit2.o(.ARM.Collect$$rtexit$$00000003)
    __rt_exit_prels_1                        0x0800023d   Thumb Code     0  rtexit2.o(.ARM.Collect$$rtexit$$00000002)
    __rt_exit_exit                           0x08000241   Thumb Code     0  rtexit2.o(.ARM.Collect$$rtexit$$00000004)
    Reset_Handler                            0x08000249   Thumb Code     8  startup_stm32f40_41xxx.o(.text)
    ADC_IRQHandler                           0x08000263   Thumb Code     0  startup_stm32f40_41xxx.o(.text)
    CAN1_RX1_IRQHandler                      0x08000263   Thumb Code     0  startup_stm32f40_41xxx.o(.text)
    CAN1_SCE_IRQHandler                      0x08000263   Thumb Code     0  startup_stm32f40_41xxx.o(.text)
    CAN2_RX0_IRQHandler                      0x08000263   Thumb Code     0  startup_stm32f40_41xxx.o(.text)
    CAN2_RX1_IRQHandler                      0x08000263   Thumb Code     0  startup_stm32f40_41xxx.o(.text)
    CAN2_SCE_IRQHandler                      0x08000263   Thumb Code     0  startup_stm32f40_41xxx.o(.text)
    CAN2_TX_IRQHandler                       0x08000263   Thumb Code     0  startup_stm32f40_41xxx.o(.text)
    CRYP_IRQHandler                          0x08000263   Thumb Code     0  startup_stm32f40_41xxx.o(.text)
    DCMI_IRQHandler                          0x08000263   Thumb Code     0  startup_stm32f40_41xxx.o(.text)
    DMA1_Stream0_IRQHandler                  0x08000263   Thumb Code     0  startup_stm32f40_41xxx.o(.text)
    DMA1_Stream1_IRQHandler                  0x08000263   Thumb Code     0  startup_stm32f40_41xxx.o(.text)
    DMA1_Stream2_IRQHandler                  0x08000263   Thumb Code     0  startup_stm32f40_41xxx.o(.text)
    DMA1_Stream3_IRQHandler                  0x08000263   Thumb Code     0  startup_stm32f40_41xxx.o(.text)
    DMA1_Stream4_IRQHandler                  0x08000263   Thumb Code     0  startup_stm32f40_41xxx.o(.text)
    DMA1_Stream5_IRQHandler                  0x08000263   Thumb Code     0  startup_stm32f40_41xxx.o(.text)
    DMA1_Stream6_IRQHandler                  0x08000263   Thumb Code     0  startup_stm32f40_41xxx.o(.text)
    DMA1_Stream7_IRQHandler                  0x08000263   Thumb Code     0  startup_stm32f40_41xxx.o(.text)
    DMA2_Stream0_IRQHandler                  0x08000263   Thumb Code     0  startup_stm32f40_41xxx.o(.text)
    DMA2_Stream1_IRQHandler                  0x08000263   Thumb Code     0  startup_stm32f40_41xxx.o(.text)
    DMA2_Stream2_IRQHandler                  0x08000263   Thumb Code     0  startup_stm32f40_41xxx.o(.text)
    DMA2_Stream3_IRQHandler                  0x08000263   Thumb Code     0  startup_stm32f40_41xxx.o(.text)
    DMA2_Stream4_IRQHandler                  0x08000263   Thumb Code     0  startup_stm32f40_41xxx.o(.text)
    DMA2_Stream5_IRQHandler                  0x08000263   Thumb Code     0  startup_stm32f40_41xxx.o(.text)
    DMA2_Stream6_IRQHandler                  0x08000263   Thumb Code     0  startup_stm32f40_41xxx.o(.text)
    DMA2_Stream7_IRQHandler                  0x08000263   Thumb Code     0  startup_stm32f40_41xxx.o(.text)
    ETH_IRQHandler                           0x08000263   Thumb Code     0  startup_stm32f40_41xxx.o(.text)
    ETH_WKUP_IRQHandler                      0x08000263   Thumb Code     0  startup_stm32f40_41xxx.o(.text)
    EXTI0_IRQHandler                         0x08000263   Thumb Code     0  startup_stm32f40_41xxx.o(.text)
    EXTI15_10_IRQHandler                     0x08000263   Thumb Code     0  startup_stm32f40_41xxx.o(.text)
    EXTI1_IRQHandler                         0x08000263   Thumb Code     0  startup_stm32f40_41xxx.o(.text)
    EXTI2_IRQHandler                         0x08000263   Thumb Code     0  startup_stm32f40_41xxx.o(.text)
    EXTI3_IRQHandler                         0x08000263   Thumb Code     0  startup_stm32f40_41xxx.o(.text)
    EXTI4_IRQHandler                         0x08000263   Thumb Code     0  startup_stm32f40_41xxx.o(.text)
    EXTI9_5_IRQHandler                       0x08000263   Thumb Code     0  startup_stm32f40_41xxx.o(.text)
    FLASH_IRQHandler                         0x08000263   Thumb Code     0  startup_stm32f40_41xxx.o(.text)
    FPU_IRQHandler                           0x08000263   Thumb Code     0  startup_stm32f40_41xxx.o(.text)
    FSMC_IRQHandler                          0x08000263   Thumb Code     0  startup_stm32f40_41xxx.o(.text)
    HASH_RNG_IRQHandler                      0x08000263   Thumb Code     0  startup_stm32f40_41xxx.o(.text)
    I2C1_ER_IRQHandler                       0x08000263   Thumb Code     0  startup_stm32f40_41xxx.o(.text)
    I2C1_EV_IRQHandler                       0x08000263   Thumb Code     0  startup_stm32f40_41xxx.o(.text)
    I2C2_ER_IRQHandler                       0x08000263   Thumb Code     0  startup_stm32f40_41xxx.o(.text)
    I2C2_EV_IRQHandler                       0x08000263   Thumb Code     0  startup_stm32f40_41xxx.o(.text)
    I2C3_ER_IRQHandler                       0x08000263   Thumb Code     0  startup_stm32f40_41xxx.o(.text)
    I2C3_EV_IRQHandler                       0x08000263   Thumb Code     0  startup_stm32f40_41xxx.o(.text)
    OTG_FS_IRQHandler                        0x08000263   Thumb Code     0  startup_stm32f40_41xxx.o(.text)
    OTG_FS_WKUP_IRQHandler                   0x08000263   Thumb Code     0  startup_stm32f40_41xxx.o(.text)
    OTG_HS_EP1_IN_IRQHandler                 0x08000263   Thumb Code     0  startup_stm32f40_41xxx.o(.text)
    OTG_HS_EP1_OUT_IRQHandler                0x08000263   Thumb Code     0  startup_stm32f40_41xxx.o(.text)
    OTG_HS_IRQHandler                        0x08000263   Thumb Code     0  startup_stm32f40_41xxx.o(.text)
    OTG_HS_WKUP_IRQHandler                   0x08000263   Thumb Code     0  startup_stm32f40_41xxx.o(.text)
    PVD_IRQHandler                           0x08000263   Thumb Code     0  startup_stm32f40_41xxx.o(.text)
    RCC_IRQHandler                           0x08000263   Thumb Code     0  startup_stm32f40_41xxx.o(.text)
    RTC_Alarm_IRQHandler                     0x08000263   Thumb Code     0  startup_stm32f40_41xxx.o(.text)
    RTC_WKUP_IRQHandler                      0x08000263   Thumb Code     0  startup_stm32f40_41xxx.o(.text)
    SDIO_IRQHandler                          0x08000263   Thumb Code     0  startup_stm32f40_41xxx.o(.text)
    SPI1_IRQHandler                          0x08000263   Thumb Code     0  startup_stm32f40_41xxx.o(.text)
    SPI2_IRQHandler                          0x08000263   Thumb Code     0  startup_stm32f40_41xxx.o(.text)
    SPI3_IRQHandler                          0x08000263   Thumb Code     0  startup_stm32f40_41xxx.o(.text)
    TAMP_STAMP_IRQHandler                    0x08000263   Thumb Code     0  startup_stm32f40_41xxx.o(.text)
    TIM1_BRK_TIM9_IRQHandler                 0x08000263   Thumb Code     0  startup_stm32f40_41xxx.o(.text)
    TIM1_CC_IRQHandler                       0x08000263   Thumb Code     0  startup_stm32f40_41xxx.o(.text)
    TIM1_TRG_COM_TIM11_IRQHandler            0x08000263   Thumb Code     0  startup_stm32f40_41xxx.o(.text)
    TIM1_UP_TIM10_IRQHandler                 0x08000263   Thumb Code     0  startup_stm32f40_41xxx.o(.text)
    TIM4_IRQHandler                          0x08000263   Thumb Code     0  startup_stm32f40_41xxx.o(.text)
    TIM5_IRQHandler                          0x08000263   Thumb Code     0  startup_stm32f40_41xxx.o(.text)
    TIM6_DAC_IRQHandler                      0x08000263   Thumb Code     0  startup_stm32f40_41xxx.o(.text)
    TIM7_IRQHandler                          0x08000263   Thumb Code     0  startup_stm32f40_41xxx.o(.text)
    TIM8_BRK_TIM12_IRQHandler                0x08000263   Thumb Code     0  startup_stm32f40_41xxx.o(.text)
    TIM8_CC_IRQHandler                       0x08000263   Thumb Code     0  startup_stm32f40_41xxx.o(.text)
    TIM8_TRG_COM_TIM14_IRQHandler            0x08000263   Thumb Code     0  startup_stm32f40_41xxx.o(.text)
    TIM8_UP_TIM13_IRQHandler                 0x08000263   Thumb Code     0  startup_stm32f40_41xxx.o(.text)
    UART4_IRQHandler                         0x08000263   Thumb Code     0  startup_stm32f40_41xxx.o(.text)
    UART5_IRQHandler                         0x08000263   Thumb Code     0  startup_stm32f40_41xxx.o(.text)
    WWDG_IRQHandler                          0x08000263   Thumb Code     0  startup_stm32f40_41xxx.o(.text)
    __user_initial_stackheap                 0x08000265   Thumb Code     0  startup_stm32f40_41xxx.o(.text)
    __2sprintf                               0x08000289   Thumb Code    34  noretval__2sprintf.o(.text)
    __printf                                 0x080002b1   Thumb Code   104  __printf.o(.text)
    _printf_int_hex                          0x08000319   Thumb Code    84  _printf_hex_int.o(.text)
    _printf_longlong_hex                     0x08000319   Thumb Code     0  _printf_hex_int.o(.text)
    __use_two_region_memory                  0x08000371   Thumb Code     2  heapauxi.o(.text)
    __rt_heap_escrow$2region                 0x08000373   Thumb Code     2  heapauxi.o(.text)
    __rt_heap_expand$2region                 0x08000375   Thumb Code     2  heapauxi.o(.text)
    _printf_int_common                       0x08000377   Thumb Code   178  _printf_intcommon.o(.text)
    __lib_sel_fp_printf                      0x08000429   Thumb Code     2  _printf_fp_dec.o(.text)
    _printf_fp_dec_real                      0x080005db   Thumb Code   620  _printf_fp_dec.o(.text)
    _printf_char_common                      0x08000853   Thumb Code    32  _printf_char_common.o(.text)
    _sputc                                   0x08000879   Thumb Code    10  _sputc.o(.text)
    __rt_locale                              0x08000885   Thumb Code     8  rt_locale_intlibspace.o(.text)
    _ll_udiv10                               0x0800088d   Thumb Code   138  lludiv10.o(.text)
    _printf_fp_infnan                        0x08000919   Thumb Code   112  _printf_fp_infnan.o(.text)
    _btod_etento                             0x08000999   Thumb Code   224  bigflt0.o(.text)
    __user_libspace                          0x08000a7d   Thumb Code     8  libspace.o(.text)
    __user_perproc_libspace                  0x08000a7d   Thumb Code     0  libspace.o(.text)
    __user_perthread_libspace                0x08000a7d   Thumb Code     0  libspace.o(.text)
    __user_setup_stackheap                   0x08000a85   Thumb Code    74  sys_stackheap_outer.o(.text)
    exit                                     0x08000acf   Thumb Code    18  exit.o(.text)
    strcmp                                   0x08000ae1   Thumb Code   128  strcmpv7m.o(.text)
    _sys_exit                                0x08000b61   Thumb Code     8  sys_exit.o(.text)
    __I$use$semihosting                      0x08000b6d   Thumb Code     0  use_no_semi.o(.text)
    __use_no_semihosting_swi                 0x08000b6d   Thumb Code     2  use_no_semi.o(.text)
    __semihosting_library_function           0x08000b6f   Thumb Code     0  indicate_semi.o(.text)
    _btod_d2e                                0x08000b6f   Thumb Code    62  btod.o(CL$$btod_d2e)
    _d2e_denorm_low                          0x08000bad   Thumb Code    70  btod.o(CL$$btod_d2e_denorm_low)
    _d2e_norm_op1                            0x08000bf3   Thumb Code    96  btod.o(CL$$btod_d2e_norm_op1)
    __btod_div_common                        0x08000c53   Thumb Code   696  btod.o(CL$$btod_div_common)
    _e2e                                     0x08000f8b   Thumb Code   220  btod.o(CL$$btod_e2e)
    _btod_ediv                               0x08001067   Thumb Code    42  btod.o(CL$$btod_ediv)
    _btod_emul                               0x08001091   Thumb Code    42  btod.o(CL$$btod_emul)
    __btod_mult_common                       0x080010bb   Thumb Code   580  btod.o(CL$$btod_mult_common)
    AD7190_Calibrate                         0x080012ff   Thumb Code    58  bsp_ad7190.o(i.AD7190_Calibrate)
    AD7190_ChannelSelect                     0x08001339   Thumb Code    44  bsp_ad7190.o(i.AD7190_ChannelSelect)
    AD7190_ChopSetting                       0x08001365   Thumb Code    44  bsp_ad7190.o(i.AD7190_ChopSetting)
    AD7190_Continuous_ReadData               0x08001391   Thumb Code    38  bsp_ad7190.o(i.AD7190_Continuous_ReadData)
    AD7190_GetRegisterValue                  0x080013b7   Thumb Code    76  bsp_ad7190.o(i.AD7190_GetRegisterValue)
    AD7190_Init                              0x08001405   Thumb Code    56  bsp_ad7190.o(i.AD7190_Init)
    AD7190_MultiChannelSelect                0x08001451   Thumb Code    40  bsp_ad7190.o(i.AD7190_MultiChannelSelect)
    AD7190_RangeSetup                        0x08001479   Thumb Code    54  bsp_ad7190.o(i.AD7190_RangeSetup)
    AD7190_Reset                             0x080014af   Thumb Code    52  bsp_ad7190.o(i.AD7190_Reset)
    AD7190_SetRegisterValue                  0x080014e3   Thumb Code    64  bsp_ad7190.o(i.AD7190_SetRegisterValue)
    AD7190_Task                              0x08001525   Thumb Code   552  bsp_ad7190.o(i.AD7190_Task)
    AD7190_Unipolar_Multichannel_Conf        0x080017c9   Thumb Code   108  bsp_ad7190.o(i.AD7190_Unipolar_Multichannel_Conf)
    AD7190_WaitRdyGoLow                      0x08001839   Thumb Code    24  bsp_ad7190.o(i.AD7190_WaitRdyGoLow)
    BusFault_Handler                         0x08001859   Thumb Code     4  stm32f4xx_it.o(i.BusFault_Handler)
    CAN1_RX0_IRQHandler                      0x0800185d   Thumb Code    44  stm32f4xx_it.o(i.CAN1_RX0_IRQHandler)
    CAN1_TX_IRQHandler                       0x0800188d   Thumb Code    22  stm32f4xx_it.o(i.CAN1_TX_IRQHandler)
    CAN_ClearFlag                            0x080018a9   Thumb Code    52  stm32f4xx_can.o(i.CAN_ClearFlag)
    CAN_ClearITPendingBit                    0x080018e1   Thumb Code   162  stm32f4xx_can.o(i.CAN_ClearITPendingBit)
    CAN_GetITStatus                          0x08001989   Thumb Code   284  stm32f4xx_can.o(i.CAN_GetITStatus)
    CAN_Receive                              0x08001aa9   Thumb Code   240  stm32f4xx_can.o(i.CAN_Receive)
    DataPro                                  0x08001bad   Thumb Code   318  adcdistance.o(i.DataPro)
    DebugMon_Handler                         0x08001d01   Thumb Code     2  stm32f4xx_it.o(i.DebugMon_Handler)
    GPIO_Format_Init                         0x08001d05   Thumb Code   412  drv_gpio.o(i.GPIO_Format_Init)
    GPIO_Init                                0x08001f25   Thumb Code   144  stm32f4xx_gpio.o(i.GPIO_Init)
    GPIO_PinAFConfig                         0x08001fb5   Thumb Code    70  stm32f4xx_gpio.o(i.GPIO_PinAFConfig)
    GPIO_ResetBits                           0x08001ffb   Thumb Code     4  stm32f4xx_gpio.o(i.GPIO_ResetBits)
    GPIO_SetBits                             0x08001fff   Thumb Code     4  stm32f4xx_gpio.o(i.GPIO_SetBits)
    Get_ADC_flag                             0x08002005   Thumb Code     6  bsp_ad7190.o(i.Get_ADC_flag)
    Get_Gyro_Info                            0x08002011   Thumb Code   484  gyro.o(i.Get_Gyro_Info)
    Get_ad7190_data                          0x08002255   Thumb Code     4  bsp_ad7190.o(i.Get_ad7190_data)
    Get_bias_data                            0x0800225d   Thumb Code     4  bsp_ad7190.o(i.Get_bias_data)
    Get_number                               0x08002265   Thumb Code     8  bsp_ad7190.o(i.Get_number)
    Get_voltage_data                         0x08002271   Thumb Code     4  bsp_ad7190.o(i.Get_voltage_data)
    HardFault_Handler                        0x08002279   Thumb Code     4  stm32f4xx_it.o(i.HardFault_Handler)
    Key_Init                                 0x0800227d   Thumb Code    24  bsp_key.o(i.Key_Init)
    LED_Init                                 0x08002299   Thumb Code    32  bsp_led.o(i.LED_Init)
    LED_Task                                 0x080022bd   Thumb Code   116  bsp_led.o(i.LED_Task)
    MemManage_Handler                        0x0800233d   Thumb Code     4  stm32f4xx_it.o(i.MemManage_Handler)
    NMI_Handler                              0x08002341   Thumb Code     2  stm32f4xx_it.o(i.NMI_Handler)
    NVIC_Init                                0x08002345   Thumb Code   106  misc.o(i.NVIC_Init)
    NVIC_PriorityGroupConfig                 0x080023bd   Thumb Code    10  misc.o(i.NVIC_PriorityGroupConfig)
    PendSV_Handler                           0x080023d1   Thumb Code     2  stm32f4xx_it.o(i.PendSV_Handler)
    RCC_AHB1PeriphClockCmd                   0x080023d5   Thumb Code    26  stm32f4xx_rcc.o(i.RCC_AHB1PeriphClockCmd)
    RCC_APB1PeriphClockCmd                   0x080023f5   Thumb Code    26  stm32f4xx_rcc.o(i.RCC_APB1PeriphClockCmd)
    RCC_APB1PeriphResetCmd                   0x08002415   Thumb Code    26  stm32f4xx_rcc.o(i.RCC_APB1PeriphResetCmd)
    RCC_APB2PeriphClockCmd                   0x08002435   Thumb Code    26  stm32f4xx_rcc.o(i.RCC_APB2PeriphClockCmd)
    RCC_APB2PeriphResetCmd                   0x08002455   Thumb Code    26  stm32f4xx_rcc.o(i.RCC_APB2PeriphResetCmd)
    RCC_GetClocksFreq                        0x08002475   Thumb Code   214  stm32f4xx_rcc.o(i.RCC_GetClocksFreq)
    RemoteAnalyzeTask                        0x0800255d   Thumb Code   282  bsp_joystick.o(i.RemoteAnalyzeTask)
    SPI_Cmd                                  0x08002691   Thumb Code    24  stm32f4xx_spi.o(i.SPI_Cmd)
    SPI_I2S_DeInit                           0x080026a9   Thumb Code   152  stm32f4xx_spi.o(i.SPI_I2S_DeInit)
    SPI_I2S_GetFlagStatus                    0x08002759   Thumb Code    18  stm32f4xx_spi.o(i.SPI_I2S_GetFlagStatus)
    SPI_Init                                 0x0800276b   Thumb Code    60  stm32f4xx_spi.o(i.SPI_Init)
    SVC_Handler                              0x080027a7   Thumb Code     2  stm32f4xx_it.o(i.SVC_Handler)
    Serial_Send                              0x080027a9   Thumb Code   414  drv_uart.o(i.Serial_Send)
    Serial_SendByte                          0x08002951   Thumb Code    30  drv_uart.o(i.Serial_SendByte)
    Set_ADC_flag                             0x08002a5d   Thumb Code     6  bsp_ad7190.o(i.Set_ADC_flag)
    Set_ad7190_data                          0x08002a69   Thumb Code    28  bsp_ad7190.o(i.Set_ad7190_data)
    Set_bias_data                            0x08002a89   Thumb Code    28  bsp_ad7190.o(i.Set_bias_data)
    Set_number                               0x08002aa9   Thumb Code     6  bsp_ad7190.o(i.Set_number)
    Set_voltage_data                         0x08002ab5   Thumb Code    36  bsp_ad7190.o(i.Set_voltage_data)
    SysTick_Handler                          0x08002add   Thumb Code    18  stm32f4xx_it.o(i.SysTick_Handler)
    SysTick_Init                             0x08002af5   Thumb Code    38  drv_systick.o(i.SysTick_Init)
    SystemInit                               0x08002b25   Thumb Code    88  system_stm32f4xx.o(i.SystemInit)
    System_Init                              0x08002b8d   Thumb Code   188  init.o(i.System_Init)
    TIM2_IRQHandler                          0x08002c9d   Thumb Code    32  stm32f4xx_it.o(i.TIM2_IRQHandler)
    TIM2_Init                                0x08002cbd   Thumb Code    88  drv_timer.o(i.TIM2_Init)
    TIM3_IRQHandler                          0x08002d15   Thumb Code    26  stm32f4xx_it.o(i.TIM3_IRQHandler)
    TIM3_Init                                0x08002d35   Thumb Code    86  drv_timer.o(i.TIM3_Init)
    TIM_ClearITPendingBit                    0x08002d91   Thumb Code     6  stm32f4xx_tim.o(i.TIM_ClearITPendingBit)
    TIM_Cmd                                  0x08002d97   Thumb Code    24  stm32f4xx_tim.o(i.TIM_Cmd)
    TIM_GetITStatus                          0x08002daf   Thumb Code    34  stm32f4xx_tim.o(i.TIM_GetITStatus)
    TIM_ITConfig                             0x08002dd1   Thumb Code    18  stm32f4xx_tim.o(i.TIM_ITConfig)
    TIM_TimeBaseInit                         0x08002de5   Thumb Code   104  stm32f4xx_tim.o(i.TIM_TimeBaseInit)
    USART1_IRQHandler                        0x08002e69   Thumb Code    26  stm32f4xx_it.o(i.USART1_IRQHandler)
    USART1_Init                              0x08002e89   Thumb Code   170  drv_uart.o(i.USART1_Init)
    USART2_IRQHandler                        0x08002f3d   Thumb Code     8  stm32f4xx_it.o(i.USART2_IRQHandler)
    USART2_Init                              0x08002f45   Thumb Code   168  drv_uart.o(i.USART2_Init)
    USART3_IRQHandler                        0x08002ff5   Thumb Code    24  stm32f4xx_it.o(i.USART3_IRQHandler)
    USART6_IRQHandler                        0x08003011   Thumb Code    38  stm32f4xx_it.o(i.USART6_IRQHandler)
    USART6_Init                              0x0800303d   Thumb Code   166  drv_uart.o(i.USART6_Init)
    USART_ClearITPendingBit                  0x080030ed   Thumb Code    30  stm32f4xx_usart.o(i.USART_ClearITPendingBit)
    USART_Cmd                                0x0800310b   Thumb Code    24  stm32f4xx_usart.o(i.USART_Cmd)
    USART_GetFlagStatus                      0x08003123   Thumb Code    26  stm32f4xx_usart.o(i.USART_GetFlagStatus)
    USART_ITConfig                           0x0800313d   Thumb Code    74  stm32f4xx_usart.o(i.USART_ITConfig)
    USART_Init                               0x08003189   Thumb Code   204  stm32f4xx_usart.o(i.USART_Init)
    USART_ReceiveData                        0x0800325d   Thumb Code    10  stm32f4xx_usart.o(i.USART_ReceiveData)
    USART_SendData                           0x08003267   Thumb Code     8  stm32f4xx_usart.o(i.USART_SendData)
    UnPack                                   0x08003271   Thumb Code   204  bsp_joystick.o(i.UnPack)
    UpdateRemoteInfo                         0x0800334d   Thumb Code   150  bsp_joystick.o(i.UpdateRemoteInfo)
    UsageFault_Handler                       0x080033f1   Thumb Code     4  stm32f4xx_it.o(i.UsageFault_Handler)
    XOR_Check                                0x080033f5   Thumb Code    50  gyro.o(i.XOR_Check)
    __ARM_fpclassify                         0x08003427   Thumb Code    48  fpclassify.o(i.__ARM_fpclassify)
    delay_ms                                 0x08003459   Thumb Code    62  drv_systick.o(i.delay_ms)
    delay_us                                 0x0800349d   Thumb Code    56  drv_systick.o(i.delay_us)
    drv_spi_init                             0x080034d9   Thumb Code   186  drv_spi.o(i.drv_spi_init)
    drv_spi_read_write_byte                  0x0800359d   Thumb Code    80  drv_spi.o(i.drv_spi_read_write_byte)
    drv_spi_read_write_string                0x080035f1   Thumb Code    50  drv_spi.o(i.drv_spi_read_write_string)
    itoa                                     0x08003629   Thumb Code    98  drv_uart.o(i.itoa)
    main                                     0x08003691   Thumb Code     8  main.o(i.main)
    _get_lc_numeric                          0x08003699   Thumb Code    44  lc_numeric_c.o(locale$$code)
    __aeabi_dadd                             0x080036c5   Thumb Code     0  daddsub_clz.o(x$fpl$dadd)
    _dadd                                    0x080036c5   Thumb Code   332  daddsub_clz.o(x$fpl$dadd)
    __aeabi_ddiv                             0x08003815   Thumb Code     0  ddiv.o(x$fpl$ddiv)
    _ddiv                                    0x08003815   Thumb Code   552  ddiv.o(x$fpl$ddiv)
    __aeabi_i2d                              0x08003ac5   Thumb Code     0  dflt_clz.o(x$fpl$dflt)
    _dflt                                    0x08003ac5   Thumb Code    46  dflt_clz.o(x$fpl$dflt)
    __aeabi_dmul                             0x08003af5   Thumb Code     0  dmul.o(x$fpl$dmul)
    _dmul                                    0x08003af5   Thumb Code   332  dmul.o(x$fpl$dmul)
    __fpl_dnaninf                            0x08003c49   Thumb Code   156  dnaninf.o(x$fpl$dnaninf)
    __fpl_dretinf                            0x08003ce5   Thumb Code    12  dretinf.o(x$fpl$dretinf)
    __aeabi_dsub                             0x08003cf1   Thumb Code     0  daddsub_clz.o(x$fpl$dsub)
    _dsub                                    0x08003cf1   Thumb Code   464  daddsub_clz.o(x$fpl$dsub)
    __aeabi_f2d                              0x08003ec5   Thumb Code     0  f2d.o(x$fpl$f2d)
    _f2d                                     0x08003ec5   Thumb Code    86  f2d.o(x$fpl$f2d)
    __fpl_fnaninf                            0x08003f1b   Thumb Code   140  fnaninf.o(x$fpl$fnaninf)
    _fp_init                                 0x08003fa7   Thumb Code    10  fpinit.o(x$fpl$fpinit)
    __fplib_config_fpu_vfp                   0x08003faf   Thumb Code     0  fpinit.o(x$fpl$fpinit)
    __fplib_config_pureend_doubles           0x08003faf   Thumb Code     0  fpinit.o(x$fpl$fpinit)
    _printf_fp_dec                           0x08003fb1   Thumb Code     4  printf1.o(x$fpl$printf1)
    __I$use$fp                               0x08003fb4   Number         0  usenofp.o(x$fpl$usenofp)
    Region$$Table$$Base                      0x08004070   Number         0  anon$$obj.o(Region$$Table)
    Region$$Table$$Limit                     0x08004090   Number         0  anon$$obj.o(Region$$Table)
    SystemCoreClock                          0x20000000   Data           4  system_stm32f4xx.o(.data)
    AHBPrescTable                            0x20000004   Data          16  system_stm32f4xx.o(.data)
    E_COUNTER                                0x20000014   Data           4  drv_systick.o(.data)
    ADC_flag                                 0x20000028   Data           1  bsp_ad7190.o(.data)
    number                                   0x20000029   Data           1  bsp_ad7190.o(.data)
    RemoteUpdated                            0x2000002f   Data           1  bsp_joystick.o(.data)
    Remote_Refresh                           0x20000030   Data           1  bsp_joystick.o(.data)
    Joystick_Connect_Flag                    0x20000031   Data           1  bsp_joystick.o(.data)
    head                                     0x2000004d   Data           1  adcdistance.o(.data)
    tail                                     0x2000004e   Data           1  adcdistance.o(.data)
    ad7190_data                              0x20000050   Data          16  bsp_ad7190.o(.bss)
    bias_data                                0x20000060   Data          16  bsp_ad7190.o(.bss)
    voltage_data                             0x20000070   Data          32  bsp_ad7190.o(.bss)
    distance                                 0x20000090   Data          32  bsp_ad7190.o(.bss)
    Remote                                   0x200000e0   Data          30  bsp_joystick.o(.bss)
    KEY_G                                    0x200000fe   Data          16  bsp_joystick.o(.bss)
    ADC_Value_G                              0x2000010e   Data          14  bsp_joystick.o(.bss)
    RX_Buffer                                0x2000011c   Data          16  bsp_joystick.o(.bss)
    Gyro_Info                                0x20000130   Data          16  gyro.o(.bss)
    data_queue                               0x20000140   Data         672  adcdistance.o(.bss)
    __libspace_start                         0x200003e0   Data          96  libspace.o(.bss)
    __temporary_stack_top$libspace           0x20000440   Data           0  libspace.o(.bss)



==============================================================================

Memory Map of the image

  Image Entry point : 0x08000189

  Load Region LR_IROM1 (Base: 0x08000000, Size: 0x000040fc, Max: 0x00080000, ABSOLUTE)

    Execution Region ER_IROM1 (Exec base: 0x08000000, Load base: 0x08000000, Size: 0x000040ac, Max: 0x00080000, ABSOLUTE)

    Exec Addr    Load Addr    Size         Type   Attr      Idx    E Section Name        Object

    0x08000000   0x08000000   0x00000188   Data   RO         1814    RESET               startup_stm32f40_41xxx.o
    0x08000188   0x08000188   0x00000008   Code   RO         6808  * !!!main             c_w.l(__main.o)
    0x08000190   0x08000190   0x00000034   Code   RO         7130    !!!scatter          c_w.l(__scatter.o)
    0x080001c4   0x080001c4   0x0000001a   Code   RO         7132    !!handler_copy      c_w.l(__scatter_copy.o)
    0x080001de   0x080001de   0x00000002   PAD
    0x080001e0   0x080001e0   0x0000001c   Code   RO         7134    !!handler_zi        c_w.l(__scatter_zi.o)
    0x080001fc   0x080001fc   0x00000000   Code   RO         6805    .ARM.Collect$$_printf_percent$$00000000  c_w.l(_printf_percent.o)
    0x080001fc   0x080001fc   0x00000006   Code   RO         6804    .ARM.Collect$$_printf_percent$$00000003  c_w.l(_printf_f.o)
    0x08000202   0x08000202   0x00000006   Code   RO         6802    .ARM.Collect$$_printf_percent$$0000000C  c_w.l(_printf_x.o)
    0x08000208   0x08000208   0x00000004   Code   RO         6871    .ARM.Collect$$_printf_percent$$00000017  c_w.l(_printf_percent_end.o)
    0x0800020c   0x0800020c   0x00000002   Code   RO         7001    .ARM.Collect$$libinit$$00000000  c_w.l(libinit.o)
    0x0800020e   0x0800020e   0x00000004   Code   RO         7002    .ARM.Collect$$libinit$$00000001  c_w.l(libinit2.o)
    0x08000212   0x08000212   0x00000000   Code   RO         7005    .ARM.Collect$$libinit$$00000004  c_w.l(libinit2.o)
    0x08000212   0x08000212   0x00000000   Code   RO         7008    .ARM.Collect$$libinit$$0000000A  c_w.l(libinit2.o)
    0x08000212   0x08000212   0x00000000   Code   RO         7010    .ARM.Collect$$libinit$$0000000C  c_w.l(libinit2.o)
    0x08000212   0x08000212   0x00000000   Code   RO         7012    .ARM.Collect$$libinit$$0000000E  c_w.l(libinit2.o)
    0x08000212   0x08000212   0x00000006   Code   RO         7013    .ARM.Collect$$libinit$$0000000F  c_w.l(libinit2.o)
    0x08000218   0x08000218   0x00000000   Code   RO         7015    .ARM.Collect$$libinit$$00000011  c_w.l(libinit2.o)
    0x08000218   0x08000218   0x00000000   Code   RO         7017    .ARM.Collect$$libinit$$00000013  c_w.l(libinit2.o)
    0x08000218   0x08000218   0x00000000   Code   RO         7019    .ARM.Collect$$libinit$$00000015  c_w.l(libinit2.o)
    0x08000218   0x08000218   0x0000000a   Code   RO         7020    .ARM.Collect$$libinit$$00000016  c_w.l(libinit2.o)
    0x08000222   0x08000222   0x00000000   Code   RO         7021    .ARM.Collect$$libinit$$00000017  c_w.l(libinit2.o)
    0x08000222   0x08000222   0x00000000   Code   RO         7023    .ARM.Collect$$libinit$$00000019  c_w.l(libinit2.o)
    0x08000222   0x08000222   0x00000000   Code   RO         7025    .ARM.Collect$$libinit$$0000001B  c_w.l(libinit2.o)
    0x08000222   0x08000222   0x00000000   Code   RO         7027    .ARM.Collect$$libinit$$0000001D  c_w.l(libinit2.o)
    0x08000222   0x08000222   0x00000000   Code   RO         7029    .ARM.Collect$$libinit$$0000001F  c_w.l(libinit2.o)
    0x08000222   0x08000222   0x00000000   Code   RO         7031    .ARM.Collect$$libinit$$00000021  c_w.l(libinit2.o)
    0x08000222   0x08000222   0x00000000   Code   RO         7033    .ARM.Collect$$libinit$$00000023  c_w.l(libinit2.o)
    0x08000222   0x08000222   0x00000000   Code   RO         7035    .ARM.Collect$$libinit$$00000025  c_w.l(libinit2.o)
    0x08000222   0x08000222   0x00000000   Code   RO         7039    .ARM.Collect$$libinit$$0000002C  c_w.l(libinit2.o)
    0x08000222   0x08000222   0x00000000   Code   RO         7041    .ARM.Collect$$libinit$$0000002E  c_w.l(libinit2.o)
    0x08000222   0x08000222   0x00000000   Code   RO         7043    .ARM.Collect$$libinit$$00000030  c_w.l(libinit2.o)
    0x08000222   0x08000222   0x00000000   Code   RO         7045    .ARM.Collect$$libinit$$00000032  c_w.l(libinit2.o)
    0x08000222   0x08000222   0x00000002   Code   RO         7046    .ARM.Collect$$libinit$$00000033  c_w.l(libinit2.o)
    0x08000224   0x08000224   0x00000002   Code   RO         7078    .ARM.Collect$$libshutdown$$00000000  c_w.l(libshutdown.o)
    0x08000226   0x08000226   0x00000000   Code   RO         7089    .ARM.Collect$$libshutdown$$00000002  c_w.l(libshutdown2.o)
    0x08000226   0x08000226   0x00000000   Code   RO         7091    .ARM.Collect$$libshutdown$$00000004  c_w.l(libshutdown2.o)
    0x08000226   0x08000226   0x00000000   Code   RO         7094    .ARM.Collect$$libshutdown$$00000007  c_w.l(libshutdown2.o)
    0x08000226   0x08000226   0x00000000   Code   RO         7097    .ARM.Collect$$libshutdown$$0000000A  c_w.l(libshutdown2.o)
    0x08000226   0x08000226   0x00000000   Code   RO         7099    .ARM.Collect$$libshutdown$$0000000C  c_w.l(libshutdown2.o)
    0x08000226   0x08000226   0x00000000   Code   RO         7102    .ARM.Collect$$libshutdown$$0000000F  c_w.l(libshutdown2.o)
    0x08000226   0x08000226   0x00000002   Code   RO         7103    .ARM.Collect$$libshutdown$$00000010  c_w.l(libshutdown2.o)
    0x08000228   0x08000228   0x00000000   Code   RO         6860    .ARM.Collect$$rtentry$$00000000  c_w.l(__rtentry.o)
    0x08000228   0x08000228   0x00000000   Code   RO         6921    .ARM.Collect$$rtentry$$00000002  c_w.l(__rtentry2.o)
    0x08000228   0x08000228   0x00000006   Code   RO         6933    .ARM.Collect$$rtentry$$00000004  c_w.l(__rtentry4.o)
    0x0800022e   0x0800022e   0x00000000   Code   RO         6923    .ARM.Collect$$rtentry$$00000009  c_w.l(__rtentry2.o)
    0x0800022e   0x0800022e   0x00000004   Code   RO         6924    .ARM.Collect$$rtentry$$0000000A  c_w.l(__rtentry2.o)
    0x08000232   0x08000232   0x00000000   Code   RO         6926    .ARM.Collect$$rtentry$$0000000C  c_w.l(__rtentry2.o)
    0x08000232   0x08000232   0x00000008   Code   RO         6927    .ARM.Collect$$rtentry$$0000000D  c_w.l(__rtentry2.o)
    0x0800023a   0x0800023a   0x00000002   Code   RO         7049    .ARM.Collect$$rtexit$$00000000  c_w.l(rtexit.o)
    0x0800023c   0x0800023c   0x00000000   Code   RO         7056    .ARM.Collect$$rtexit$$00000002  c_w.l(rtexit2.o)
    0x0800023c   0x0800023c   0x00000004   Code   RO         7057    .ARM.Collect$$rtexit$$00000003  c_w.l(rtexit2.o)
    0x08000240   0x08000240   0x00000006   Code   RO         7058    .ARM.Collect$$rtexit$$00000004  c_w.l(rtexit2.o)
    0x08000246   0x08000246   0x00000002   PAD
    0x08000248   0x08000248   0x00000040   Code   RO         1815    .text               startup_stm32f40_41xxx.o
    0x08000288   0x08000288   0x00000028   Code   RO         6755    .text               c_w.l(noretval__2sprintf.o)
    0x080002b0   0x080002b0   0x00000068   Code   RO         6757    .text               c_w.l(__printf.o)
    0x08000318   0x08000318   0x00000058   Code   RO         6764    .text               c_w.l(_printf_hex_int.o)
    0x08000370   0x08000370   0x00000006   Code   RO         6806    .text               c_w.l(heapauxi.o)
    0x08000376   0x08000376   0x000000b2   Code   RO         6863    .text               c_w.l(_printf_intcommon.o)
    0x08000428   0x08000428   0x0000041e   Code   RO         6865    .text               c_w.l(_printf_fp_dec.o)
    0x08000846   0x08000846   0x00000002   PAD
    0x08000848   0x08000848   0x00000030   Code   RO         6867    .text               c_w.l(_printf_char_common.o)
    0x08000878   0x08000878   0x0000000a   Code   RO         6869    .text               c_w.l(_sputc.o)
    0x08000882   0x08000882   0x00000002   PAD
    0x08000884   0x08000884   0x00000008   Code   RO         6938    .text               c_w.l(rt_locale_intlibspace.o)
    0x0800088c   0x0800088c   0x0000008a   Code   RO         6945    .text               c_w.l(lludiv10.o)
    0x08000916   0x08000916   0x00000002   PAD
    0x08000918   0x08000918   0x00000080   Code   RO         6947    .text               c_w.l(_printf_fp_infnan.o)
    0x08000998   0x08000998   0x000000e4   Code   RO         6951    .text               c_w.l(bigflt0.o)
    0x08000a7c   0x08000a7c   0x00000008   Code   RO         6987    .text               c_w.l(libspace.o)
    0x08000a84   0x08000a84   0x0000004a   Code   RO         6990    .text               c_w.l(sys_stackheap_outer.o)
    0x08000ace   0x08000ace   0x00000012   Code   RO         6992    .text               c_w.l(exit.o)
    0x08000ae0   0x08000ae0   0x00000080   Code   RO         6994    .text               c_w.l(strcmpv7m.o)
    0x08000b60   0x08000b60   0x0000000c   Code   RO         7068    .text               c_w.l(sys_exit.o)
    0x08000b6c   0x08000b6c   0x00000002   Code   RO         7079    .text               c_w.l(use_no_semi.o)
    0x08000b6e   0x08000b6e   0x00000000   Code   RO         7081    .text               c_w.l(indicate_semi.o)
    0x08000b6e   0x08000b6e   0x0000003e   Code   RO         6954    CL$$btod_d2e        c_w.l(btod.o)
    0x08000bac   0x08000bac   0x00000046   Code   RO         6956    CL$$btod_d2e_denorm_low  c_w.l(btod.o)
    0x08000bf2   0x08000bf2   0x00000060   Code   RO         6955    CL$$btod_d2e_norm_op1  c_w.l(btod.o)
    0x08000c52   0x08000c52   0x00000338   Code   RO         6964    CL$$btod_div_common  c_w.l(btod.o)
    0x08000f8a   0x08000f8a   0x000000dc   Code   RO         6961    CL$$btod_e2e        c_w.l(btod.o)
    0x08001066   0x08001066   0x0000002a   Code   RO         6958    CL$$btod_ediv       c_w.l(btod.o)
    0x08001090   0x08001090   0x0000002a   Code   RO         6957    CL$$btod_emul       c_w.l(btod.o)
    0x080010ba   0x080010ba   0x00000244   Code   RO         6963    CL$$btod_mult_common  c_w.l(btod.o)
    0x080012fe   0x080012fe   0x0000003a   Code   RO         1144    i.AD7190_Calibrate  bsp_ad7190.o
    0x08001338   0x08001338   0x0000002c   Code   RO         1145    i.AD7190_ChannelSelect  bsp_ad7190.o
    0x08001364   0x08001364   0x0000002c   Code   RO         1146    i.AD7190_ChopSetting  bsp_ad7190.o
    0x08001390   0x08001390   0x00000026   Code   RO         1147    i.AD7190_Continuous_ReadData  bsp_ad7190.o
    0x080013b6   0x080013b6   0x0000004c   Code   RO         1148    i.AD7190_GetRegisterValue  bsp_ad7190.o
    0x08001402   0x08001402   0x00000002   PAD
    0x08001404   0x08001404   0x0000004c   Code   RO         1149    i.AD7190_Init       bsp_ad7190.o
    0x08001450   0x08001450   0x00000028   Code   RO         1150    i.AD7190_MultiChannelSelect  bsp_ad7190.o
    0x08001478   0x08001478   0x00000036   Code   RO         1151    i.AD7190_RangeSetup  bsp_ad7190.o
    0x080014ae   0x080014ae   0x00000034   Code   RO         1152    i.AD7190_Reset      bsp_ad7190.o
    0x080014e2   0x080014e2   0x00000040   Code   RO         1153    i.AD7190_SetRegisterValue  bsp_ad7190.o
    0x08001522   0x08001522   0x00000002   PAD
    0x08001524   0x08001524   0x000002a4   Code   RO         1154    i.AD7190_Task       bsp_ad7190.o
    0x080017c8   0x080017c8   0x00000070   Code   RO         1155    i.AD7190_Unipolar_Multichannel_Conf  bsp_ad7190.o
    0x08001838   0x08001838   0x00000020   Code   RO         1156    i.AD7190_WaitRdyGoLow  bsp_ad7190.o
    0x08001858   0x08001858   0x00000004   Code   RO          143    i.BusFault_Handler  stm32f4xx_it.o
    0x0800185c   0x0800185c   0x00000030   Code   RO          144    i.CAN1_RX0_IRQHandler  stm32f4xx_it.o
    0x0800188c   0x0800188c   0x0000001c   Code   RO          145    i.CAN1_TX_IRQHandler  stm32f4xx_it.o
    0x080018a8   0x080018a8   0x00000038   Code   RO         2108    i.CAN_ClearFlag     stm32f4xx_can.o
    0x080018e0   0x080018e0   0x000000a8   Code   RO         2109    i.CAN_ClearITPendingBit  stm32f4xx_can.o
    0x08001988   0x08001988   0x00000120   Code   RO         2115    i.CAN_GetITStatus   stm32f4xx_can.o
    0x08001aa8   0x08001aa8   0x000000f0   Code   RO         2123    i.CAN_Receive       stm32f4xx_can.o
    0x08001b98   0x08001b98   0x00000012   Code   RO         2131    i.CheckITStatus     stm32f4xx_can.o
    0x08001baa   0x08001baa   0x00000002   PAD
    0x08001bac   0x08001bac   0x00000154   Code   RO         6735    i.DataPro           adcdistance.o
    0x08001d00   0x08001d00   0x00000002   Code   RO          146    i.DebugMon_Handler  stm32f4xx_it.o
    0x08001d02   0x08001d02   0x00000002   PAD
    0x08001d04   0x08001d04   0x00000220   Code   RO          806    i.GPIO_Format_Init  drv_gpio.o
    0x08001f24   0x08001f24   0x00000090   Code   RO         3544    i.GPIO_Init         stm32f4xx_gpio.o
    0x08001fb4   0x08001fb4   0x00000046   Code   RO         3545    i.GPIO_PinAFConfig  stm32f4xx_gpio.o
    0x08001ffa   0x08001ffa   0x00000004   Code   RO         3551    i.GPIO_ResetBits    stm32f4xx_gpio.o
    0x08001ffe   0x08001ffe   0x00000004   Code   RO         3552    i.GPIO_SetBits      stm32f4xx_gpio.o
    0x08002002   0x08002002   0x00000002   PAD
    0x08002004   0x08002004   0x0000000c   Code   RO         1157    i.Get_ADC_flag      bsp_ad7190.o
    0x08002010   0x08002010   0x00000244   Code   RO         6704    i.Get_Gyro_Info     gyro.o
    0x08002254   0x08002254   0x00000008   Code   RO         1158    i.Get_ad7190_data   bsp_ad7190.o
    0x0800225c   0x0800225c   0x00000008   Code   RO         1159    i.Get_bias_data     bsp_ad7190.o
    0x08002264   0x08002264   0x0000000c   Code   RO         1160    i.Get_number        bsp_ad7190.o
    0x08002270   0x08002270   0x00000008   Code   RO         1161    i.Get_voltage_data  bsp_ad7190.o
    0x08002278   0x08002278   0x00000004   Code   RO          147    i.HardFault_Handler  stm32f4xx_it.o
    0x0800227c   0x0800227c   0x0000001c   Code   RO         1708    i.Key_Init          bsp_key.o
    0x08002298   0x08002298   0x00000024   Code   RO         1114    i.LED_Init          bsp_led.o
    0x080022bc   0x080022bc   0x00000080   Code   RO         1115    i.LED_Task          bsp_led.o
    0x0800233c   0x0800233c   0x00000004   Code   RO          148    i.MemManage_Handler  stm32f4xx_it.o
    0x08002340   0x08002340   0x00000002   Code   RO          149    i.NMI_Handler       stm32f4xx_it.o
    0x08002342   0x08002342   0x00000002   PAD
    0x08002344   0x08002344   0x00000078   Code   RO         1821    i.NVIC_Init         misc.o
    0x080023bc   0x080023bc   0x00000014   Code   RO         1822    i.NVIC_PriorityGroupConfig  misc.o
    0x080023d0   0x080023d0   0x00000002   Code   RO          150    i.PendSV_Handler    stm32f4xx_it.o
    0x080023d2   0x080023d2   0x00000002   PAD
    0x080023d4   0x080023d4   0x00000020   Code   RO         4408    i.RCC_AHB1PeriphClockCmd  stm32f4xx_rcc.o
    0x080023f4   0x080023f4   0x00000020   Code   RO         4417    i.RCC_APB1PeriphClockCmd  stm32f4xx_rcc.o
    0x08002414   0x08002414   0x00000020   Code   RO         4419    i.RCC_APB1PeriphResetCmd  stm32f4xx_rcc.o
    0x08002434   0x08002434   0x00000020   Code   RO         4420    i.RCC_APB2PeriphClockCmd  stm32f4xx_rcc.o
    0x08002454   0x08002454   0x00000020   Code   RO         4422    i.RCC_APB2PeriphResetCmd  stm32f4xx_rcc.o
    0x08002474   0x08002474   0x000000e8   Code   RO         4429    i.RCC_GetClocksFreq  stm32f4xx_rcc.o
    0x0800255c   0x0800255c   0x00000134   Code   RO         1360    i.RemoteAnalyzeTask  bsp_joystick.o
    0x08002690   0x08002690   0x00000018   Code   RO         5525    i.SPI_Cmd           stm32f4xx_spi.o
    0x080026a8   0x080026a8   0x000000b0   Code   RO         5532    i.SPI_I2S_DeInit    stm32f4xx_spi.o
    0x08002758   0x08002758   0x00000012   Code   RO         5533    i.SPI_I2S_GetFlagStatus  stm32f4xx_spi.o
    0x0800276a   0x0800276a   0x0000003c   Code   RO         5538    i.SPI_Init          stm32f4xx_spi.o
    0x080027a6   0x080027a6   0x00000002   Code   RO          151    i.SVC_Handler       stm32f4xx_it.o
    0x080027a8   0x080027a8   0x000001a8   Code   RO          612    i.Serial_Send       drv_uart.o
    0x08002950   0x08002950   0x0000001e   Code   RO          613    i.Serial_SendByte   drv_uart.o
    0x0800296e   0x0800296e   0x00000002   PAD
    0x08002970   0x08002970   0x000000ec   Code   RO            3    i.SetSysClock       system_stm32f4xx.o
    0x08002a5c   0x08002a5c   0x0000000c   Code   RO         1162    i.Set_ADC_flag      bsp_ad7190.o
    0x08002a68   0x08002a68   0x00000020   Code   RO         1163    i.Set_ad7190_data   bsp_ad7190.o
    0x08002a88   0x08002a88   0x00000020   Code   RO         1164    i.Set_bias_data     bsp_ad7190.o
    0x08002aa8   0x08002aa8   0x0000000c   Code   RO         1165    i.Set_number        bsp_ad7190.o
    0x08002ab4   0x08002ab4   0x00000028   Code   RO         1166    i.Set_voltage_data  bsp_ad7190.o
    0x08002adc   0x08002adc   0x00000018   Code   RO          152    i.SysTick_Handler   stm32f4xx_it.o
    0x08002af4   0x08002af4   0x00000030   Code   RO          548    i.SysTick_Init      drv_systick.o
    0x08002b24   0x08002b24   0x00000068   Code   RO            5    i.SystemInit        system_stm32f4xx.o
    0x08002b8c   0x08002b8c   0x00000110   Code   RO          467    i.System_Init       init.o
    0x08002c9c   0x08002c9c   0x00000020   Code   RO          153    i.TIM2_IRQHandler   stm32f4xx_it.o
    0x08002cbc   0x08002cbc   0x00000058   Code   RO          753    i.TIM2_Init         drv_timer.o
    0x08002d14   0x08002d14   0x00000020   Code   RO          154    i.TIM3_IRQHandler   stm32f4xx_it.o
    0x08002d34   0x08002d34   0x0000005c   Code   RO          754    i.TIM3_Init         drv_timer.o
    0x08002d90   0x08002d90   0x00000006   Code   RO         5750    i.TIM_ClearITPendingBit  stm32f4xx_tim.o
    0x08002d96   0x08002d96   0x00000018   Code   RO         5755    i.TIM_Cmd           stm32f4xx_tim.o
    0x08002dae   0x08002dae   0x00000022   Code   RO         5776    i.TIM_GetITStatus   stm32f4xx_tim.o
    0x08002dd0   0x08002dd0   0x00000012   Code   RO         5780    i.TIM_ITConfig      stm32f4xx_tim.o
    0x08002de2   0x08002de2   0x00000002   PAD
    0x08002de4   0x08002de4   0x00000084   Code   RO         5827    i.TIM_TimeBaseInit  stm32f4xx_tim.o
    0x08002e68   0x08002e68   0x00000020   Code   RO          155    i.USART1_IRQHandler  stm32f4xx_it.o
    0x08002e88   0x08002e88   0x000000b4   Code   RO          614    i.USART1_Init       drv_uart.o
    0x08002f3c   0x08002f3c   0x00000008   Code   RO          156    i.USART2_IRQHandler  stm32f4xx_it.o
    0x08002f44   0x08002f44   0x000000b0   Code   RO          615    i.USART2_Init       drv_uart.o
    0x08002ff4   0x08002ff4   0x0000001c   Code   RO          157    i.USART3_IRQHandler  stm32f4xx_it.o
    0x08003010   0x08003010   0x0000002c   Code   RO          158    i.USART6_IRQHandler  stm32f4xx_it.o
    0x0800303c   0x0800303c   0x000000b0   Code   RO          617    i.USART6_Init       drv_uart.o
    0x080030ec   0x080030ec   0x0000001e   Code   RO         6302    i.USART_ClearITPendingBit  stm32f4xx_usart.o
    0x0800310a   0x0800310a   0x00000018   Code   RO         6305    i.USART_Cmd         stm32f4xx_usart.o
    0x08003122   0x08003122   0x0000001a   Code   RO         6308    i.USART_GetFlagStatus  stm32f4xx_usart.o
    0x0800313c   0x0800313c   0x0000004a   Code   RO         6311    i.USART_ITConfig    stm32f4xx_usart.o
    0x08003186   0x08003186   0x00000002   PAD
    0x08003188   0x08003188   0x000000d4   Code   RO         6312    i.USART_Init        stm32f4xx_usart.o
    0x0800325c   0x0800325c   0x0000000a   Code   RO         6319    i.USART_ReceiveData  stm32f4xx_usart.o
    0x08003266   0x08003266   0x00000008   Code   RO         6322    i.USART_SendData    stm32f4xx_usart.o
    0x0800326e   0x0800326e   0x00000002   PAD
    0x08003270   0x08003270   0x000000dc   Code   RO         1386    i.UnPack            bsp_joystick.o
    0x0800334c   0x0800334c   0x000000a4   Code   RO         1387    i.UpdateRemoteInfo  bsp_joystick.o
    0x080033f0   0x080033f0   0x00000004   Code   RO          159    i.UsageFault_Handler  stm32f4xx_it.o
    0x080033f4   0x080033f4   0x00000032   Code   RO         6705    i.XOR_Check         gyro.o
    0x08003426   0x08003426   0x00000030   Code   RO         6983    i.__ARM_fpclassify  m_wm.l(fpclassify.o)
    0x08003456   0x08003456   0x00000002   PAD
    0x08003458   0x08003458   0x00000044   Code   RO          549    i.delay_ms          drv_systick.o
    0x0800349c   0x0800349c   0x0000003c   Code   RO          550    i.delay_us          drv_systick.o
    0x080034d8   0x080034d8   0x000000c4   Code   RO          487    i.drv_spi_init      drv_spi.o
    0x0800359c   0x0800359c   0x00000054   Code   RO          488    i.drv_spi_read_write_byte  drv_spi.o
    0x080035f0   0x080035f0   0x00000038   Code   RO          489    i.drv_spi_read_write_string  drv_spi.o
    0x08003628   0x08003628   0x00000068   Code   RO          620    i.itoa              drv_uart.o
    0x08003690   0x08003690   0x00000008   Code   RO          438    i.main              main.o
    0x08003698   0x08003698   0x0000002c   Code   RO         6977    locale$$code        c_w.l(lc_numeric_c.o)
    0x080036c4   0x080036c4   0x00000150   Code   RO         6812    x$fpl$dadd          fz_wm.l(daddsub_clz.o)
    0x08003814   0x08003814   0x000002b0   Code   RO         6819    x$fpl$ddiv          fz_wm.l(ddiv.o)
    0x08003ac4   0x08003ac4   0x0000002e   Code   RO         6831    x$fpl$dflt          fz_wm.l(dflt_clz.o)
    0x08003af2   0x08003af2   0x00000002   PAD
    0x08003af4   0x08003af4   0x00000154   Code   RO         6836    x$fpl$dmul          fz_wm.l(dmul.o)
    0x08003c48   0x08003c48   0x0000009c   Code   RO         6874    x$fpl$dnaninf       fz_wm.l(dnaninf.o)
    0x08003ce4   0x08003ce4   0x0000000c   Code   RO         6876    x$fpl$dretinf       fz_wm.l(dretinf.o)
    0x08003cf0   0x08003cf0   0x000001d4   Code   RO         6814    x$fpl$dsub          fz_wm.l(daddsub_clz.o)
    0x08003ec4   0x08003ec4   0x00000056   Code   RO         6838    x$fpl$f2d           fz_wm.l(f2d.o)
    0x08003f1a   0x08003f1a   0x0000008c   Code   RO         6880    x$fpl$fnaninf       fz_wm.l(fnaninf.o)
    0x08003fa6   0x08003fa6   0x0000000a   Code   RO         7053    x$fpl$fpinit        fz_wm.l(fpinit.o)
    0x08003fb0   0x08003fb0   0x00000004   Code   RO         6840    x$fpl$printf1       fz_wm.l(printf1.o)
    0x08003fb4   0x08003fb4   0x00000000   Code   RO         6884    x$fpl$usenofp       fz_wm.l(usenofp.o)
    0x08003fb4   0x08003fb4   0x00000028   Data   RO         6765    .constdata          c_w.l(_printf_hex_int.o)
    0x08003fdc   0x08003fdc   0x00000094   Data   RO         6952    .constdata          c_w.l(bigflt0.o)
    0x08004070   0x08004070   0x00000020   Data   RO         7128    Region$$Table       anon$$obj.o
    0x08004090   0x08004090   0x0000001c   Data   RO         6976    locale$$data        c_w.l(lc_numeric_c.o)


    Execution Region RW_IRAM2 (Exec base: 0x10000000, Load base: 0x080040fc, Size: 0x00000000, Max: 0x00010000, ABSOLUTE)

    **** No section assigned to this execution region ****


    Execution Region RW_IRAM1 (Exec base: 0x20000000, Load base: 0x080040ac, Size: 0x00000a40, Max: 0x00020000, ABSOLUTE)

    Exec Addr    Load Addr    Size         Type   Attr      Idx    E Section Name        Object

    0x20000000   0x080040ac   0x00000014   Data   RW            6    .data               system_stm32f4xx.o
    0x20000014   0x080040c0   0x00000004   Data   RW          551    .data               drv_systick.o
    0x20000018   0x080040c4   0x00000010   Data   RW         1116    .data               bsp_led.o
    0x20000028   0x080040d4   0x00000007   Data   RW         1169    .data               bsp_ad7190.o
    0x2000002f   0x080040db   0x00000007   Data   RW         1389    .data               bsp_joystick.o
    0x20000036   0x080040e2   0x00000010   Data   RW         4461    .data               stm32f4xx_rcc.o
    0x20000046   0x080040f2   0x00000007   Data   RW         6707    .data               gyro.o
    0x2000004d   0x080040f9   0x00000002   Data   RW         6737    .data               adcdistance.o
    0x2000004f   0x080040fb   0x00000001   PAD
    0x20000050        -       0x00000090   Zero   RW         1167    .bss                bsp_ad7190.o
    0x200000e0        -       0x0000004c   Zero   RW         1388    .bss                bsp_joystick.o
    0x2000012c   0x080040fb   0x00000004   PAD
    0x20000130        -       0x00000010   Zero   RW         6706    .bss                gyro.o
    0x20000140        -       0x000002a0   Zero   RW         6736    .bss                adcdistance.o
    0x200003e0        -       0x00000060   Zero   RW         6988    .bss                c_w.l(libspace.o)
    0x20000440        -       0x00000200   Zero   RW         1813    HEAP                startup_stm32f40_41xxx.o
    0x20000640        -       0x00000400   Zero   RW         1812    STACK               startup_stm32f40_41xxx.o


==============================================================================

Image component sizes


      Code (inc. data)   RO Data    RW Data    ZI Data      Debug   Object Name

       340         22          0          2        672       1517   adcdistance.o
      1542        202          0          7        144      16165   bsp_ad7190.o
       692         62          0          7         76       3580   bsp_joystick.o
        28          4          0          0          0        467   bsp_key.o
       164         16          0         16          0       1534   bsp_led.o
       544        132          0          0          0       1439   drv_gpio.o
       336         20          0          0          0       2549   drv_spi.o
       176         20          0          4          0     239109   drv_systick.o
       180          6          0          0          0       1360   drv_timer.o
      1090         44          0          0          0       6137   drv_uart.o
       630         96          0          7         16       2580   gyro.o
       272         84          0          0          0        710   init.o
         8          0          0          0          0        495   main.o
       140         24          0          0          0       1491   misc.o
        64         26        392          0       1536        832   startup_stm32f40_41xxx.o
       770         14          0          0          0       4096   stm32f4xx_can.o
       222          0          0          0          0       2795   stm32f4xx_gpio.o
       300         38          0          0          0     252941   stm32f4xx_it.o
       392         48          0         16          0       5681   stm32f4xx_rcc.o
       278         24          0          0          0       2938   stm32f4xx_spi.o
       214         28          0          0          0       3574   stm32f4xx_tim.o
       384          8          0          0          0       5219   stm32f4xx_usart.o
       340         32          0         20          0      62221   system_stm32f4xx.o

    ----------------------------------------------------------------------
      9128        950        424         80       2448     619430   Object Totals
         0          0         32          0          0          0   (incl. Generated)
        22          0          0          1          4          0   (incl. Padding)

    ----------------------------------------------------------------------

      Code (inc. data)   RO Data    RW Data    ZI Data      Debug   Library Member Name

         8          0          0          0          0         68   __main.o
       104          0          0          0          0         84   __printf.o
         0          0          0          0          0          0   __rtentry.o
        12          0          0          0          0          0   __rtentry2.o
         6          0          0          0          0          0   __rtentry4.o
        52          8          0          0          0          0   __scatter.o
        26          0          0          0          0          0   __scatter_copy.o
        28          0          0          0          0          0   __scatter_zi.o
        48          6          0          0          0         96   _printf_char_common.o
         6          0          0          0          0          0   _printf_f.o
      1054          0          0          0          0        216   _printf_fp_dec.o
       128         16          0          0          0         84   _printf_fp_infnan.o
        88          4         40          0          0         88   _printf_hex_int.o
       178          0          0          0          0         88   _printf_intcommon.o
         0          0          0          0          0          0   _printf_percent.o
         4          0          0          0          0          0   _printf_percent_end.o
         6          0          0          0          0          0   _printf_x.o
        10          0          0          0          0         68   _sputc.o
       228          4        148          0          0         96   bigflt0.o
      1936        128          0          0          0        672   btod.o
        18          0          0          0          0         80   exit.o
         6          0          0          0          0        152   heapauxi.o
         0          0          0          0          0          0   indicate_semi.o
        44         10         28          0          0         76   lc_numeric_c.o
         2          0          0          0          0          0   libinit.o
        22          0          0          0          0          0   libinit2.o
         2          0          0          0          0          0   libshutdown.o
         2          0          0          0          0          0   libshutdown2.o
         8          4          0          0         96         68   libspace.o
       138          0          0          0          0         80   lludiv10.o
        40          6          0          0          0         84   noretval__2sprintf.o
         8          4          0          0          0         68   rt_locale_intlibspace.o
         2          0          0          0          0          0   rtexit.o
        10          0          0          0          0          0   rtexit2.o
       128          0          0          0          0         68   strcmpv7m.o
        12          4          0          0          0         68   sys_exit.o
        74          0          0          0          0         80   sys_stackheap_outer.o
         2          0          0          0          0         68   use_no_semi.o
       804         16          0          0          0        368   daddsub_clz.o
       688        140          0          0          0        256   ddiv.o
        46          0          0          0          0        116   dflt_clz.o
       340         12          0          0          0        152   dmul.o
       156          4          0          0          0        140   dnaninf.o
        12          0          0          0          0        116   dretinf.o
        86          4          0          0          0        132   f2d.o
       140          4          0          0          0        132   fnaninf.o
        10          0          0          0          0        116   fpinit.o
         4          0          0          0          0        116   printf1.o
         0          0          0          0          0          0   usenofp.o
        48          0          0          0          0        124   fpclassify.o

    ----------------------------------------------------------------------
      6788        374        216          0         96       4220   Library Totals
        14          0          0          0          0          0   (incl. Padding)

    ----------------------------------------------------------------------

      Code (inc. data)   RO Data    RW Data    ZI Data      Debug   Library Name

      4440        194        216          0         96       2452   c_w.l
      2286        180          0          0          0       1644   fz_wm.l
        48          0          0          0          0        124   m_wm.l

    ----------------------------------------------------------------------
      6788        374        216          0         96       4220   Library Totals

    ----------------------------------------------------------------------

==============================================================================


      Code (inc. data)   RO Data    RW Data    ZI Data      Debug   

     15916       1324        640         80       2544     611850   Grand Totals
     15916       1324        640         80       2544     611850   ELF Image Totals
     15916       1324        640         80          0          0   ROM Totals

==============================================================================

    Total RO  Size (Code + RO Data)                16556 (  16.17kB)
    Total RW  Size (RW Data + ZI Data)              2624 (   2.56kB)
    Total ROM Size (Code + RO Data + RW Data)      16636 (  16.25kB)

==============================================================================

