Component: ARM Compiler 5.06 update 4 (build 422) Tool: armlink [4d35d2]

==============================================================================

Section Cross References

    startup_stm32f40_41xxx.o(STACK) refers (Special) to heapauxi.o(.text) for __use_two_region_memory
    startup_stm32f40_41xxx.o(HEAP) refers (Special) to heapauxi.o(.text) for __use_two_region_memory
    startup_stm32f40_41xxx.o(RESET) refers (Special) to heapauxi.o(.text) for __use_two_region_memory
    startup_stm32f40_41xxx.o(RESET) refers to startup_stm32f40_41xxx.o(STACK) for __initial_sp
    startup_stm32f40_41xxx.o(RESET) refers to startup_stm32f40_41xxx.o(.text) for Reset_Handler
    startup_stm32f40_41xxx.o(RESET) refers to stm32f4xx_it.o(i.NMI_Handler) for NMI_Handler
    startup_stm32f40_41xxx.o(RESET) refers to stm32f4xx_it.o(i.HardFault_Handler) for HardFault_Handler
    startup_stm32f40_41xxx.o(RESET) refers to stm32f4xx_it.o(i.MemManage_Handler) for MemManage_Handler
    startup_stm32f40_41xxx.o(RESET) refers to stm32f4xx_it.o(i.BusFault_Handler) for BusFault_Handler
    startup_stm32f40_41xxx.o(RESET) refers to stm32f4xx_it.o(i.UsageFault_Handler) for UsageFault_Handler
    startup_stm32f40_41xxx.o(RESET) refers to stm32f4xx_it.o(i.SVC_Handler) for SVC_Handler
    startup_stm32f40_41xxx.o(RESET) refers to stm32f4xx_it.o(i.DebugMon_Handler) for DebugMon_Handler
    startup_stm32f40_41xxx.o(RESET) refers to stm32f4xx_it.o(i.PendSV_Handler) for PendSV_Handler
    startup_stm32f40_41xxx.o(RESET) refers to drv_systick.o(i.SysTick_Handler) for SysTick_Handler
    startup_stm32f40_41xxx.o(RESET) refers to stm32f4xx_it.o(i.CAN1_TX_IRQHandler) for CAN1_TX_IRQHandler
    startup_stm32f40_41xxx.o(RESET) refers to stm32f4xx_it.o(i.CAN1_RX0_IRQHandler) for CAN1_RX0_IRQHandler
    startup_stm32f40_41xxx.o(RESET) refers to stm32f4xx_it.o(i.TIM2_IRQHandler) for TIM2_IRQHandler
    startup_stm32f40_41xxx.o(RESET) refers to stm32f4xx_it.o(i.TIM3_IRQHandler) for TIM3_IRQHandler
    startup_stm32f40_41xxx.o(RESET) refers to stm32f4xx_it.o(i.USART1_IRQHandler) for USART1_IRQHandler
    startup_stm32f40_41xxx.o(RESET) refers to stm32f4xx_it.o(i.USART2_IRQHandler) for USART2_IRQHandler
    startup_stm32f40_41xxx.o(RESET) refers to stm32f4xx_it.o(i.TIM5_IRQHandler) for TIM5_IRQHandler
    startup_stm32f40_41xxx.o(RESET) refers to stm32f4xx_it.o(i.TIM7_IRQHandler) for TIM7_IRQHandler
    startup_stm32f40_41xxx.o(RESET) refers to stm32f4xx_it.o(i.DMA2_Stream0_IRQHandler) for DMA2_Stream0_IRQHandler
    startup_stm32f40_41xxx.o(.text) refers (Special) to heapauxi.o(.text) for __use_two_region_memory
    startup_stm32f40_41xxx.o(.text) refers to system_stm32f4xx.o(i.SystemInit) for SystemInit
    startup_stm32f40_41xxx.o(.text) refers to __main.o(!!!main) for __main
    startup_stm32f40_41xxx.o(.text) refers to startup_stm32f40_41xxx.o(HEAP) for Heap_Mem
    startup_stm32f40_41xxx.o(.text) refers to startup_stm32f40_41xxx.o(STACK) for Stack_Mem
    stm32f4xx_adc.o(i.ADC_DeInit) refers to stm32f4xx_rcc.o(i.RCC_APB2PeriphResetCmd) for RCC_APB2PeriphResetCmd
    stm32f4xx_can.o(i.CAN_DeInit) refers to stm32f4xx_rcc.o(i.RCC_APB1PeriphResetCmd) for RCC_APB1PeriphResetCmd
    stm32f4xx_can.o(i.CAN_GetITStatus) refers to stm32f4xx_can.o(i.CheckITStatus) for CheckITStatus
    stm32f4xx_cryp.o(i.CRYP_DeInit) refers to stm32f4xx_rcc.o(i.RCC_AHB2PeriphResetCmd) for RCC_AHB2PeriphResetCmd
    stm32f4xx_cryp_aes.o(i.CRYP_AES_CBC) refers to stm32f4xx_cryp.o(i.CRYP_KeyStructInit) for CRYP_KeyStructInit
    stm32f4xx_cryp_aes.o(i.CRYP_AES_CBC) refers to stm32f4xx_cryp.o(i.CRYP_FIFOFlush) for CRYP_FIFOFlush
    stm32f4xx_cryp_aes.o(i.CRYP_AES_CBC) refers to stm32f4xx_cryp.o(i.CRYP_Init) for CRYP_Init
    stm32f4xx_cryp_aes.o(i.CRYP_AES_CBC) refers to stm32f4xx_cryp.o(i.CRYP_KeyInit) for CRYP_KeyInit
    stm32f4xx_cryp_aes.o(i.CRYP_AES_CBC) refers to stm32f4xx_cryp.o(i.CRYP_Cmd) for CRYP_Cmd
    stm32f4xx_cryp_aes.o(i.CRYP_AES_CBC) refers to stm32f4xx_cryp.o(i.CRYP_GetFlagStatus) for CRYP_GetFlagStatus
    stm32f4xx_cryp_aes.o(i.CRYP_AES_CBC) refers to stm32f4xx_cryp.o(i.CRYP_IVInit) for CRYP_IVInit
    stm32f4xx_cryp_aes.o(i.CRYP_AES_CBC) refers to stm32f4xx_cryp.o(i.CRYP_GetCmdStatus) for CRYP_GetCmdStatus
    stm32f4xx_cryp_aes.o(i.CRYP_AES_CBC) refers to stm32f4xx_cryp.o(i.CRYP_DataIn) for CRYP_DataIn
    stm32f4xx_cryp_aes.o(i.CRYP_AES_CBC) refers to stm32f4xx_cryp.o(i.CRYP_DataOut) for CRYP_DataOut
    stm32f4xx_cryp_aes.o(i.CRYP_AES_CCM) refers to stm32f4xx_cryp.o(i.CRYP_KeyStructInit) for CRYP_KeyStructInit
    stm32f4xx_cryp_aes.o(i.CRYP_AES_CCM) refers to stm32f4xx_cryp.o(i.CRYP_FIFOFlush) for CRYP_FIFOFlush
    stm32f4xx_cryp_aes.o(i.CRYP_AES_CCM) refers to stm32f4xx_cryp.o(i.CRYP_KeyInit) for CRYP_KeyInit
    stm32f4xx_cryp_aes.o(i.CRYP_AES_CCM) refers to stm32f4xx_cryp.o(i.CRYP_IVInit) for CRYP_IVInit
    stm32f4xx_cryp_aes.o(i.CRYP_AES_CCM) refers to stm32f4xx_cryp.o(i.CRYP_Init) for CRYP_Init
[...]
    i.DMA_DeInit                             0x08001b64   Section        0  stm32f4xx_dma.o(i.DMA_DeInit)
    i.DMA_GetCmdStatus                       0x08001cbc   Section        0  stm32f4xx_dma.o(i.DMA_GetCmdStatus)
    i.DMA_GetFlagStatus                      0x08001cd0   Section        0  stm32f4xx_dma.o(i.DMA_GetFlagStatus)
    i.DMA_Init                               0x08001d14   Section        0  stm32f4xx_dma.o(i.DMA_Init)
    i.DebugMon_Handler                       0x08001d6c   Section        0  stm32f4xx_it.o(i.DebugMon_Handler)
    i.GPIO_Format_Init                       0x08001d70   Section        0  drv_gpio.o(i.GPIO_Format_Init)
    i.GPIO_Init                              0x08001ec0   Section        0  stm32f4xx_gpio.o(i.GPIO_Init)
    i.GPIO_PinAFConfig                       0x08001f50   Section        0  stm32f4xx_gpio.o(i.GPIO_PinAFConfig)
    i.GPIO_ReadInputDataBit                  0x08001f96   Section        0  stm32f4xx_gpio.o(i.GPIO_ReadInputDataBit)
    i.GPIO_ResetBits                         0x08001fa8   Section        0  stm32f4xx_gpio.o(i.GPIO_ResetBits)
    i.GPIO_SetBits                           0x08001fac   Section        0  stm32f4xx_gpio.o(i.GPIO_SetBits)
    i.GUI_ADC_Updata                         0x08001fb0   Section        0  oled_gui.o(i.GUI_ADC_Updata)
    i.GUI_Init                               0x080020cc   Section        0  oled_gui.o(i.GUI_Init)
    i.GUI_Key_Updata                         0x080021b0   Section        0  oled_gui.o(i.GUI_Key_Updata)
    i.G_RESET_BIT                            0x08002228   Section        0  bsp_key.o(i.G_RESET_BIT)
    i.G_SET_BIT                              0x08002244   Section        0  bsp_key.o(i.G_SET_BIT)
    i.HardFault_Handler                      0x08002250   Section        0  stm32f4xx_it.o(i.HardFault_Handler)
    i.I2C1_Init                              0x08002254   Section        0  drv_i2c.o(i.I2C1_Init)
    i.I2C_AcknowledgeConfig                  0x080022f8   Section        0  stm32f4xx_i2c.o(i.I2C_AcknowledgeConfig)
    i.I2C_CheckEvent                         0x08002310   Section        0  stm32f4xx_i2c.o(i.I2C_CheckEvent)
    i.I2C_Cmd                                0x0800233a   Section        0  stm32f4xx_i2c.o(i.I2C_Cmd)
    i.I2C_GenerateSTART                      0x08002352   Section        0  stm32f4xx_i2c.o(i.I2C_GenerateSTART)
    i.I2C_GenerateSTOP                       0x0800236a   Section        0  stm32f4xx_i2c.o(i.I2C_GenerateSTOP)
    i.I2C_GetFlagStatus                      0x08002382   Section        0  stm32f4xx_i2c.o(i.I2C_GetFlagStatus)
    i.I2C_Init                               0x080023bc   Section        0  stm32f4xx_i2c.o(i.I2C_Init)
    i.I2C_Send7bitAddress                    0x080024a4   Section        0  stm32f4xx_i2c.o(i.I2C_Send7bitAddress)
    i.I2C_SendData                           0x080024b4   Section        0  stm32f4xx_i2c.o(i.I2C_SendData)
    i.I2C_WriteByte                          0x080024b8   Section        0  drv_i2c.o(i.I2C_WriteByte)
    i.I2C_WriteConCmd                        0x08002548   Section        0  bsp_oled.o(i.I2C_WriteConCmd)
    i.I2C_WriteDataCmd                       0x08002560   Section        0  bsp_oled.o(i.I2C_WriteDataCmd)
    i.Insert_transmitdata_buffer_float       0x08002578   Section        0  pack_deal.o(i.Insert_transmitdata_buffer_float)
    i.Insert_transmitdata_buffer_key         0x08002584   Section        0  pack_deal.o(i.Insert_transmitdata_buffer_key)
    i.InterruptTask_TIM2                     0x08002590   Section        0  interrupt_task.o(i.InterruptTask_TIM2)
    i.InterruptTask_TIM3                     0x08002618   Section        0  interrupt_task.o(i.InterruptTask_TIM3)
    i.InterruptTask_TIM5                     0x0800261a   Section        0  interrupt_task.o(i.InterruptTask_TIM5)
    i.InterruptTask_USART1                   0x0800262a   Section        0  interrupt_task.o(i.InterruptTask_USART1)
    i.InterruptTask_USART2                   0x0800262c   Section        0  interrupt_task.o(i.InterruptTask_USART2)
    i.JOY_ADC_Calibration                    0x08002630   Section        0  drv_adc.o(i.JOY_ADC_Calibration)
    i.Key_Init                               0x08002798   Section        0  bsp_key.o(i.Key_Init)
    i.Key_Set                                0x08002944   Section        0  bsp_key.o(i.Key_Set)
    i.LED_FilpForISR                         0x08002974   Section        0  bsp_led.o(i.LED_FilpForISR)
    i.LED_Init                               0x080029e4   Section        0  bsp_led.o(i.LED_Init)
    i.MemManage_Handler                      0x08002a08   Section        0  stm32f4xx_it.o(i.MemManage_Handler)
    i.NMI_Handler                            0x08002a0c   Section        0  stm32f4xx_it.o(i.NMI_Handler)
    i.NRF24L01_Clear_IRQ_Flag                0x08002a10   Section        0  bsp_rf24l01.o(i.NRF24L01_Clear_IRQ_Flag)
    i.NRF24L01_Gpio_Init                     0x08002a50   Section        0  bsp_rf24l01.o(i.NRF24L01_Gpio_Init)
    i.NRF24L01_Read_Buf                      0x08002ab0   Section        0  bsp_rf24l01.o(i.NRF24L01_Read_Buf)
    i.NRF24L01_Read_Reg                      0x08002af4   Section        0  bsp_rf24l01.o(i.NRF24L01_Read_Reg)
    i.NRF24L01_Read_Status_Register          0x08002b28   Section        0  bsp_rf24l01.o(i.NRF24L01_Read_Status_Register)
    i.NRF24L01_Set_RxAddr                    0x08002b54   Section        0  bsp_rf24l01.o(i.NRF24L01_Set_RxAddr)
    i.NRF24L01_Set_TxAddr                    0x08002b84   Section        0  bsp_rf24l01.o(i.NRF24L01_Set_TxAddr)
    i.NRF24L01_TxPacket                      0x08002ba4   Section        0  bsp_rf24l01.o(i.NRF24L01_TxPacket)
    i.NRF24L01_Write_Buf                     0x08002c50   Section        0  bsp_rf24l01.o(i.NRF24L01_Write_Buf)
    i.NRF24L01_Write_Reg                     0x08002ca0   Section        0  bsp_rf24l01.o(i.NRF24L01_Write_Reg)
    i.NRF24L01_check                         0x08002ce0   Section        0  bsp_rf24l01.o(i.NRF24L01_check)
    i.NVIC_Init                              0x08002d90   Section        0  misc.o(i.NVIC_Init)
    i.NVIC_PriorityGroupConfig               0x08002e08   Section        0  misc.o(i.NVIC_PriorityGroupConfig)
    i.OLED_Clear                             0x08002e1c   Section        0  bsp_oled.o(i.OLED_Clear)
    i.OLED_Display_On                        0x08002e5a   Section        0  bsp_oled.o(i.OLED_Display_On)
    i.OLED_GUI_Task                          0x08002e76   Section        0  oled_gui.o(i.OLED_GUI_Task)
    i.OLED_Init                              0x08002e84   Section        0  bsp_oled.o(i.OLED_Init)
    i.OLED_Set_Pos                           0x08002f8c   Section        0  bsp_oled.o(i.OLED_Set_Pos)
    i.OLED_ShowChar                          0x08002fb4   Section        0  bsp_oled.o(i.OLED_ShowChar)
    i.OLED_ShowString                        0x08003058   Section        0  bsp_oled.o(i.OLED_ShowString)
    i.OLED_WR_Byte                           0x08003092   Section        0  bsp_oled.o(i.OLED_WR_Byte)
    i.PendSV_Handler                         0x080030aa   Section        0  stm32f4xx_it.o(i.PendSV_Handler)
    i.RCC_AHB1PeriphClockCmd                 0x080030ac   Section        0  stm32f4xx_rcc.o(i.RCC_AHB1PeriphClockCmd)
    i.RCC_APB1PeriphClockCmd                 0x080030cc   Section        0  stm32f4xx_rcc.o(i.RCC_APB1PeriphClockCmd)
    i.RCC_APB1PeriphResetCmd                 0x080030ec   Section        0  stm32f4xx_rcc.o(i.RCC_APB1PeriphResetCmd)
    i.RCC_APB2PeriphClockCmd                 0x0800310c   Section        0  stm32f4xx_rcc.o(i.RCC_APB2PeriphClockCmd)
    i.RCC_APB2PeriphResetCmd                 0x0800312c   Section        0  stm32f4xx_rcc.o(i.RCC_APB2PeriphResetCmd)
    i.RCC_GetClocksFreq                      0x0800314c   Section        0  stm32f4xx_rcc.o(i.RCC_GetClocksFreq)
    i.RF24L01_Init                           0x08003234   Section        0  bsp_rf24l01.o(i.RF24L01_Init)
    i.RF24L01_Set_Mode                       0x080032c4   Section        0  bsp_rf24l01.o(i.RF24L01_Set_Mode)
    i.SPI2_Init                              0x08003380   Section        0  drv_spi.o(i.SPI2_Init)
    i.SPI_Cmd                                0x0800344c   Section        0  stm32f4xx_spi.o(i.SPI_Cmd)
    i.SPI_I2S_DeInit                         0x08003464   Section        0  stm32f4xx_spi.o(i.SPI_I2S_DeInit)
    i.SPI_I2S_GetFlagStatus                  0x08003514   Section        0  stm32f4xx_spi.o(i.SPI_I2S_GetFlagStatus)
    i.SPI_Init                               0x08003526   Section        0  stm32f4xx_spi.o(i.SPI_Init)
    i.SVC_Handler                            0x08003562   Section        0  stm32f4xx_it.o(i.SVC_Handler)
    i.Serial_Send                            0x08003564   Section        0  drv_usart.o(i.Serial_Send)
    i.Serial_SendByte                        0x0800370c   Section        0  drv_usart.o(i.Serial_SendByte)
    i.SetSysClock                            0x0800372c   Section        0  system_stm32f4xx.o(i.SetSysClock)
    SetSysClock                              0x0800372d   Thumb Code   220  system_stm32f4xx.o(i.SetSysClock)
    i.Set_GPIOMapControler                   0x08003818   Section        0  drv_gpio.o(i.Set_GPIOMapControler)
    i.SysTick_Handler                        0x080038a4   Section        0  drv_systick.o(i.SysTick_Handler)
    i.SysTick_Init                           0x080038bc   Section        0  drv_systick.o(i.SysTick_Init)
    i.SystemInit                             0x080038ec   Section        0  system_stm32f4xx.o(i.SystemInit)
    i.System_Init                            0x08003954   Section        0  init.o(i.System_Init)
    i.TIM2_IRQHandler                        0x08003a8c   Section        0  stm32f4xx_it.o(i.TIM2_IRQHandler)
    i.TIM2_Init                              0x08003aa6   Section        0  drv_timer.o(i.TIM2_Init)
    i.TIM3_IRQHandler                        0x08003b00   Section        0  stm32f4xx_it.o(i.TIM3_IRQHandler)
    i.TIM5_IRQHandler                        0x08003b20   Section        0  stm32f4xx_it.o(i.TIM5_IRQHandler)
    i.TIM5_Init                              0x08003b40   Section        0  drv_timer.o(i.TIM5_Init)
    i.TIM7_DelayCount_End                    0x08003b9c   Section        0  drv_timer.o(i.TIM7_DelayCount_End)
    i.TIM7_DelayCount_Run                    0x08003c00   Section        0  drv_timer.o(i.TIM7_DelayCount_Run)
    i.TIM7_DelayFunction_ms_Init             0x08003c10   Section        0  drv_timer.o(i.TIM7_DelayFunction_ms_Init)
    i.TIM7_Delay_Start                       0x08003c6c   Section        0  drv_timer.o(i.TIM7_Delay_Start)
    i.TIM7_Delay_ms                          0x08003ca4   Section        0  drv_timer.o(i.TIM7_Delay_ms)
    i.TIM7_ERRTask                           0x08003cc8   Section        0  drv_timer.o(i.TIM7_ERRTask)
    i.TIM7_IRQHandler                        0x08003d04   Section        0  stm32f4xx_it.o(i.TIM7_IRQHandler)
    i.TIM_ClearITPendingBit                  0x08003d24   Section        0  stm32f4xx_tim.o(i.TIM_ClearITPendingBit)
    i.TIM_Cmd                                0x08003d2a   Section        0  stm32f4xx_tim.o(i.TIM_Cmd)
    i.TIM_GetITStatus                        0x08003d42   Section        0  stm32f4xx_tim.o(i.TIM_GetITStatus)
    i.TIM_ITConfig                           0x08003d64   Section        0  stm32f4xx_tim.o(i.TIM_ITConfig)
    i.TIM_TimeBaseInit                       0x08003d78   Section        0  stm32f4xx_tim.o(i.TIM_TimeBaseInit)
    i.TransmitData_Pack                      0x08003dfc   Section        0  pack_deal.o(i.TransmitData_Pack)
    i.USART1_IRQHandler                      0x08003e7c   Section        0  stm32f4xx_it.o(i.USART1_IRQHandler)
    i.USART1_Init                            0x08003ea4   Section        0  drv_usart.o(i.USART1_Init)
    i.USART2_IRQHandler                      0x08003f3c   Section        0  stm32f4xx_it.o(i.USART2_IRQHandler)
    i.USART_ClearITPendingBit                0x08003f64   Section        0  stm32f4xx_usart.o(i.USART_ClearITPendingBit)
    i.USART_Cmd                              0x08003f82   Section        0  stm32f4xx_usart.o(i.USART_Cmd)
    i.USART_GetFlagStatus                    0x08003f9a   Section        0  stm32f4xx_usart.o(i.USART_GetFlagStatus)
    i.USART_ITConfig                         0x08003fb4   Section        0  stm32f4xx_usart.o(i.USART_ITConfig)
    i.USART_Init                             0x08004000   Section        0  stm32f4xx_usart.o(i.USART_Init)
    i.USART_SendData                         0x080040d4   Section        0  stm32f4xx_usart.o(i.USART_SendData)
    i.UsageFault_Handler                     0x080040dc   Section        0  stm32f4xx_it.o(i.UsageFault_Handler)
    i.__ARM_fpclassify                       0x080040e0   Section        0  fpclassify.o(i.__ARM_fpclassify)
    i._is_digit                              0x08004110   Section        0  __printf_wp.o(i._is_digit)
    i.drv_spi_read_write_byte                0x08004120   Section        0  drv_spi.o(i.drv_spi_read_write_byte)
    i.getKey                                 0x08004178   Section        0  bsp_key.o(i.getKey)
    i.itoa                                   0x080041f0   Section        0  drv_usart.o(i.itoa)
    i.keyHandle                              0x08004258   Section        0  bsp_key.o(i.keyHandle)
    i.keyInitOne                             0x0800426c   Section        0  bsp_key.o(i.keyInitOne)
    i.keyParaInit                            0x080042b8   Section        0  bsp_key.o(i.keyParaInit)
    i.main                                   0x0800433c   Section        0  main.o(i.main)
    i.readKeyValue                           0x08004364   Section        0  bsp_key.o(i.readKeyValue)
    i.wave_filter_median                     0x08004390   Section        0  wave_filter.o(i.wave_filter_median)
    i.wave_sort                              0x080043f0   Section        0  wave_filter.o(i.wave_sort)
    locale$$code                             0x08004438   Section       44  lc_numeric_c.o(locale$$code)
    x$fpl$fpinit                             0x08004464   Section       10  fpinit.o(x$fpl$fpinit)
    $v0                                      0x08004464   Number         0  fpinit.o(x$fpl$fpinit)
    x$fpl$printf1                            0x0800446e   Section        4  printf1.o(x$fpl$printf1)
    $v0                                      0x0800446e   Number         0  printf1.o(x$fpl$printf1)
    x$fpl$usenofp                            0x08004472   Section        0  usenofp.o(x$fpl$usenofp)
    .constdata                               0x08004474   Section     2328  oled_font.o(.constdata)
    .constdata                               0x08004d8c   Section       40  _printf_hex_int.o(.constdata)
    uc_hextab                                0x08004d8c   Data          20  _printf_hex_int.o(.constdata)
    lc_hextab                                0x08004da0   Data          20  _printf_hex_int.o(.constdata)
    .constdata                               0x08004db4   Section      148  bigflt0.o(.constdata)
    tenpwrs_x                                0x08004db4   Data          60  bigflt0.o(.constdata)
    tenpwrs_i                                0x08004df0   Data          64  bigflt0.o(.constdata)
    locale$$data                             0x08004e68   Section       28  lc_numeric_c.o(locale$$data)
    __lcnum_c_name                           0x08004e6c   Data           2  lc_numeric_c.o(locale$$data)
    __lcnum_c_start                          0x08004e74   Data           0  lc_numeric_c.o(locale$$data)
    __lcnum_c_point                          0x08004e80   Data           0  lc_numeric_c.o(locale$$data)
    __lcnum_c_thousands                      0x08004e82   Data           0  lc_numeric_c.o(locale$$data)
    __lcnum_c_grouping                       0x08004e83   Data           0  lc_numeric_c.o(locale$$data)
    __lcnum_c_end                            0x08004e84   Data           0  lc_numeric_c.o(locale$$data)
    .data                                    0x20000000   Section       16  stm32f4xx_rcc.o(.data)
    APBAHBPrescTable                         0x20000000   Data          16  stm32f4xx_rcc.o(.data)
    .data                                    0x20000010   Section        2  oled_gui.o(.data)
    i                                        0x20000010   Data           1  oled_gui.o(.data)
    key_show                                 0x20000011   Data           1  oled_gui.o(.data)
    .data                                    0x20000014   Section        4  drv_systick.o(.data)
    .data                                    0x20000018   Section        4  drv_timer.o(.data)
    flag                                     0x2000001b   Data           1  drv_timer.o(.data)
    .data                                    0x2000001c   Section       10  bsp_led.o(.data)
    led_stateflag                            0x2000001c   Data           2  bsp_led.o(.data)
    val                                      0x2000001e   Data           4  bsp_led.o(.data)
    Flag                                     0x20000022   Data           4  bsp_led.o(.data)
    .data                                    0x20000026   Section        8  bsp_key.o(.data)
    keyTotolNum                              0x2000002b   Data           1  bsp_key.o(.data)
    key_total                                0x2000002c   Data           1  bsp_key.o(.data)
    keyCountTime                             0x2000002d   Data           1  bsp_key.o(.data)
    .data                                    0x2000002e   Section        1  interrupt_task.o(.data)
    i                                        0x2000002e   Data           1  interrupt_task.o(.data)
    .data                                    0x20000030   Section       20  system_stm32f4xx.o(.data)
    .bss                                     0x20000044   Section       72  pack_deal.o(.bss)
    .bss                                     0x2000008c   Section       20  drv_gpio.o(.bss)
    .bss                                     0x200000a0   Section      144  drv_adc.o(.bss)
    filter                                   0x200000e0   Data          80  drv_adc.o(.bss)
    .bss                                     0x20000130   Section      224  bsp_key.o(.bss)
    .bss                                     0x20000210   Section       96  libspace.o(.bss)
    HEAP                                     0x20000270   Section      512  startup_stm32f40_41xxx.o(HEAP)
    Heap_Mem                                 0x20000270   Data         512  startup_stm32f40_41xxx.o(HEAP)
    STACK                                    0x20000470   Section     1024  startup_stm32f40_41xxx.o(STACK)
    Stack_Mem                                0x20000470   Data        1024  startup_stm32f40_41xxx.o(STACK)
    __initial_sp                             0x20000870   Data           0  startup_stm32f40_41xxx.o(STACK)

    Global Symbols

    Symbol Name                              Value     Ov Type        Size  Object(Section)

    BuildAttributes$$THM_ISAv4$E$P$D$K$B$S$7EM$VFPi3$EXTD16$VFPS$VFMA$PE$A:L22UL41UL21$X:L11$S22US41US21$IEEE1$IW$USESV6$~STKCKD$USESV7$~SHL$OTIME$ROPI$IEEEJ$EBA8$UX$STANDARDLIB$REQ8$PRES8$EABIv2 0x00000000   Number         0  anon$$obj.o ABSOLUTE
    __ARM_use_no_argv                        0x00000000   Number         0  main.o ABSOLUTE
    _printf_flags                            0x00000000   Number         0  printf_stubs.o ABSOLUTE
    _printf_return_value                     0x00000000   Number         0  printf_stubs.o ABSOLUTE
    _printf_sizespec                         0x00000000   Number         0  printf_stubs.o ABSOLUTE
    _printf_widthprec                        0x00000000   Number         0  printf_stubs.o ABSOLUTE
    __ARM_exceptions_init                     - Undefined Weak Reference
    __alloca_initialize                       - Undefined Weak Reference
    __arm_preinit_                            - Undefined Weak Reference
    __cpp_initialize__aeabi_                  - Undefined Weak Reference
    __cxa_finalize                            - Undefined Weak Reference
    __sigvec_lookup                           - Undefined Weak Reference
    _atexit_init                              - Undefined Weak Reference
    _call_atexit_fns                          - Undefined Weak Reference
    _clock_init                               - Undefined Weak Reference
    _fp_trap_init                             - Undefined Weak Reference
    _fp_trap_shutdown                         - Undefined Weak Reference
    _get_lc_collate                           - Undefined Weak Reference
    _get_lc_ctype                             - Undefined Weak Reference
    _get_lc_monetary                          - Undefined Weak Reference
    _get_lc_time                              - Undefined Weak Reference
    _getenv_init                              - Undefined Weak Reference
    _handle_redirection                       - Undefined Weak Reference
    _init_alloc                               - Undefined Weak Reference
    _init_user_alloc                          - Undefined Weak Reference
    _initio                                   - Undefined Weak Reference
    _printf_truncate_signed                   - Undefined Weak Reference
    _printf_truncate_unsigned                 - Undefined Weak Reference
    _rand_init                                - Undefined Weak Reference
    _signal_finish                            - Undefined Weak Reference
    _signal_init                              - Undefined Weak Reference
    _terminate_alloc                          - Undefined Weak Reference
    _terminate_user_alloc                     - Undefined Weak Reference
    _terminateio                              - Undefined Weak Reference
    __Vectors_Size                           0x00000188   Number         0  startup_stm32f40_41xxx.o ABSOLUTE
    __Vectors                                0x08000000   Data           4  startup_stm32f40_41xxx.o(RESET)
    __Vectors_End                            0x08000188   Data           0  startup_stm32f40_41xxx.o(RESET)
    __main                                   0x08000189   Thumb Code     8  __main.o(!!!main)
    __scatterload                            0x08000191   Thumb Code     0  __scatter.o(!!!scatter)
    __scatterload_rt2                        0x08000191   Thumb Code    44  __scatter.o(!!!scatter)
    __scatterload_rt2_thumb_only             0x08000191   Thumb Code     0  __scatter.o(!!!scatter)
    __scatterload_null                       0x0800019f   Thumb Code     0  __scatter.o(!!!scatter)
    __scatterload_copy                       0x080001c5   Thumb Code    26  __scatter_copy.o(!!handler_copy)
    __scatterload_zeroinit                   0x080001e1   Thumb Code    28  __scatter_zi.o(!!handler_zi)
    _printf_f                                0x080001fd   Thumb Code     0  _printf_f.o(.ARM.Collect$$_printf_percent$$00000003)
    _printf_percent                          0x080001fd   Thumb Code     0  _printf_percent.o(.ARM.Collect$$_printf_percent$$00000000)
    _printf_d                                0x08000203   Thumb Code     0  _printf_d.o(.ARM.Collect$$_printf_percent$$00000009)
    _printf_x                                0x08000209   Thumb Code     0  _printf_x.o(.ARM.Collect$$_printf_percent$$0000000C)
    _printf_percent_end                      0x0800020f   Thumb Code     0  _printf_percent_end.o(.ARM.Collect$$_printf_percent$$00000017)
    __rt_lib_init                            0x08000213   Thumb Code     0  libinit.o(.ARM.Collect$$libinit$$00000000)
    __rt_lib_init_fp_1                       0x08000215   Thumb Code     0  libinit2.o(.ARM.Collect$$libinit$$00000001)
    __rt_lib_init_heap_1                     0x08000219   Thumb Code     0  libinit2.o(.ARM.Collect$$libinit$$0000000A)
    __rt_lib_init_lc_common                  0x08000219   Thumb Code     0  libinit2.o(.ARM.Collect$$libinit$$0000000F)
    __rt_lib_init_preinit_1                  0x08000219   Thumb Code     0  libinit2.o(.ARM.Collect$$libinit$$00000004)
    __rt_lib_init_rand_1                     0x08000219   Thumb Code     0  libinit2.o(.ARM.Collect$$libinit$$0000000E)
    __rt_lib_init_user_alloc_1               0x08000219   Thumb Code     0  libinit2.o(.ARM.Collect$$libinit$$0000000C)
    __rt_lib_init_lc_collate_1               0x0800021f   Thumb Code     0  libinit2.o(.ARM.Collect$$libinit$$00000011)
    __rt_lib_init_lc_ctype_1                 0x0800021f   Thumb Code     0  libinit2.o(.ARM.Collect$$libinit$$00000013)
    __rt_lib_init_lc_monetary_1              0x0800021f   Thumb Code     0  libinit2.o(.ARM.Collect$$libinit$$00000015)
    __rt_lib_init_lc_numeric_2               0x0800021f   Thumb Code     0  libinit2.o(.ARM.Collect$$libinit$$00000016)
    __rt_lib_init_alloca_1                   0x08000229   Thumb Code     0  libinit2.o(.ARM.Collect$$libinit$$0000002E)
    __rt_lib_init_argv_1                     0x08000229   Thumb Code     0  libinit2.o(.ARM.Collect$$libinit$$0000002C)
    __rt_lib_init_atexit_1                   0x08000229   Thumb Code     0  libinit2.o(.ARM.Collect$$libinit$$0000001B)
    __rt_lib_init_clock_1                    0x08000229   Thumb Code     0  libinit2.o(.ARM.Collect$$libinit$$00000021)
    __rt_lib_init_cpp_1                      0x08000229   Thumb Code     0  libinit2.o(.ARM.Collect$$libinit$$00000032)
    __rt_lib_init_exceptions_1               0x08000229   Thumb Code     0  libinit2.o(.ARM.Collect$$libinit$$00000030)
    __rt_lib_init_fp_trap_1                  0x08000229   Thumb Code     0  libinit2.o(.ARM.Collect$$libinit$$0000001F)
    __rt_lib_init_getenv_1                   0x08000229   Thumb Code     0  libinit2.o(.ARM.Collect$$libinit$$00000023)
    __rt_lib_init_lc_numeric_1               0x08000229   Thumb Code     0  libinit2.o(.ARM.Collect$$libinit$$00000017)
    __rt_lib_init_lc_time_1                  0x08000229   Thumb Code     0  libinit2.o(.ARM.Collect$$libinit$$00000019)
    __rt_lib_init_return                     0x08000229   Thumb Code     0  libinit2.o(.ARM.Collect$$libinit$$00000033)
    __rt_lib_init_signal_1                   0x08000229   Thumb Code     0  libinit2.o(.ARM.Collect$$libinit$$0000001D)
    __rt_lib_init_stdio_1                    0x08000229   Thumb Code     0  libinit2.o(.ARM.Collect$$libinit$$00000025)
    __rt_lib_shutdown                        0x0800022b   Thumb Code     0  libshutdown.o(.ARM.Collect$$libshutdown$$00000000)
    __rt_lib_shutdown_cpp_1                  0x0800022d   Thumb Code     0  libshutdown2.o(.ARM.Collect$$libshutdown$$00000002)
    __rt_lib_shutdown_fp_trap_1              0x0800022d   Thumb Code     0  libshutdown2.o(.ARM.Collect$$libshutdown$$00000007)
    __rt_lib_shutdown_heap_1                 0x0800022d   Thumb Code     0  libshutdown2.o(.ARM.Collect$$libshutdown$$0000000F)
    __rt_lib_shutdown_return                 0x0800022d   Thumb Code     0  libshutdown2.o(.ARM.Collect$$libshutdown$$00000010)
    __rt_lib_shutdown_signal_1               0x0800022d   Thumb Code     0  libshutdown2.o(.ARM.Collect$$libshutdown$$0000000A)
    __rt_lib_shutdown_stdio_1                0x0800022d   Thumb Code     0  libshutdown2.o(.ARM.Collect$$libshutdown$$00000004)
    __rt_lib_shutdown_user_alloc_1           0x0800022d   Thumb Code     0  libshutdown2.o(.ARM.Collect$$libshutdown$$0000000C)
    __rt_entry                               0x0800022f   Thumb Code     0  __rtentry.o(.ARM.Collect$$rtentry$$00000000)
    __rt_entry_presh_1                       0x0800022f   Thumb Code     0  __rtentry2.o(.ARM.Collect$$rtentry$$00000002)
    __rt_entry_sh                            0x0800022f   Thumb Code     0  __rtentry4.o(.ARM.Collect$$rtentry$$00000004)
    __rt_entry_li                            0x08000235   Thumb Code     0  __rtentry2.o(.ARM.Collect$$rtentry$$0000000A)
    __rt_entry_postsh_1                      0x08000235   Thumb Code     0  __rtentry2.o(.ARM.Collect$$rtentry$$00000009)
    __rt_entry_main                          0x08000239   Thumb Code     0  __rtentry2.o(.ARM.Collect$$rtentry$$0000000D)
    __rt_entry_postli_1                      0x08000239   Thumb Code     0  __rtentry2.o(.ARM.Collect$$rtentry$$0000000C)
    __rt_exit                                0x08000241   Thumb Code     0  rtexit.o(.ARM.Collect$$rtexit$$00000000)
    __rt_exit_ls                             0x08000243   Thumb Code     0  rtexit2.o(.ARM.Collect$$rtexit$$00000003)
    __rt_exit_prels_1                        0x08000243   Thumb Code     0  rtexit2.o(.ARM.Collect$$rtexit$$00000002)
    __rt_exit_exit                           0x08000247   Thumb Code     0  rtexit2.o(.ARM.Collect$$rtexit$$00000004)
    Reset_Handler                            0x0800024d   Thumb Code     8  startup_stm32f40_41xxx.o(.text)
    ADC_IRQHandler                           0x08000267   Thumb Code     0  startup_stm32f40_41xxx.o(.text)
    CAN1_RX1_IRQHandler                      0x08000267   Thumb Code     0  startup_stm32f40_41xxx.o(.text)
    CAN1_SCE_IRQHandler                      0x08000267   Thumb Code     0  startup_stm32f40_41xxx.o(.text)
    CAN2_RX0_IRQHandler                      0x08000267   Thumb Code     0  startup_stm32f40_41xxx.o(.text)
    CAN2_RX1_IRQHandler                      0x08000267   Thumb Code     0  startup_stm32f40_41xxx.o(.text)
    CAN2_SCE_IRQHandler                      0x08000267   Thumb Code     0  startup_stm32f40_41xxx.o(.text)
    CAN2_TX_IRQHandler                       0x08000267   Thumb Code     0  startup_stm32f40_41xxx.o(.text)
    CRYP_IRQHandler                          0x08000267   Thumb Code     0  startup_stm32f40_41xxx.o(.text)
    DCMI_IRQHandler                          0x08000267   Thumb Code     0  startup_stm32f40_41xxx.o(.text)
    DMA1_Stream0_IRQHandler                  0x08000267   Thumb Code     0  startup_stm32f40_41xxx.o(.text)
    DMA1_Stream1_IRQHandler                  0x08000267   Thumb Code     0  startup_stm32f40_41xxx.o(.text)
    DMA1_Stream2_IRQHandler                  0x08000267   Thumb Code     0  startup_stm32f40_41xxx.o(.text)
    DMA1_Stream3_IRQHandler                  0x08000267   Thumb Code     0  startup_stm32f40_41xxx.o(.text)
    DMA1_Stream4_IRQHandler                  0x08000267   Thumb Code     0  startup_stm32f40_41xxx.o(.text)
    DMA1_Stream5_IRQHandler                  0x08000267   Thumb Code     0  startup_stm32f40_41xxx.o(.text)
    DMA1_Stream6_IRQHandler                  0x08000267   Thumb Code     0  startup_stm32f40_41xxx.o(.text)
    DMA1_Stream7_IRQHandler                  0x08000267   Thumb Code     0  startup_stm32f40_41xxx.o(.text)
    DMA2_Stream1_IRQHandler                  0x08000267   Thumb Code     0  startup_stm32f40_41xxx.o(.text)
    DMA2_Stream2_IRQHandler                  0x08000267   Thumb Code     0  startup_stm32f40_41xxx.o(.text)
    DMA2_Stream3_IRQHandler                  0x08000267   Thumb Code     0  startup_stm32f40_41xxx.o(.text)
    DMA2_Stream4_IRQHandler                  0x08000267   Thumb Code     0  startup_stm32f40_41xxx.o(.text)
    DMA2_Stream5_IRQHandler                  0x08000267   Thumb Code     0  startup_stm32f40_41xxx.o(.text)
    DMA2_Stream6_IRQHandler                  0x08000267   Thumb Code     0  startup_stm32f40_41xxx.o(.text)
    DMA2_Stream7_IRQHandler                  0x08000267   Thumb Code     0  startup_stm32f40_41xxx.o(.text)
    ETH_IRQHandler                           0x08000267   Thumb Code     0  startup_stm32f40_41xxx.o(.text)
    ETH_WKUP_IRQHandler                      0x08000267   Thumb Code     0  startup_stm32f40_41xxx.o(.text)
    EXTI0_IRQHandler                         0x08000267   Thumb Code     0  startup_stm32f40_41xxx.o(.text)
    EXTI15_10_IRQHandler                     0x08000267   Thumb Code     0  startup_stm32f40_41xxx.o(.text)
    EXTI1_IRQHandler                         0x08000267   Thumb Code     0  startup_stm32f40_41xxx.o(.text)
    EXTI2_IRQHandler                         0x08000267   Thumb Code     0  startup_stm32f40_41xxx.o(.text)
    EXTI3_IRQHandler                         0x08000267   Thumb Code     0  startup_stm32f40_41xxx.o(.text)
    EXTI4_IRQHandler                         0x08000267   Thumb Code     0  startup_stm32f40_41xxx.o(.text)
    EXTI9_5_IRQHandler                       0x08000267   Thumb Code     0  startup_stm32f40_41xxx.o(.text)
    FLASH_IRQHandler                         0x08000267   Thumb Code     0  startup_stm32f40_41xxx.o(.text)
    FPU_IRQHandler                           0x08000267   Thumb Code     0  startup_stm32f40_41xxx.o(.text)
    FSMC_IRQHandler                          0x08000267   Thumb Code     0  startup_stm32f40_41xxx.o(.text)
    HASH_RNG_IRQHandler                      0x08000267   Thumb Code     0  startup_stm32f40_41xxx.o(.text)
    I2C1_ER_IRQHandler                       0x08000267   Thumb Code     0  startup_stm32f40_41xxx.o(.text)
    I2C1_EV_IRQHandler                       0x08000267   Thumb Code     0  startup_stm32f40_41xxx.o(.text)
    I2C2_ER_IRQHandler                       0x08000267   Thumb Code     0  startup_stm32f40_41xxx.o(.text)
    I2C2_EV_IRQHandler                       0x08000267   Thumb Code     0  startup_stm32f40_41xxx.o(.text)
    I2C3_ER_IRQHandler                       0x08000267   Thumb Code     0  startup_stm32f40_41xxx.o(.text)
    I2C3_EV_IRQHandler                       0x08000267   Thumb Code     0  startup_stm32f40_41xxx.o(.text)
    OTG_FS_IRQHandler                        0x08000267   Thumb Code     0  startup_stm32f40_41xxx.o(.text)
    OTG_FS_WKUP_IRQHandler                   0x08000267   Thumb Code     0  startup_stm32f40_41xxx.o(.text)
    OTG_HS_EP1_IN_IRQHandler                 0x08000267   Thumb Code     0  startup_stm32f40_41xxx.o(.text)
    OTG_HS_EP1_OUT_IRQHandler                0x08000267   Thumb Code     0  startup_stm32f40_41xxx.o(.text)
    OTG_HS_IRQHandler                        0x08000267   Thumb Code     0  startup_stm32f40_41xxx.o(.text)
    OTG_HS_WKUP_IRQHandler                   0x08000267   Thumb Code     0  startup_stm32f40_41xxx.o(.text)
    PVD_IRQHandler                           0x08000267   Thumb Code     0  startup_stm32f40_41xxx.o(.text)
    RCC_IRQHandler                           0x08000267   Thumb Code     0  startup_stm32f40_41xxx.o(.text)
    RTC_Alarm_IRQHandler                     0x08000267   Thumb Code     0  startup_stm32f40_41xxx.o(.text)
    RTC_WKUP_IRQHandler                      0x08000267   Thumb Code     0  startup_stm32f40_41xxx.o(.text)
    SDIO_IRQHandler                          0x08000267   Thumb Code     0  startup_stm32f40_41xxx.o(.text)
    SPI1_IRQHandler                          0x08000267   Thumb Code     0  startup_stm32f40_41xxx.o(.text)
    SPI2_IRQHandler                          0x08000267   Thumb Code     0  startup_stm32f40_41xxx.o(.text)
    SPI3_IRQHandler                          0x08000267   Thumb Code     0  startup_stm32f40_41xxx.o(.text)
    TAMP_STAMP_IRQHandler                    0x08000267   Thumb Code     0  startup_stm32f40_41xxx.o(.text)
    TIM1_BRK_TIM9_IRQHandler                 0x08000267   Thumb Code     0  startup_stm32f40_41xxx.o(.text)
    TIM1_CC_IRQHandler                       0x08000267   Thumb Code     0  startup_stm32f40_41xxx.o(.text)
    TIM1_TRG_COM_TIM11_IRQHandler            0x08000267   Thumb Code     0  startup_stm32f40_41xxx.o(.text)
    TIM1_UP_TIM10_IRQHandler                 0x08000267   Thumb Code     0  startup_stm32f40_41xxx.o(.text)
    TIM4_IRQHandler                          0x08000267   Thumb Code     0  startup_stm32f40_41xxx.o(.text)
    TIM6_DAC_IRQHandler                      0x08000267   Thumb Code     0  startup_stm32f40_41xxx.o(.text)
    TIM8_BRK_TIM12_IRQHandler                0x08000267   Thumb Code     0  startup_stm32f40_41xxx.o(.text)
    TIM8_CC_IRQHandler                       0x08000267   Thumb Code     0  startup_stm32f40_41xxx.o(.text)
    TIM8_TRG_COM_TIM14_IRQHandler            0x08000267   Thumb Code     0  startup_stm32f40_41xxx.o(.text)
    TIM8_UP_TIM13_IRQHandler                 0x08000267   Thumb Code     0  startup_stm32f40_41xxx.o(.text)
    UART4_IRQHandler                         0x08000267   Thumb Code     0  startup_stm32f40_41xxx.o(.text)
    UART5_IRQHandler                         0x08000267   Thumb Code     0  startup_stm32f40_41xxx.o(.text)
    USART3_IRQHandler                        0x08000267   Thumb Code     0  startup_stm32f40_41xxx.o(.text)
    USART6_IRQHandler                        0x08000267   Thumb Code     0  startup_stm32f40_41xxx.o(.text)
    WWDG_IRQHandler                          0x08000267   Thumb Code     0  startup_stm32f40_41xxx.o(.text)
    __user_initial_stackheap                 0x08000269   Thumb Code     0  startup_stm32f40_41xxx.o(.text)
    __2sprintf                               0x0800028d   Thumb Code    34  noretval__2sprintf.o(.text)
    _printf_pre_padding                      0x080002b5   Thumb Code    44  _printf_pad.o(.text)
    _printf_post_padding                     0x080002e1   Thumb Code    34  _printf_pad.o(.text)
    _printf_int_dec                          0x08000305   Thumb Code   104  _printf_dec.o(.text)
    _printf_int_hex                          0x0800037d   Thumb Code    84  _printf_hex_int.o(.text)
    _printf_longlong_hex                     0x0800037d   Thumb Code     0  _printf_hex_int.o(.text)
    __printf                                 0x080003d5   Thumb Code   270  __printf_wp.o(.text)
    __aeabi_memcpy                           0x080004e3   Thumb Code     0  rt_memcpy_v6.o(.text)
    __rt_memcpy                              0x080004e3   Thumb Code   138  rt_memcpy_v6.o(.text)
    _memcpy_lastbytes                        0x08000549   Thumb Code     0  rt_memcpy_v6.o(.text)
    __use_two_region_memory                  0x0800056d   Thumb Code     2  heapauxi.o(.text)
    __rt_heap_escrow$2region                 0x0800056f   Thumb Code     2  heapauxi.o(.text)
    __rt_heap_expand$2region                 0x08000571   Thumb Code     2  heapauxi.o(.text)
    _printf_int_common                       0x08000573   Thumb Code   178  _printf_intcommon.o(.text)
    __lib_sel_fp_printf                      0x08000625   Thumb Code     2  _printf_fp_dec.o(.text)
    _printf_fp_dec_real                      0x080007d3   Thumb Code   620  _printf_fp_dec.o(.text)
    _printf_char_common                      0x08000a4b   Thumb Code    32  _printf_char_common.o(.text)
    _sputc                                   0x08000a71   Thumb Code    10  _sputc.o(.text)
    __aeabi_memcpy4                          0x08000a7b   Thumb Code     0  rt_memcpy_w.o(.text)
    __aeabi_memcpy8                          0x08000a7b   Thumb Code     0  rt_memcpy_w.o(.text)
    __rt_memcpy_w                            0x08000a7b   Thumb Code   100  rt_memcpy_w.o(.text)
    _memcpy_lastbytes_aligned                0x08000ac3   Thumb Code     0  rt_memcpy_w.o(.text)
    __rt_locale                              0x08000ae1   Thumb Code     8  rt_locale_intlibspace.o(.text)
    _ll_udiv10                               0x08000ae9   Thumb Code   138  lludiv10.o(.text)
    _printf_fp_infnan                        0x08000b75   Thumb Code   112  _printf_fp_infnan.o(.text)
    _btod_etento                             0x08000bf5   Thumb Code   216  bigflt0.o(.text)
    __user_libspace                          0x08000cd1   Thumb Code     8  libspace.o(.text)
    __user_perproc_libspace                  0x08000cd1   Thumb Code     0  libspace.o(.text)
    __user_perthread_libspace                0x08000cd1   Thumb Code     0  libspace.o(.text)
    __user_setup_stackheap                   0x08000cd9   Thumb Code    74  sys_stackheap_outer.o(.text)
    exit                                     0x08000d23   Thumb Code    18  exit.o(.text)
    strcmp                                   0x08000d35   Thumb Code   128  strcmpv7m.o(.text)
    _sys_exit                                0x08000db5   Thumb Code     8  sys_exit.o(.text)
    __I$use$semihosting                      0x08000dc1   Thumb Code     0  use_no_semi.o(.text)
    __use_no_semihosting_swi                 0x08000dc1   Thumb Code     2  use_no_semi.o(.text)
    __semihosting_library_function           0x08000dc3   Thumb Code     0  indicate_semi.o(.text)
    _btod_d2e                                0x08000dc3   Thumb Code    62  btod.o(CL$$btod_d2e)
    _d2e_denorm_low                          0x08000e01   Thumb Code    70  btod.o(CL$$btod_d2e_denorm_low)
    _d2e_norm_op1                            0x08000e47   Thumb Code    96  btod.o(CL$$btod_d2e_norm_op1)
    __btod_div_common                        0x08000ea7   Thumb Code   696  btod.o(CL$$btod_div_common)
    _e2e                                     0x080011df   Thumb Code   198  btod.o(CL$$btod_e2e)
    _btod_ediv                               0x080012a5   Thumb Code    40  btod.o(CL$$btod_ediv)
    _btod_emul                               0x080012cd   Thumb Code    40  btod.o(CL$$btod_emul)
    __btod_mult_common                       0x080012f5   Thumb Code   580  btod.o(CL$$btod_mult_common)
    ADC1_Init                                0x08001539   Thumb Code    24  drv_adc.o(i.ADC1_Init)
    ADC_Cmd                                  0x08001555   Thumb Code    22  stm32f4xx_adc.o(i.ADC_Cmd)
    ADC_CommonInit                           0x0800156d   Thumb Code    34  stm32f4xx_adc.o(i.ADC_CommonInit)
    ADC_DMACmd                               0x0800159d   Thumb Code    22  stm32f4xx_adc.o(i.ADC_DMACmd)
    ADC_DMARequestAfterLastTransferCmd       0x080015b3   Thumb Code    22  stm32f4xx_adc.o(i.ADC_DMARequestAfterLastTransferCmd)
    ADC_DMA_Config                           0x080015c9   Thumb Code   352  drv_adc.o(i.ADC_DMA_Config)
    ADC_DeInit                               0x08001735   Thumb Code    22  stm32f4xx_adc.o(i.ADC_DeInit)
    ADC_Init                                 0x0800174d   Thumb Code    74  stm32f4xx_adc.o(i.ADC_Init)
    ADC_RegularChannelConfig                 0x080017a1   Thumb Code   184  stm32f4xx_adc.o(i.ADC_RegularChannelConfig)
    ADC_SoftwareStartConv                    0x08001859   Thumb Code    10  stm32f4xx_adc.o(i.ADC_SoftwareStartConv)
    BusFault_Handler                         0x08001863   Thumb Code     4  stm32f4xx_it.o(i.BusFault_Handler)
    CAN1_RX0_IRQHandler                      0x08001869   Thumb Code    30  stm32f4xx_it.o(i.CAN1_RX0_IRQHandler)
    CAN1_TX_IRQHandler                       0x0800188d   Thumb Code    22  stm32f4xx_it.o(i.CAN1_TX_IRQHandler)
    CAN_ClearFlag                            0x080018a9   Thumb Code    52  stm32f4xx_can.o(i.CAN_ClearFlag)
    CAN_ClearITPendingBit                    0x080018e1   Thumb Code   162  stm32f4xx_can.o(i.CAN_ClearITPendingBit)
    CAN_GetITStatus                          0x08001989   Thumb Code   284  stm32f4xx_can.o(i.CAN_GetITStatus)
    DMA2_Stream0_IRQHandler                  0x08001abd   Thumb Code    32  stm32f4xx_it.o(i.DMA2_Stream0_IRQHandler)
    DMA_ClearFlag                            0x08001ae5   Thumb Code    38  stm32f4xx_dma.o(i.DMA_ClearFlag)
    DMA_ClearITPendingBit                    0x08001b19   Thumb Code    38  stm32f4xx_dma.o(i.DMA_ClearITPendingBit)
    DMA_Cmd                                  0x08001b4d   Thumb Code    22  stm32f4xx_dma.o(i.DMA_Cmd)
    DMA_DeInit                               0x08001b65   Thumb Code   324  stm32f4xx_dma.o(i.DMA_DeInit)
    DMA_GetCmdStatus                         0x08001cbd   Thumb Code    20  stm32f4xx_dma.o(i.DMA_GetCmdStatus)
    DMA_GetFlagStatus                        0x08001cd1   Thumb Code    54  stm32f4xx_dma.o(i.DMA_GetFlagStatus)
    DMA_Init                                 0x08001d15   Thumb Code    82  stm32f4xx_dma.o(i.DMA_Init)
    DebugMon_Handler                         0x08001d6d   Thumb Code     2  stm32f4xx_it.o(i.DebugMon_Handler)
    GPIO_Format_Init                         0x08001d71   Thumb Code   290  drv_gpio.o(i.GPIO_Format_Init)
    GPIO_Init                                0x08001ec1   Thumb Code   144  stm32f4xx_gpio.o(i.GPIO_Init)
    GPIO_PinAFConfig                         0x08001f51   Thumb Code    70  stm32f4xx_gpio.o(i.GPIO_PinAFConfig)
    GPIO_ReadInputDataBit                    0x08001f97   Thumb Code    18  stm32f4xx_gpio.o(i.GPIO_ReadInputDataBit)
    GPIO_ResetBits                           0x08001fa9   Thumb Code     4  stm32f4xx_gpio.o(i.GPIO_ResetBits)
    GPIO_SetBits                             0x08001fad   Thumb Code     4  stm32f4xx_gpio.o(i.GPIO_SetBits)
    GUI_ADC_Updata                           0x08001fb1   Thumb Code   266  oled_gui.o(i.GUI_ADC_Updata)
    GUI_Init                                 0x080020cd   Thumb Code   148  oled_gui.o(i.GUI_Init)
    GUI_Key_Updata                           0x080021b1   Thumb Code   110  oled_gui.o(i.GUI_Key_Updata)
    G_RESET_BIT                              0x08002229   Thumb Code    28  bsp_key.o(i.G_RESET_BIT)
    G_SET_BIT                                0x08002245   Thumb Code    12  bsp_key.o(i.G_SET_BIT)
    HardFault_Handler                        0x08002251   Thumb Code     4  stm32f4xx_it.o(i.HardFault_Handler)
    I2C1_Init                                0x08002255   Thumb Code   130  drv_i2c.o(i.I2C1_Init)
    I2C_AcknowledgeConfig                    0x080022f9   Thumb Code    24  stm32f4xx_i2c.o(i.I2C_AcknowledgeConfig)
    I2C_CheckEvent                           0x08002311   Thumb Code    42  stm32f4xx_i2c.o(i.I2C_CheckEvent)
    I2C_Cmd                                  0x0800233b   Thumb Code    24  stm32f4xx_i2c.o(i.I2C_Cmd)
    I2C_GenerateSTART                        0x08002353   Thumb Code    24  stm32f4xx_i2c.o(i.I2C_GenerateSTART)
    I2C_GenerateSTOP                         0x0800236b   Thumb Code    24  stm32f4xx_i2c.o(i.I2C_GenerateSTOP)
    I2C_GetFlagStatus                        0x08002383   Thumb Code    58  stm32f4xx_i2c.o(i.I2C_GetFlagStatus)
    I2C_Init                                 0x080023bd   Thumb Code   218  stm32f4xx_i2c.o(i.I2C_Init)
    I2C_Send7bitAddress                      0x080024a5   Thumb Code    16  stm32f4xx_i2c.o(i.I2C_Send7bitAddress)
    I2C_SendData                             0x080024b5   Thumb Code     4  stm32f4xx_i2c.o(i.I2C_SendData)
    I2C_WriteByte                            0x080024b9   Thumb Code   134  drv_i2c.o(i.I2C_WriteByte)
    I2C_WriteConCmd                          0x08002549   Thumb Code    18  bsp_oled.o(i.I2C_WriteConCmd)
    I2C_WriteDataCmd                         0x08002561   Thumb Code    18  bsp_oled.o(i.I2C_WriteDataCmd)
    Insert_transmitdata_buffer_float         0x08002579   Thumb Code     8  pack_deal.o(i.Insert_transmitdata_buffer_float)
    Insert_transmitdata_buffer_key           0x08002585   Thumb Code     6  pack_deal.o(i.Insert_transmitdata_buffer_key)
    InterruptTask_TIM2                       0x08002591   Thumb Code   114  interrupt_task.o(i.InterruptTask_TIM2)
    InterruptTask_TIM3                       0x08002619   Thumb Code     2  interrupt_task.o(i.InterruptTask_TIM3)
    InterruptTask_TIM5                       0x0800261b   Thumb Code    16  interrupt_task.o(i.InterruptTask_TIM5)
    InterruptTask_USART1                     0x0800262b   Thumb Code     2  interrupt_task.o(i.InterruptTask_USART1)
    InterruptTask_USART2                     0x0800262d   Thumb Code     2  interrupt_task.o(i.InterruptTask_USART2)
    JOY_ADC_Calibration                      0x08002631   Thumb Code   338  drv_adc.o(i.JOY_ADC_Calibration)
    Key_Init                                 0x08002799   Thumb Code   416  bsp_key.o(i.Key_Init)
    Key_Set                                  0x08002945   Thumb Code    40  bsp_key.o(i.Key_Set)
    LED_FilpForISR                           0x08002975   Thumb Code   100  bsp_led.o(i.LED_FilpForISR)
    LED_Init                                 0x080029e5   Thumb Code    32  bsp_led.o(i.LED_Init)
    MemManage_Handler                        0x08002a09   Thumb Code     4  stm32f4xx_it.o(i.MemManage_Handler)
    NMI_Handler                              0x08002a0d   Thumb Code     2  stm32f4xx_it.o(i.NMI_Handler)
    NRF24L01_Clear_IRQ_Flag                  0x08002a11   Thumb Code    60  bsp_rf24l01.o(i.NRF24L01_Clear_IRQ_Flag)
    NRF24L01_Gpio_Init                       0x08002a51   Thumb Code    90  bsp_rf24l01.o(i.NRF24L01_Gpio_Init)
    NRF24L01_Read_Buf                        0x08002ab1   Thumb Code    64  bsp_rf24l01.o(i.NRF24L01_Read_Buf)
    NRF24L01_Read_Reg                        0x08002af5   Thumb Code    46  bsp_rf24l01.o(i.NRF24L01_Read_Reg)
    NRF24L01_Read_Status_Register            0x08002b29   Thumb Code    38  bsp_rf24l01.o(i.NRF24L01_Read_Status_Register)
    NRF24L01_Set_RxAddr                      0x08002b55   Thumb Code    48  bsp_rf24l01.o(i.NRF24L01_Set_RxAddr)
    NRF24L01_Set_TxAddr                      0x08002b85   Thumb Code    30  bsp_rf24l01.o(i.NRF24L01_Set_TxAddr)
    NRF24L01_TxPacket                        0x08002ba5   Thumb Code   166  bsp_rf24l01.o(i.NRF24L01_TxPacket)
    NRF24L01_Write_Buf                       0x08002c51   Thumb Code    76  bsp_rf24l01.o(i.NRF24L01_Write_Buf)
    NRF24L01_Write_Reg                       0x08002ca1   Thumb Code    58  bsp_rf24l01.o(i.NRF24L01_Write_Reg)
    NRF24L01_check                           0x08002ce1   Thumb Code   108  bsp_rf24l01.o(i.NRF24L01_check)
    NVIC_Init                                0x08002d91   Thumb Code   106  misc.o(i.NVIC_Init)
    NVIC_PriorityGroupConfig                 0x08002e09   Thumb Code    10  misc.o(i.NVIC_PriorityGroupConfig)
    OLED_Clear                               0x08002e1d   Thumb Code    62  bsp_oled.o(i.OLED_Clear)
    OLED_Display_On                          0x08002e5b   Thumb Code    28  bsp_oled.o(i.OLED_Display_On)
    OLED_GUI_Task                            0x08002e77   Thumb Code    12  oled_gui.o(i.OLED_GUI_Task)
    OLED_Init                                0x08002e85   Thumb Code   240  bsp_oled.o(i.OLED_Init)
    OLED_Set_Pos                             0x08002f8d   Thumb Code    40  bsp_oled.o(i.OLED_Set_Pos)
    OLED_ShowChar                            0x08002fb5   Thumb Code   154  bsp_oled.o(i.OLED_ShowChar)
    OLED_ShowString                          0x08003059   Thumb Code    58  bsp_oled.o(i.OLED_ShowString)
    OLED_WR_Byte                             0x08003093   Thumb Code    24  bsp_oled.o(i.OLED_WR_Byte)
    PendSV_Handler                           0x080030ab   Thumb Code     2  stm32f4xx_it.o(i.PendSV_Handler)
    RCC_AHB1PeriphClockCmd                   0x080030ad   Thumb Code    26  stm32f4xx_rcc.o(i.RCC_AHB1PeriphClockCmd)
    RCC_APB1PeriphClockCmd                   0x080030cd   Thumb Code    26  stm32f4xx_rcc.o(i.RCC_APB1PeriphClockCmd)
    RCC_APB1PeriphResetCmd                   0x080030ed   Thumb Code    26  stm32f4xx_rcc.o(i.RCC_APB1PeriphResetCmd)
    RCC_APB2PeriphClockCmd                   0x0800310d   Thumb Code    26  stm32f4xx_rcc.o(i.RCC_APB2PeriphClockCmd)
    RCC_APB2PeriphResetCmd                   0x0800312d   Thumb Code    26  stm32f4xx_rcc.o(i.RCC_APB2PeriphResetCmd)
    RCC_GetClocksFreq                        0x0800314d   Thumb Code   214  stm32f4xx_rcc.o(i.RCC_GetClocksFreq)
    RF24L01_Init                             0x08003235   Thumb Code   132  bsp_rf24l01.o(i.RF24L01_Init)
    RF24L01_Set_Mode                         0x080032c5   Thumb Code   154  bsp_rf24l01.o(i.RF24L01_Set_Mode)
    SPI2_Init                                0x08003381   Thumb Code   192  drv_spi.o(i.SPI2_Init)
    SPI_Cmd                                  0x0800344d   Thumb Code    24  stm32f4xx_spi.o(i.SPI_Cmd)
    SPI_I2S_DeInit                           0x08003465   Thumb Code   152  stm32f4xx_spi.o(i.SPI_I2S_DeInit)
    SPI_I2S_GetFlagStatus                    0x08003515   Thumb Code    18  stm32f4xx_spi.o(i.SPI_I2S_GetFlagStatus)
    SPI_Init                                 0x08003527   Thumb Code    60  stm32f4xx_spi.o(i.SPI_Init)
    SVC_Handler                              0x08003563   Thumb Code     2  stm32f4xx_it.o(i.SVC_Handler)
    Serial_Send                              0x08003565   Thumb Code   414  drv_usart.o(i.Serial_Send)
    Serial_SendByte                          0x0800370d   Thumb Code    30  drv_usart.o(i.Serial_SendByte)
    Set_GPIOMapControler                     0x08003819   Thumb Code   112  drv_gpio.o(i.Set_GPIOMapControler)
    SysTick_Handler                          0x080038a5   Thumb Code    18  drv_systick.o(i.SysTick_Handler)
    SysTick_Init                             0x080038bd   Thumb Code    38  drv_systick.o(i.SysTick_Init)
    SystemInit                               0x080038ed   Thumb Code    88  system_stm32f4xx.o(i.SystemInit)
    System_Init                              0x08003955   Thumb Code   162  init.o(i.System_Init)
    TIM2_IRQHandler                          0x08003a8d   Thumb Code    26  stm32f4xx_it.o(i.TIM2_IRQHandler)
    TIM2_Init                                0x08003aa7   Thumb Code    90  drv_timer.o(i.TIM2_Init)
    TIM3_IRQHandler                          0x08003b01   Thumb Code    26  stm32f4xx_it.o(i.TIM3_IRQHandler)
    TIM5_IRQHandler                          0x08003b21   Thumb Code    26  stm32f4xx_it.o(i.TIM5_IRQHandler)
    TIM5_Init                                0x08003b41   Thumb Code    88  drv_timer.o(i.TIM5_Init)
    TIM7_DelayCount_End                      0x08003b9d   Thumb Code    38  drv_timer.o(i.TIM7_DelayCount_End)
    TIM7_DelayCount_Run                      0x08003c01   Thumb Code    12  drv_timer.o(i.TIM7_DelayCount_Run)
    TIM7_DelayFunction_ms_Init               0x08003c11   Thumb Code    88  drv_timer.o(i.TIM7_DelayFunction_ms_Init)
    TIM7_Delay_Start                         0x08003c6d   Thumb Code    42  drv_timer.o(i.TIM7_Delay_Start)
    TIM7_Delay_ms                            0x08003ca5   Thumb Code    30  drv_timer.o(i.TIM7_Delay_ms)
    TIM7_ERRTask                             0x08003cc9   Thumb Code    12  drv_timer.o(i.TIM7_ERRTask)
    TIM7_IRQHandler                          0x08003d05   Thumb Code    26  stm32f4xx_it.o(i.TIM7_IRQHandler)
    TIM_ClearITPendingBit                    0x08003d25   Thumb Code     6  stm32f4xx_tim.o(i.TIM_ClearITPendingBit)
    TIM_Cmd                                  0x08003d2b   Thumb Code    24  stm32f4xx_tim.o(i.TIM_Cmd)
    TIM_GetITStatus                          0x08003d43   Thumb Code    34  stm32f4xx_tim.o(i.TIM_GetITStatus)
    TIM_ITConfig                             0x08003d65   Thumb Code    18  stm32f4xx_tim.o(i.TIM_ITConfig)
    TIM_TimeBaseInit                         0x08003d79   Thumb Code   104  stm32f4xx_tim.o(i.TIM_TimeBaseInit)
    TransmitData_Pack                        0x08003dfd   Thumb Code   116  pack_deal.o(i.TransmitData_Pack)
    USART1_IRQHandler                        0x08003e7d   Thumb Code    34  stm32f4xx_it.o(i.USART1_IRQHandler)
    USART1_Init                              0x08003ea5   Thumb Code   144  drv_usart.o(i.USART1_Init)
    USART2_IRQHandler                        0x08003f3d   Thumb Code    34  stm32f4xx_it.o(i.USART2_IRQHandler)
    USART_ClearITPendingBit                  0x08003f65   Thumb Code    30  stm32f4xx_usart.o(i.USART_ClearITPendingBit)
    USART_Cmd                                0x08003f83   Thumb Code    24  stm32f4xx_usart.o(i.USART_Cmd)
    USART_GetFlagStatus                      0x08003f9b   Thumb Code    26  stm32f4xx_usart.o(i.USART_GetFlagStatus)
    USART_ITConfig                           0x08003fb5   Thumb Code    74  stm32f4xx_usart.o(i.USART_ITConfig)
    USART_Init                               0x08004001   Thumb Code   204  stm32f4xx_usart.o(i.USART_Init)
    USART_SendData                           0x080040d5   Thumb Code     8  stm32f4xx_usart.o(i.USART_SendData)
    UsageFault_Handler                       0x080040dd   Thumb Code     4  stm32f4xx_it.o(i.UsageFault_Handler)
    __ARM_fpclassify                         0x080040e1   Thumb Code    48  fpclassify.o(i.__ARM_fpclassify)
    _is_digit                                0x08004111   Thumb Code    14  __printf_wp.o(i._is_digit)
    drv_spi_read_write_byte                  0x08004121   Thumb Code    84  drv_spi.o(i.drv_spi_read_write_byte)
    getKey                                   0x08004179   Thumb Code   116  bsp_key.o(i.getKey)
    itoa                                     0x080041f1   Thumb Code   100  drv_usart.o(i.itoa)
    keyHandle                                0x08004259   Thumb Code    18  bsp_key.o(i.keyHandle)
    keyInitOne                               0x0800426d   Thumb Code    66  bsp_key.o(i.keyInitOne)
    keyParaInit                              0x080042b9   Thumb Code   128  bsp_key.o(i.keyParaInit)
    main                                     0x0800433d   Thumb Code    16  main.o(i.main)
    readKeyValue                             0x08004365   Thumb Code    40  bsp_key.o(i.readKeyValue)
    wave_filter_median                       0x08004391   Thumb Code    96  wave_filter.o(i.wave_filter_median)
    wave_sort                                0x080043f1   Thumb Code    72  wave_filter.o(i.wave_sort)
    _get_lc_numeric                          0x08004439   Thumb Code    44  lc_numeric_c.o(locale$$code)
    _fp_init                                 0x08004465   Thumb Code    10  fpinit.o(x$fpl$fpinit)
    __fplib_config_fpu_vfp                   0x0800446d   Thumb Code     0  fpinit.o(x$fpl$fpinit)
    __fplib_config_pureend_doubles           0x0800446d   Thumb Code     0  fpinit.o(x$fpl$fpinit)
    _printf_fp_dec                           0x0800446f   Thumb Code     4  printf1.o(x$fpl$printf1)
    __I$use$fp                               0x08004472   Number         0  usenofp.o(x$fpl$usenofp)
    imgFont                                  0x08004474   Data         256  oled_font.o(.constdata)
    F6x8                                     0x08004574   Data         552  oled_font.o(.constdata)
    F8X16                                    0x0800479c   Data        1520  oled_font.o(.constdata)
    Region$$Table$$Base                      0x08004e48   Number         0  anon$$obj.o(Region$$Table)
    Region$$Table$$Limit                     0x08004e68   Number         0  anon$$obj.o(Region$$Table)
    count                                    0x20000014   Data           4  drv_systick.o(.data)
    G_delaytime_count                        0x20000018   Data           2  drv_timer.o(.data)
    G_TIM7_status                            0x2000001a   Data           1  drv_timer.o(.data)
    keys                                     0x20000026   Data           5  bsp_key.o(.data)
    SystemCoreClock                          0x20000030   Data           4  system_stm32f4xx.o(.data)
    AHBPrescTable                            0x20000034   Data          16  system_stm32f4xx.o(.data)
    tramsmitdata_buffer_key                  0x20000044   Data          16  pack_deal.o(.bss)
    transmitData_buffer_float                0x20000054   Data          16  pack_deal.o(.bss)
    TransmitData_SendFrame                   0x20000064   Data          20  pack_deal.o(.bss)
    TransmitData_ReceiveFrame                0x20000078   Data          20  pack_deal.o(.bss)
    G_GPIO_map                               0x2000008c   Data          10  drv_gpio.o(.bss)
    G_GPIO_corrupt_map                       0x20000096   Data          10  drv_gpio.o(.bss)
    ADC_Val                                  0x200000a0   Data          32  drv_adc.o(.bss)
    ADC_Value_G                              0x200000c0   Data          32  drv_adc.o(.bss)
    singleKey                                0x20000130   Data         208  bsp_key.o(.bss)
    KEY_G                                    0x20000200   Data          16  bsp_key.o(.bss)
    __libspace_start                         0x20000210   Data          96  libspace.o(.bss)
    __temporary_stack_top$libspace           0x20000270   Data           0  libspace.o(.bss)



==============================================================================

Memory Map of the image

  Image Entry point : 0x08000189

  Load Region LR_IROM1 (Base: 0x08000000, Size: 0x00004ec8, Max: 0x00080000, ABSOLUTE)

    Execution Region ER_IROM1 (Base: 0x08000000, Size: 0x00004e84, Max: 0x00080000, ABSOLUTE)

    Base Addr    Size         Type   Attr      Idx    E Section Name        Object

    0x08000000   0x00000188   Data   RO            3    RESET               startup_stm32f40_41xxx.o
    0x08000188   0x00000008   Code   RO         6191  * !!!main             c_w.l(__main.o)
    0x08000190   0x00000034   Code   RO         6407    !!!scatter          c_w.l(__scatter.o)
    0x080001c4   0x0000001a   Code   RO         6409    !!handler_copy      c_w.l(__scatter_copy.o)
    0x080001de   0x00000002   PAD
    0x080001e0   0x0000001c   Code   RO         6411    !!handler_zi        c_w.l(__scatter_zi.o)
    0x080001fc   0x00000000   Code   RO         6186    .ARM.Collect$$_printf_percent$$00000000  c_w.l(_printf_percent.o)
    0x080001fc   0x00000006   Code   RO         6185    .ARM.Collect$$_printf_percent$$00000003  c_w.l(_printf_f.o)
    0x08000202   0x00000006   Code   RO         6184    .ARM.Collect$$_printf_percent$$00000009  c_w.l(_printf_d.o)
    0x08000208   0x00000006   Code   RO         6183    .ARM.Collect$$_printf_percent$$0000000C  c_w.l(_printf_x.o)
    0x0800020e   0x00000004   Code   RO         6204    .ARM.Collect$$_printf_percent$$00000017  c_w.l(_printf_percent_end.o)
    0x08000212   0x00000002   Code   RO         6280    .ARM.Collect$$libinit$$00000000  c_w.l(libinit.o)
    0x08000214   0x00000004   Code   RO         6281    .ARM.Collect$$libinit$$00000001  c_w.l(libinit2.o)
    0x08000218   0x00000000   Code   RO         6284    .ARM.Collect$$libinit$$00000004  c_w.l(libinit2.o)
    0x08000218   0x00000000   Code   RO         6287    .ARM.Collect$$libinit$$0000000A  c_w.l(libinit2.o)
    0x08000218   0x00000000   Code   RO         6289    .ARM.Collect$$libinit$$0000000C  c_w.l(libinit2.o)
    0x08000218   0x00000000   Code   RO         6291    .ARM.Collect$$libinit$$0000000E  c_w.l(libinit2.o)
    0x08000218   0x00000006   Code   RO         6292    .ARM.Collect$$libinit$$0000000F  c_w.l(libinit2.o)
    0x0800021e   0x00000000   Code   RO         6294    .ARM.Collect$$libinit$$00000011  c_w.l(libinit2.o)
    0x0800021e   0x00000000   Code   RO         6296    .ARM.Collect$$libinit$$00000013  c_w.l(libinit2.o)
    0x0800021e   0x00000000   Code   RO         6298    .ARM.Collect$$libinit$$00000015  c_w.l(libinit2.o)
    0x0800021e   0x0000000a   Code   RO         6299    .ARM.Collect$$libinit$$00000016  c_w.l(libinit2.o)
    0x08000228   0x00000000   Code   RO         6300    .ARM.Collect$$libinit$$00000017  c_w.l(libinit2.o)
    0x08000228   0x00000000   Code   RO         6302    .ARM.Collect$$libinit$$00000019  c_w.l(libinit2.o)
    0x08000228   0x00000000   Code   RO         6304    .ARM.Collect$$libinit$$0000001B  c_w.l(libinit2.o)
    0x08000228   0x00000000   Code   RO         6306    .ARM.Collect$$libinit$$0000001D  c_w.l(libinit2.o)
    0x08000228   0x00000000   Code   RO         6308    .ARM.Collect$$libinit$$0000001F  c_w.l(libinit2.o)
    0x08000228   0x00000000   Code   RO         6310    .ARM.Collect$$libinit$$00000021  c_w.l(libinit2.o)
    0x08000228   0x00000000   Code   RO         6312    .ARM.Collect$$libinit$$00000023  c_w.l(libinit2.o)
    0x08000228   0x00000000   Code   RO         6314    .ARM.Collect$$libinit$$00000025  c_w.l(libinit2.o)
    0x08000228   0x00000000   Code   RO         6318    .ARM.Collect$$libinit$$0000002C  c_w.l(libinit2.o)
    0x08000228   0x00000000   Code   RO         6320    .ARM.Collect$$libinit$$0000002E  c_w.l(libinit2.o)
    0x08000228   0x00000000   Code   RO         6322    .ARM.Collect$$libinit$$00000030  c_w.l(libinit2.o)
    0x08000228   0x00000000   Code   RO         6324    .ARM.Collect$$libinit$$00000032  c_w.l(libinit2.o)
    0x08000228   0x00000002   Code   RO         6325    .ARM.Collect$$libinit$$00000033  c_w.l(libinit2.o)
    0x0800022a   0x00000002   Code   RO         6355    .ARM.Collect$$libshutdown$$00000000  c_w.l(libshutdown.o)
    0x0800022c   0x00000000   Code   RO         6366    .ARM.Collect$$libshutdown$$00000002  c_w.l(libshutdown2.o)
    0x0800022c   0x00000000   Code   RO         6368    .ARM.Collect$$libshutdown$$00000004  c_w.l(libshutdown2.o)
    0x0800022c   0x00000000   Code   RO         6371    .ARM.Collect$$libshutdown$$00000007  c_w.l(libshutdown2.o)
    0x0800022c   0x00000000   Code   RO         6374    .ARM.Collect$$libshutdown$$0000000A  c_w.l(libshutdown2.o)
    0x0800022c   0x00000000   Code   RO         6376    .ARM.Collect$$libshutdown$$0000000C  c_w.l(libshutdown2.o)
    0x0800022c   0x00000000   Code   RO         6379    .ARM.Collect$$libshutdown$$0000000F  c_w.l(libshutdown2.o)
    0x0800022c   0x00000002   Code   RO         6380    .ARM.Collect$$libshutdown$$00000010  c_w.l(libshutdown2.o)
    0x0800022e   0x00000000   Code   RO         6195    .ARM.Collect$$rtentry$$00000000  c_w.l(__rtentry.o)
    0x0800022e   0x00000000   Code   RO         6208    .ARM.Collect$$rtentry$$00000002  c_w.l(__rtentry2.o)
    0x0800022e   0x00000006   Code   RO         6220    .ARM.Collect$$rtentry$$00000004  c_w.l(__rtentry4.o)
    0x08000234   0x00000000   Code   RO         6210    .ARM.Collect$$rtentry$$00000009  c_w.l(__rtentry2.o)
    0x08000234   0x00000004   Code   RO         6211    .ARM.Collect$$rtentry$$0000000A  c_w.l(__rtentry2.o)
    0x08000238   0x00000000   Code   RO         6213    .ARM.Collect$$rtentry$$0000000C  c_w.l(__rtentry2.o)
    0x08000238   0x00000008   Code   RO         6214    .ARM.Collect$$rtentry$$0000000D  c_w.l(__rtentry2.o)
    0x08000240   0x00000002   Code   RO         6326    .ARM.Collect$$rtexit$$00000000  c_w.l(rtexit.o)
    0x08000242   0x00000000   Code   RO         6333    .ARM.Collect$$rtexit$$00000002  c_w.l(rtexit2.o)
    0x08000242   0x00000004   Code   RO         6334    .ARM.Collect$$rtexit$$00000003  c_w.l(rtexit2.o)
    0x08000246   0x00000006   Code   RO         6335    .ARM.Collect$$rtexit$$00000004  c_w.l(rtexit2.o)
    0x0800024c   0x00000040   Code   RO            4    .text               startup_stm32f40_41xxx.o
    0x0800028c   0x00000028   Code   RO         6134    .text               c_w.l(noretval__2sprintf.o)
    0x080002b4   0x0000004e   Code   RO         6138    .text               c_w.l(_printf_pad.o)
    0x08000302   0x00000002   PAD
    0x08000304   0x00000078   Code   RO         6140    .text               c_w.l(_printf_dec.o)
    0x0800037c   0x00000058   Code   RO         6145    .text               c_w.l(_printf_hex_int.o)
    0x080003d4   0x0000010e   Code   RO         6171    .text               c_w.l(__printf_wp.o)
    0x080004e2   0x0000008a   Code   RO         6187    .text               c_w.l(rt_memcpy_v6.o)
    0x0800056c   0x00000006   Code   RO         6189    .text               c_w.l(heapauxi.o)
    0x08000572   0x000000b2   Code   RO         6196    .text               c_w.l(_printf_intcommon.o)
    0x08000624   0x0000041a   Code   RO         6198    .text               c_w.l(_printf_fp_dec.o)
    0x08000a3e   0x00000002   PAD
    0x08000a40   0x00000030   Code   RO         6200    .text               c_w.l(_printf_char_common.o)
    0x08000a70   0x0000000a   Code   RO         6202    .text               c_w.l(_sputc.o)
    0x08000a7a   0x00000064   Code   RO         6205    .text               c_w.l(rt_memcpy_w.o)
    0x08000ade   0x00000002   PAD
    0x08000ae0   0x00000008   Code   RO         6225    .text               c_w.l(rt_locale_intlibspace.o)
    0x08000ae8   0x0000008a   Code   RO         6227    .text               c_w.l(lludiv10.o)
    0x08000b72   0x00000002   PAD
    0x08000b74   0x00000080   Code   RO         6229    .text               c_w.l(_printf_fp_infnan.o)
    0x08000bf4   0x000000dc   Code   RO         6233    .text               c_w.l(bigflt0.o)
    0x08000cd0   0x00000008   Code   RO         6266    .text               c_w.l(libspace.o)
    0x08000cd8   0x0000004a   Code   RO         6269    .text               c_w.l(sys_stackheap_outer.o)
    0x08000d22   0x00000012   Code   RO         6271    .text               c_w.l(exit.o)
    0x08000d34   0x00000080   Code   RO         6273    .text               c_w.l(strcmpv7m.o)
    0x08000db4   0x0000000c   Code   RO         6345    .text               c_w.l(sys_exit.o)
    0x08000dc0   0x00000002   Code   RO         6356    .text               c_w.l(use_no_semi.o)
    0x08000dc2   0x00000000   Code   RO         6358    .text               c_w.l(indicate_semi.o)
    0x08000dc2   0x0000003e   Code   RO         6236    CL$$btod_d2e        c_w.l(btod.o)
    0x08000e00   0x00000046   Code   RO         6238    CL$$btod_d2e_denorm_low  c_w.l(btod.o)
    0x08000e46   0x00000060   Code   RO         6237    CL$$btod_d2e_norm_op1  c_w.l(btod.o)
    0x08000ea6   0x00000338   Code   RO         6246    CL$$btod_div_common  c_w.l(btod.o)
    0x080011de   0x000000c6   Code   RO         6243    CL$$btod_e2e        c_w.l(btod.o)
    0x080012a4   0x00000028   Code   RO         6240    CL$$btod_ediv       c_w.l(btod.o)
    0x080012cc   0x00000028   Code   RO         6239    CL$$btod_emul       c_w.l(btod.o)
    0x080012f4   0x00000244   Code   RO         6245    CL$$btod_mult_common  c_w.l(btod.o)
    0x08001538   0x0000001c   Code   RO         5337    i.ADC1_Init         drv_adc.o
    0x08001554   0x00000016   Code   RO          167    i.ADC_Cmd           stm32f4xx_adc.o
    0x0800156a   0x00000002   PAD
    0x0800156c   0x00000030   Code   RO          168    i.ADC_CommonInit    stm32f4xx_adc.o
    0x0800159c   0x00000016   Code   RO          171    i.ADC_DMACmd        stm32f4xx_adc.o
    0x080015b2   0x00000016   Code   RO          172    i.ADC_DMARequestAfterLastTransferCmd  stm32f4xx_adc.o
    0x080015c8   0x0000016c   Code   RO         5338    i.ADC_DMA_Config    drv_adc.o
    0x08001734   0x00000016   Code   RO          173    i.ADC_DeInit        stm32f4xx_adc.o
    0x0800174a   0x00000002   PAD
    0x0800174c   0x00000054   Code   RO          187    i.ADC_Init          stm32f4xx_adc.o
    0x080017a0   0x000000b8   Code   RO          192    i.ADC_RegularChannelConfig  stm32f4xx_adc.o
    0x08001858   0x0000000a   Code   RO          194    i.ADC_SoftwareStartConv  stm32f4xx_adc.o
    0x08001862   0x00000004   Code   RO         6013    i.BusFault_Handler  stm32f4xx_it.o
    0x08001866   0x00000002   PAD
    0x08001868   0x00000024   Code   RO         6014    i.CAN1_RX0_IRQHandler  stm32f4xx_it.o
    0x0800188c   0x0000001c   Code   RO         6015    i.CAN1_TX_IRQHandler  stm32f4xx_it.o
    0x080018a8   0x00000038   Code   RO          404    i.CAN_ClearFlag     stm32f4xx_can.o
    0x080018e0   0x000000a8   Code   RO          405    i.CAN_ClearITPendingBit  stm32f4xx_can.o
    0x08001988   0x00000120   Code   RO          411    i.CAN_GetITStatus   stm32f4xx_can.o
    0x08001aa8   0x00000012   Code   RO          427    i.CheckITStatus     stm32f4xx_can.o
    0x08001aba   0x00000002   PAD
    0x08001abc   0x00000028   Code   RO         6016    i.DMA2_Stream0_IRQHandler  stm32f4xx_it.o
    0x08001ae4   0x00000034   Code   RO         1104    i.DMA_ClearFlag     stm32f4xx_dma.o
    0x08001b18   0x00000034   Code   RO         1105    i.DMA_ClearITPendingBit  stm32f4xx_dma.o
    0x08001b4c   0x00000016   Code   RO         1106    i.DMA_Cmd           stm32f4xx_dma.o
    0x08001b62   0x00000002   PAD
    0x08001b64   0x00000158   Code   RO         1107    i.DMA_DeInit        stm32f4xx_dma.o
    0x08001cbc   0x00000014   Code   RO         1111    i.DMA_GetCmdStatus  stm32f4xx_dma.o
    0x08001cd0   0x00000044   Code   RO         1115    i.DMA_GetFlagStatus  stm32f4xx_dma.o
    0x08001d14   0x00000058   Code   RO         1118    i.DMA_Init          stm32f4xx_dma.o
    0x08001d6c   0x00000002   Code   RO         6017    i.DebugMon_Handler  stm32f4xx_it.o
    0x08001d6e   0x00000002   PAD
    0x08001d70   0x00000150   Code   RO         5065    i.GPIO_Format_Init  drv_gpio.o
    0x08001ec0   0x00000090   Code   RO         1840    i.GPIO_Init         stm32f4xx_gpio.o
    0x08001f50   0x00000046   Code   RO         1841    i.GPIO_PinAFConfig  stm32f4xx_gpio.o
    0x08001f96   0x00000012   Code   RO         1844    i.GPIO_ReadInputDataBit  stm32f4xx_gpio.o
    0x08001fa8   0x00000004   Code   RO         1847    i.GPIO_ResetBits    stm32f4xx_gpio.o
    0x08001fac   0x00000004   Code   RO         1848    i.GPIO_SetBits      stm32f4xx_gpio.o
    0x08001fb0   0x0000011c   Code   RO         4859    i.GUI_ADC_Updata    oled_gui.o
    0x080020cc   0x000000e4   Code   RO         4860    i.GUI_Init          oled_gui.o
    0x080021b0   0x00000078   Code   RO         4861    i.GUI_Key_Updata    oled_gui.o
    0x08002228   0x0000001c   Code   RO         5590    i.G_RESET_BIT       bsp_key.o
    0x08002244   0x0000000c   Code   RO         5591    i.G_SET_BIT         bsp_key.o
    0x08002250   0x00000004   Code   RO         6018    i.HardFault_Handler  stm32f4xx_it.o
    0x08002254   0x000000a4   Code   RO         5299    i.I2C1_Init         drv_i2c.o
    0x080022f8   0x00000018   Code   RO         2112    i.I2C_AcknowledgeConfig  stm32f4xx_i2c.o
    0x08002310   0x0000002a   Code   RO         2115    i.I2C_CheckEvent    stm32f4xx_i2c.o
    0x0800233a   0x00000018   Code   RO         2118    i.I2C_Cmd           stm32f4xx_i2c.o
    0x08002352   0x00000018   Code   RO         2126    i.I2C_GenerateSTART  stm32f4xx_i2c.o
    0x0800236a   0x00000018   Code   RO         2127    i.I2C_GenerateSTOP  stm32f4xx_i2c.o
    0x08002382   0x0000003a   Code   RO         2128    i.I2C_GetFlagStatus  stm32f4xx_i2c.o
    0x080023bc   0x000000e8   Code   RO         2133    i.I2C_Init          stm32f4xx_i2c.o
    0x080024a4   0x00000010   Code   RO         2140    i.I2C_Send7bitAddress  stm32f4xx_i2c.o
    0x080024b4   0x00000004   Code   RO         2141    i.I2C_SendData      stm32f4xx_i2c.o
    0x080024b8   0x00000090   Code   RO         5301    i.I2C_WriteByte     drv_i2c.o
    0x08002548   0x00000018   Code   RO         5409    i.I2C_WriteConCmd   bsp_oled.o
    0x08002560   0x00000018   Code   RO         5410    i.I2C_WriteDataCmd  bsp_oled.o
    0x08002578   0x0000000c   Code   RO         4983    i.Insert_transmitdata_buffer_float  pack_deal.o
    0x08002584   0x0000000c   Code   RO         4984    i.Insert_transmitdata_buffer_key  pack_deal.o
    0x08002590   0x00000088   Code   RO         5896    i.InterruptTask_TIM2  interrupt_task.o
    0x08002618   0x00000002   Code   RO         5897    i.InterruptTask_TIM3  interrupt_task.o
    0x0800261a   0x00000010   Code   RO         5898    i.InterruptTask_TIM5  interrupt_task.o
    0x0800262a   0x00000002   Code   RO         5899    i.InterruptTask_USART1  interrupt_task.o
    0x0800262c   0x00000002   Code   RO         5900    i.InterruptTask_USART2  interrupt_task.o
    0x0800262e   0x00000002   PAD
    0x08002630   0x00000168   Code   RO         5339    i.JOY_ADC_Calibration  drv_adc.o
    0x08002798   0x000001ac   Code   RO         5592    i.Key_Init          bsp_key.o
    0x08002944   0x00000030   Code   RO         5593    i.Key_Set           bsp_key.o
    0x08002974   0x00000070   Code   RO         5557    i.LED_FilpForISR    bsp_led.o
    0x080029e4   0x00000024   Code   RO         5559    i.LED_Init          bsp_led.o
    0x08002a08   0x00000004   Code   RO         6019    i.MemManage_Handler  stm32f4xx_it.o
    0x08002a0c   0x00000002   Code   RO         6020    i.NMI_Handler       stm32f4xx_it.o
    0x08002a0e   0x00000002   PAD
    0x08002a10   0x00000040   Code   RO         5669    i.NRF24L01_Clear_IRQ_Flag  bsp_rf24l01.o
    0x08002a50   0x00000060   Code   RO         5672    i.NRF24L01_Gpio_Init  bsp_rf24l01.o
    0x08002ab0   0x00000044   Code   RO         5674    i.NRF24L01_Read_Buf  bsp_rf24l01.o
    0x08002af4   0x00000034   Code   RO         5675    i.NRF24L01_Read_Reg  bsp_rf24l01.o
    0x08002b28   0x0000002c   Code   RO         5677    i.NRF24L01_Read_Status_Register  bsp_rf24l01.o
    0x08002b54   0x00000030   Code   RO         5681    i.NRF24L01_Set_RxAddr  bsp_rf24l01.o
    0x08002b84   0x0000001e   Code   RO         5682    i.NRF24L01_Set_TxAddr  bsp_rf24l01.o
    0x08002ba2   0x00000002   PAD
    0x08002ba4   0x000000ac   Code   RO         5683    i.NRF24L01_TxPacket  bsp_rf24l01.o
    0x08002c50   0x00000050   Code   RO         5684    i.NRF24L01_Write_Buf  bsp_rf24l01.o
    0x08002ca0   0x00000040   Code   RO         5685    i.NRF24L01_Write_Reg  bsp_rf24l01.o
    0x08002ce0   0x000000b0   Code   RO         5689    i.NRF24L01_check    bsp_rf24l01.o
    0x08002d90   0x00000078   Code   RO           12    i.NVIC_Init         misc.o
    0x08002e08   0x00000014   Code   RO           13    i.NVIC_PriorityGroupConfig  misc.o
    0x08002e1c   0x0000003e   Code   RO         5411    i.OLED_Clear        bsp_oled.o
    0x08002e5a   0x0000001c   Code   RO         5415    i.OLED_Display_On   bsp_oled.o
    0x08002e76   0x0000000c   Code   RO         4862    i.OLED_GUI_Task     oled_gui.o
    0x08002e82   0x00000002   PAD
    0x08002e84   0x00000108   Code   RO         5417    i.OLED_Init         bsp_oled.o
    0x08002f8c   0x00000028   Code   RO         5419    i.OLED_Set_Pos      bsp_oled.o
    0x08002fb4   0x000000a4   Code   RO         5423    i.OLED_ShowChar     bsp_oled.o
    0x08003058   0x0000003a   Code   RO         5425    i.OLED_ShowString   bsp_oled.o
    0x08003092   0x00000018   Code   RO         5426    i.OLED_WR_Byte      bsp_oled.o
    0x080030aa   0x00000002   Code   RO         6021    i.PendSV_Handler    stm32f4xx_it.o
    0x080030ac   0x00000020   Code   RO         2704    i.RCC_AHB1PeriphClockCmd  stm32f4xx_rcc.o
    0x080030cc   0x00000020   Code   RO         2713    i.RCC_APB1PeriphClockCmd  stm32f4xx_rcc.o
    0x080030ec   0x00000020   Code   RO         2715    i.RCC_APB1PeriphResetCmd  stm32f4xx_rcc.o
    0x0800310c   0x00000020   Code   RO         2716    i.RCC_APB2PeriphClockCmd  stm32f4xx_rcc.o
    0x0800312c   0x00000020   Code   RO         2718    i.RCC_APB2PeriphResetCmd  stm32f4xx_rcc.o
    0x0800314c   0x000000e8   Code   RO         2725    i.RCC_GetClocksFreq  stm32f4xx_rcc.o
    0x08003234   0x00000090   Code   RO         5690    i.RF24L01_Init      bsp_rf24l01.o
    0x080032c4   0x000000bc   Code   RO         5692    i.RF24L01_Set_Mode  bsp_rf24l01.o
    0x08003380   0x000000cc   Code   RO         5375    i.SPI2_Init         drv_spi.o
    0x0800344c   0x00000018   Code   RO         3821    i.SPI_Cmd           stm32f4xx_spi.o
    0x08003464   0x000000b0   Code   RO         3828    i.SPI_I2S_DeInit    stm32f4xx_spi.o
    0x08003514   0x00000012   Code   RO         3829    i.SPI_I2S_GetFlagStatus  stm32f4xx_spi.o
    0x08003526   0x0000003c   Code   RO         3834    i.SPI_Init          stm32f4xx_spi.o
    0x08003562   0x00000002   Code   RO         6022    i.SVC_Handler       stm32f4xx_it.o
    0x08003564   0x000001a8   Code   RO         5112    i.Serial_Send       drv_usart.o
    0x0800370c   0x0000001e   Code   RO         5113    i.Serial_SendByte   drv_usart.o
    0x0800372a   0x00000002   PAD
    0x0800372c   0x000000ec   Code   RO         5976    i.SetSysClock       system_stm32f4xx.o
    0x08003818   0x0000008c   Code   RO         5068    i.Set_GPIOMapControler  drv_gpio.o
    0x080038a4   0x00000018   Code   RO         5175    i.SysTick_Handler   drv_systick.o
    0x080038bc   0x00000030   Code   RO         5176    i.SysTick_Init      drv_systick.o
    0x080038ec   0x00000068   Code   RO         5978    i.SystemInit        system_stm32f4xx.o
    0x08003954   0x00000138   Code   RO         5956    i.System_Init       init.o
    0x08003a8c   0x0000001a   Code   RO         6023    i.TIM2_IRQHandler   stm32f4xx_it.o
    0x08003aa6   0x0000005a   Code   RO         5217    i.TIM2_Init         drv_timer.o
    0x08003b00   0x00000020   Code   RO         6024    i.TIM3_IRQHandler   stm32f4xx_it.o
    0x08003b20   0x00000020   Code   RO         6025    i.TIM5_IRQHandler   stm32f4xx_it.o
    0x08003b40   0x0000005c   Code   RO         5219    i.TIM5_Init         drv_timer.o
    0x08003b9c   0x00000064   Code   RO         5220    i.TIM7_DelayCount_End  drv_timer.o
    0x08003c00   0x00000010   Code   RO         5221    i.TIM7_DelayCount_Run  drv_timer.o
    0x08003c10   0x0000005c   Code   RO         5222    i.TIM7_DelayFunction_ms_Init  drv_timer.o
    0x08003c6c   0x00000038   Code   RO         5223    i.TIM7_Delay_Start  drv_timer.o
    0x08003ca4   0x00000024   Code   RO         5224    i.TIM7_Delay_ms     drv_timer.o
    0x08003cc8   0x0000003c   Code   RO         5225    i.TIM7_ERRTask      drv_timer.o
    0x08003d04   0x00000020   Code   RO         6026    i.TIM7_IRQHandler   stm32f4xx_it.o
    0x08003d24   0x00000006   Code   RO         4046    i.TIM_ClearITPendingBit  stm32f4xx_tim.o
    0x08003d2a   0x00000018   Code   RO         4051    i.TIM_Cmd           stm32f4xx_tim.o
    0x08003d42   0x00000022   Code   RO         4072    i.TIM_GetITStatus   stm32f4xx_tim.o
    0x08003d64   0x00000012   Code   RO         4076    i.TIM_ITConfig      stm32f4xx_tim.o
    0x08003d76   0x00000002   PAD
    0x08003d78   0x00000084   Code   RO         4123    i.TIM_TimeBaseInit  stm32f4xx_tim.o
    0x08003dfc   0x00000080   Code   RO         4986    i.TransmitData_Pack  pack_deal.o
    0x08003e7c   0x00000028   Code   RO         6027    i.USART1_IRQHandler  stm32f4xx_it.o
    0x08003ea4   0x00000098   Code   RO         5114    i.USART1_Init       drv_usart.o
    0x08003f3c   0x00000028   Code   RO         6028    i.USART2_IRQHandler  stm32f4xx_it.o
    0x08003f64   0x0000001e   Code   RO         4598    i.USART_ClearITPendingBit  stm32f4xx_usart.o
    0x08003f82   0x00000018   Code   RO         4601    i.USART_Cmd         stm32f4xx_usart.o
    0x08003f9a   0x0000001a   Code   RO         4604    i.USART_GetFlagStatus  stm32f4xx_usart.o
    0x08003fb4   0x0000004a   Code   RO         4607    i.USART_ITConfig    stm32f4xx_usart.o
    0x08003ffe   0x00000002   PAD
    0x08004000   0x000000d4   Code   RO         4608    i.USART_Init        stm32f4xx_usart.o
    0x080040d4   0x00000008   Code   RO         4618    i.USART_SendData    stm32f4xx_usart.o
    0x080040dc   0x00000004   Code   RO         6029    i.UsageFault_Handler  stm32f4xx_it.o
    0x080040e0   0x00000030   Code   RO         6264    i.__ARM_fpclassify  m_wm.l(fpclassify.o)
    0x08004110   0x0000000e   Code   RO         6173    i._is_digit         c_w.l(__printf_wp.o)
    0x0800411e   0x00000002   PAD
    0x08004120   0x00000058   Code   RO         5376    i.drv_spi_read_write_byte  drv_spi.o
    0x08004178   0x00000078   Code   RO         5594    i.getKey            bsp_key.o
    0x080041f0   0x00000068   Code   RO         5118    i.itoa              drv_usart.o
    0x08004258   0x00000012   Code   RO         5595    i.keyHandle         bsp_key.o
    0x0800426a   0x00000002   PAD
    0x0800426c   0x0000004c   Code   RO         5596    i.keyInitOne        bsp_key.o
    0x080042b8   0x00000084   Code   RO         5597    i.keyParaInit       bsp_key.o
    0x0800433c   0x00000028   Code   RO         5833    i.main              main.o
    0x08004364   0x0000002c   Code   RO         5598    i.readKeyValue      bsp_key.o
    0x08004390   0x00000060   Code   RO         4945    i.wave_filter_median  wave_filter.o
    0x080043f0   0x00000048   Code   RO         4946    i.wave_sort         wave_filter.o
    0x08004438   0x0000002c   Code   RO         6259    locale$$code        c_w.l(lc_numeric_c.o)
    0x08004464   0x0000000a   Code   RO         6330    x$fpl$fpinit        fz_wm.l(fpinit.o)
    0x0800446e   0x00000004   Code   RO         6193    x$fpl$printf1       fz_wm.l(printf1.o)
    0x08004472   0x00000000   Code   RO         6263    x$fpl$usenofp       fz_wm.l(usenofp.o)
    0x08004472   0x00000002   PAD
    0x08004474   0x00000918   Data   RO         4845    .constdata          oled_font.o
    0x08004d8c   0x00000028   Data   RO         6146    .constdata          c_w.l(_printf_hex_int.o)
    0x08004db4   0x00000094   Data   RO         6234    .constdata          c_w.l(bigflt0.o)
    0x08004e48   0x00000020   Data   RO         6405    Region$$Table       anon$$obj.o
    0x08004e68   0x0000001c   Data   RO         6258    locale$$data        c_w.l(lc_numeric_c.o)


    Execution Region RW_IRAM2 (Base: 0x10000000, Size: 0x00000000, Max: 0x00010000, ABSOLUTE)

    **** No section assigned to this execution region ****


    Execution Region RW_IRAM1 (Base: 0x20000000, Size: 0x00000870, Max: 0x00020000, ABSOLUTE)

    Base Addr    Size         Type   Attr      Idx    E Section Name        Object

    0x20000000   0x00000010   Data   RW         2757    .data               stm32f4xx_rcc.o
    0x20000010   0x00000002   Data   RW         4863    .data               oled_gui.o
    0x20000012   0x00000002   PAD
    0x20000014   0x00000004   Data   RW         5179    .data               drv_systick.o
    0x20000018   0x00000004   Data   RW         5227    .data               drv_timer.o
    0x2000001c   0x0000000a   Data   RW         5560    .data               bsp_led.o
    0x20000026   0x00000008   Data   RW         5600    .data               bsp_key.o
    0x2000002e   0x00000001   Data   RW         5903    .data               interrupt_task.o
    0x2000002f   0x00000001   PAD
    0x20000030   0x00000014   Data   RW         5979    .data               system_stm32f4xx.o
    0x20000044   0x00000048   Zero   RW         4988    .bss                pack_deal.o
    0x2000008c   0x00000014   Zero   RW         5069    .bss                drv_gpio.o
    0x200000a0   0x00000090   Zero   RW         5340    .bss                drv_adc.o
    0x20000130   0x000000e0   Zero   RW         5599    .bss                bsp_key.o
    0x20000210   0x00000060   Zero   RW         6267    .bss                c_w.l(libspace.o)
    0x20000270   0x00000200   Zero   RW            2    HEAP                startup_stm32f40_41xxx.o
    0x20000470   0x00000400   Zero   RW            1    STACK               startup_stm32f40_41xxx.o


==============================================================================

Image component sizes


      Code (inc. data)   RO Data    RW Data    ZI Data      Debug   Object Name

       906         42          0          8        224       7729   bsp_key.o
       148         16          0         10          0       1943   bsp_led.o
       688         46          0          0          0       6460   bsp_oled.o
      1226        156          0          0          0      10140   bsp_rf24l01.o
       752         38          0          0        144       3113   drv_adc.o
       476         74          0          0         20       2902   drv_gpio.o
       308         44          0          0          0       1912   drv_i2c.o
       292         16          0          0          0       1482   drv_spi.o
        72         16          0          4          0       1477   drv_systick.o
       542        142          0          4          0       6758   drv_timer.o
       710         22          0          0          0       4681   drv_usart.o
       312        150          0          0          0        630   init.o
       158         22          0          1          0       2957   interrupt_task.o
        40         24          0          0          0        539   main.o
       140         24          0          0          0     335163   misc.o
         0          0       2328          0          0        845   oled_font.o
       644        108          0          2          0       3693   oled_gui.o
       152         22          0          0         72       6591   pack_deal.o
        64         26        392          0       1536        948   startup_stm32f40_41xxx.o
       414         24          0          0          0       6776   stm32f4xx_adc.o
       530         14          0          0          0       3934   stm32f4xx_can.o
       646         68          0          0          0       6385   stm32f4xx_dma.o
       240          0          0          0          0       4031   stm32f4xx_gpio.o
       448         14          0          0          0       6982   stm32f4xx_i2c.o
       330         50          0          0          0       9601   stm32f4xx_it.o
       392         48          0         16          0       6489   stm32f4xx_rcc.o
       278         24          0          0          0       3446   stm32f4xx_spi.o
       214         28          0          0          0       4182   stm32f4xx_tim.o
       374          8          0          0          0       5371   stm32f4xx_usart.o
       340         32          0         20          0       2089   system_stm32f4xx.o
       168          0          0          0          0       1889   wave_filter.o

    ----------------------------------------------------------------------
     12032       1298       2752         68       1996     461138   Object Totals
         0          0         32          0          0          0   (incl. Generated)
        28          0          0          3          0          0   (incl. Padding)

    ----------------------------------------------------------------------

      Code (inc. data)   RO Data    RW Data    ZI Data      Debug   Library Member Name

         8          0          0          0          0         68   __main.o
       284          0          0          0          0        156   __printf_wp.o
         0          0          0          0          0          0   __rtentry.o
        12          0          0          0          0          0   __rtentry2.o
         6          0          0          0          0          0   __rtentry4.o
        52          8          0          0          0          0   __scatter.o
        26          0          0          0          0          0   __scatter_copy.o
        28          0          0          0          0          0   __scatter_zi.o
        48          6          0          0          0         96   _printf_char_common.o
         6          0          0          0          0          0   _printf_d.o
       120         16          0          0          0         92   _printf_dec.o
         6          0          0          0          0          0   _printf_f.o
      1050          0          0          0          0        216   _printf_fp_dec.o
       128         16          0          0          0         84   _printf_fp_infnan.o
        88          4         40          0          0         88   _printf_hex_int.o
       178          0          0          0          0         88   _printf_intcommon.o
        78          0          0          0          0        108   _printf_pad.o
         0          0          0          0          0          0   _printf_percent.o
         4          0          0          0          0          0   _printf_percent_end.o
         6          0          0          0          0          0   _printf_x.o
        10          0          0          0          0         68   _sputc.o
       220          4        148          0          0         96   bigflt0.o
      1910        128          0          0          0        672   btod.o
        18          0          0          0          0         80   exit.o
         6          0          0          0          0        152   heapauxi.o
         0          0          0          0          0          0   indicate_semi.o
        44         10         28          0          0         76   lc_numeric_c.o
         2          0          0          0          0          0   libinit.o
        22          0          0          0          0          0   libinit2.o
         2          0          0          0          0          0   libshutdown.o
         2          0          0          0          0          0   libshutdown2.o
         8          4          0          0         96         68   libspace.o
       138          0          0          0          0         80   lludiv10.o
        40          6          0          0          0         84   noretval__2sprintf.o
         8          4          0          0          0         68   rt_locale_intlibspace.o
       138          0          0          0          0         68   rt_memcpy_v6.o
       100          0          0          0          0         80   rt_memcpy_w.o
         2          0          0          0          0          0   rtexit.o
        10          0          0          0          0          0   rtexit2.o
       128          0          0          0          0         68   strcmpv7m.o
        12          4          0          0          0         68   sys_exit.o
        74          0          0          0          0         80   sys_stackheap_outer.o
         2          0          0          0          0         68   use_no_semi.o
        10          0          0          0          0        116   fpinit.o
         4          0          0          0          0        116   printf1.o
         0          0          0          0          0          0   usenofp.o
        48          0          0          0          0        124   fpclassify.o

    ----------------------------------------------------------------------
      5100        210        216          0         96       3228   Library Totals
        14          0          0          0          0          0   (incl. Padding)

    ----------------------------------------------------------------------

      Code (inc. data)   RO Data    RW Data    ZI Data      Debug   Library Name

      5024        210        216          0         96       2872   c_w.l
        14          0          0          0          0        232   fz_wm.l
        48          0          0          0          0        124   m_wm.l

    ----------------------------------------------------------------------
      5100        210        216          0         96       3228   Library Totals

    ----------------------------------------------------------------------

==============================================================================


      Code (inc. data)   RO Data    RW Data    ZI Data      Debug   

     17132       1508       2968         68       2092     448506   Grand Totals
     17132       1508       2968         68       2092     448506   ELF Image Totals
     17132       1508       2968         68          0          0   ROM Totals

==============================================================================

    Total RO  Size (Code + RO Data)                20100 (  19.63kB)
    Total RW  Size (RW Data + ZI Data)              2160 (   2.11kB)
    Total ROM Size (Code + RO Data + RW Data)      20168 (  19.70kB)

==============================================================================

